Task completion: INCOMPLETE

14 obligation(s) with non-discriminating test evidence (parse-succeeds-for-every-committed-task-file, region-coverage-case-list-non-empty-test, region-coverage-case-list-stays-within-dogfood-logs-test, no-root-task-file-read-check, no-root-task-file-read, parse-test-inputs-from-committed-task-files, parse-test-one-case-per-committed-task-file, parse-test-nonempty-sections, parse-test-span-roundtrip, region-coverage-case-list-source, region-coverage-case-list-nonempty, region-coverage-case-list-omits-missing-path, no-failures-without-root-task-file, no-root-task-file-dependence).

Obligations:

  1. A test asserts that parsing succeeds for every committed task file under `dogfood-logs/`.
       requirements: completion-02
       code evidence: not required — The requirement explicitly asks for a test assertion, so the test itself is the demanded evidence.
       test evidence: partially supported  [tier: static]
         1.1  tests/requirement/test_task_file.py::test_parses_every_committed_task_file
         recommended test: A test case for each committed task file under `dogfood-logs/` passes when parsing succeeds.
           inputs:  Use a committed corpus with at least two `dogfood-logs/*/current-task.md` files where one file is intentionally omitted from the parametrized list while the others still parse successfully. The omitted file must be a real committed task file so the defect changes the case count, not parsing behavior.
           detects: Parser silently skips one committed file by not including it in the parametrized corpus.
           full detail: acceptance recommendation --criterion parse-succeeds-for-every-committed-task-file

  2. A test asserts that the region-coverage case list is non-empty.
       requirements: completion-03
       code evidence: not required — The requirement is specifically for a test assertion, so only the test is required.
       test evidence: partially supported  [tier: static]
         2.1  tests/requirement/test_region_coverage.py::test_the_corpora_under_test_are_not_empty
         2.2  tests/requirement/test_region_coverage.py::test_the_reproduction_leaves_nothing_unaccounted_for
         2.3  tests/requirement/test_task_file_corpus.py::test_the_corpus_is_not_empty
         recommended test: A test checks that the region-coverage case list contains at least one case.
           inputs:  Use a corpus fixture with exactly one valid `dogfood-logs/*/current-task.md` entry and no others, then assert the region-coverage case list is non-empty and corresponds to that entry. This distinguishes a truly empty list from a stale singleton list.
           detects: The case list contains only one stale path but is still non-empty.
           full detail: acceptance recommendation --criterion region-coverage-case-list-non-empty-test

  3. A test asserts that no path in the region-coverage case list lies outside `dogfood-logs/`.
       requirements: completion-04
       code evidence: not required — The requirement demands a test assertion, so the test is the evidence.
       test evidence: partially supported  [tier: static]
         3.1  tests/requirement/test_region_coverage.py::test_the_repositorys_own_task_files_are_fully_covered
         3.2  tests/requirement/test_task_file_corpus.py::test_a_path_outside_dogfood_logs_is_not_a_case
         3.3  tests/requirement/test_task_file_corpus.py::test_no_corpus_path_lies_outside_dogfood_logs
         recommended test: A test verifies that every path in the region-coverage case list is under `dogfood-logs/`.
           inputs:  Construct a temporary tree with one valid committed file under `dogfood-logs/` and one lookalike file elsewhere inside the tree, then verify the case list includes only the committed path and not the lookalike. The lookalike should be inside the tree but not the exact committed file path.
           detects: The case list includes only dogfood-logs paths but one of them points to the wrong file inside that tree.
           full detail: acceptance recommendation --criterion region-coverage-case-list-stays-within-dogfood-logs-test

  4. A check asserts that no test reads the task file at the repository root.
       requirements: completion-05
       code evidence: not required — The requirement is itself a check/test demand, so the check is the required evidence.
       test evidence: partially supported  [tier: static]
         4.1  tests/test_root_task_file_is_not_read.py::test_no_test_source_reads_the_repository_root_task_file
         4.2  tests/test_root_task_file_is_not_read.py::test_the_pattern_matches_the_call_sites_258_removed
         4.3  tests/test_root_task_file_is_not_read.py::test_the_scan_actually_reads_this_repositorys_tests
         4.4  tests/test_root_task_file_is_not_read.py::test_the_scan_covers_helper_modules_and_conftest_too
         recommended test: A check or test fails if any test reads the repository-root task file.
           inputs:  Scan all test modules, including helper modules and `conftest.py`, for direct joins from repository root to `current-task.md`, and include a deliberately placed offender in a non-`test_*.py` helper file so the scan must cover more than just test files.
           detects: The scan misses a test module that reads the repository-root task file, so offenders is incomplete.
           full detail: acceptance recommendation --criterion no-root-task-file-read-check

  5. No test reads the task file at the repository root.
       requirements: constraint-01
       code evidence: addressed
         5.1  tests/test_root_task_file_is_not_read.py#@@ -0,0 +1,111 @@
         5.2  tests/requirement/test_task_file.py#@@ -89,14 +94,21 @@ def test_roundtrips_through_persistence():
         5.3  tests/requirement/test_region_coverage.py#@@ -43,11 +44,13 @@ def _fixture_files() -> list[Path]:
       test evidence: partially supported  [tier: static]
         5.4  tests/test_root_task_file_is_not_read.py::test_no_test_source_reads_the_repository_root_task_file
         recommended test: Test execution does not access the repository-root task file.
           inputs:  Run the suite in a snapshot where the repository-root `current-task.md` is absent, but a committed `dogfood-logs/*/current-task.md` file exists and is readable. The test must distinguish the root file from committed corpus files.
           detects: A test reads a committed dogfood-logs task file instead of the root file.
           full detail: acceptance recommendation --criterion no-root-task-file-read

  6. The task-file parse test takes its inputs from the committed task files under `dogfood-logs/`.
       requirements: constraint-02
       code evidence: addressed
         6.1  tests/requirement/test_task_file.py#@@ -89,14 +94,21 @@ def test_roundtrips_through_persistence():
         6.2  tests/requirement/corpus.py#@@ -0,0 +1,34 @@
       test evidence: partially supported  [tier: static]
         6.3  tests/requirement/test_task_file.py::test_every_paragraph_of_the_task_section_is_kept
         6.4  tests/requirement/test_task_file.py::test_parses_every_committed_task_file
         6.5  tests/requirement/test_task_file.py::test_scope_exclusions_are_parsed_when_present
         6.6  tests/requirement/test_task_file_corpus.py::test_the_parse_test_enumerates_the_corpus_and_nothing_else
         recommended test: The parse test reads its input cases from committed files under `dogfood-logs/`.
           inputs:  Create a corpus fixture where the committed `dogfood-logs/*/current-task.md` files differ from any hard-coded sample list, so a test using the wrong source would produce a different set of paths or contents. Include at least one file whose content would fail if the test were still using a stale sample.
           detects: The parse test uses committed_task_files() but the committed corpus itself happens to contain the same files as the hard-coded sample list.
           full detail: acceptance recommendation --criterion parse-test-inputs-from-committed-task-files

  7. The parse test runs one case per committed task file.
       requirements: constraint-03
       code evidence: addressed
         7.1  tests/requirement/test_task_file.py#@@ -89,14 +94,21 @@ def test_roundtrips_through_persistence():
       test evidence: partially supported  [tier: static]
         7.2  tests/requirement/test_task_file.py::test_parses_every_committed_task_file
         7.3  tests/requirement/test_task_file_corpus.py::test_each_committed_file_yields_exactly_one_case
         7.4  tests/requirement/test_task_file_corpus.py::test_the_parse_test_enumerates_the_corpus_and_nothing_else
         recommended test: The parse test enumerates exactly one case for each committed task file.
           inputs:  Use a temporary corpus with two committed task files and verify the parse test enumerates exactly two distinct cases in the same order as the corpus helper. The inputs must make a duplicate or missing case observable by count and identity.
           detects: The parse test uses one case per file but in a different order.
           full detail: acceptance recommendation --criterion parse-test-one-case-per-committed-task-file

  8. The parse test asserts, for each case, that the parsed behavior, constraints, and completion expectations are each non-empty.
       requirements: constraint-04
       code evidence: not required — The requirement is specifically that the parse test asserts these conditions, so the test itself is the demanded evidence.
       test evidence: partially supported  [tier: static]
         8.1  tests/requirement/test_task_file.py::test_parses_every_committed_task_file
         8.2  tests/requirement/test_task_file.py::test_spec_example_fields_match_expected
         recommended test: A parse test includes assertions that each case yields non-empty behavior, constraints, and completion expectations.
           inputs:  Use a committed task file whose behavior, constraints, and completion expectations are all present and non-empty, plus a second file where one of those sections is empty or missing if the parser regresses. The test must inspect all three sections separately.
           detects: The parse test asserts only behavior is non-empty and not the other two sections.
           full detail: acceptance recommendation --criterion parse-test-nonempty-sections

  9. The parse test asserts, for each case, that every parsed span reproduces its own text from the source it was parsed from.
       requirements: constraint-05
       code evidence: not required — The requirement asks for a test assertion, so only the test is required evidence.
       test evidence: partially supported  [tier: static]
         9.1  tests/requirement/test_task_file.py::test_a_bullet_wrapped_across_lines_still_has_an_exact_span
         9.2  tests/requirement/test_task_file.py::test_a_table_no_section_claims_is_reported_whole
         9.3  tests/requirement/test_task_file.py::test_every_extracted_item_retains_a_source_reference
         9.4  tests/requirement/test_task_file.py::test_parses_every_committed_task_file
         recommended test: A parse test checks that each parsed span matches the exact source text it came from.
           inputs:  Use a parsed task file with spans whose text is unique and non-repeating, so a wrong source reference or stale span mapping would be detectable by exact slicing. Include spans near section boundaries to ensure the slice indices matter.
           detects: The parser stores correct span text but does not preserve a source reference object elsewhere.
           full detail: acceptance recommendation --criterion parse-test-span-roundtrip

  10. The region-coverage case list is built only from the committed task files under `dogfood-logs/`.
       requirements: constraint-06
       code evidence: addressed
         10.1  tests/requirement/test_region_coverage.py#@@ -43,11 +44,13 @@ def _fixture_files() -> list[Path]:
         10.2  tests/requirement/corpus.py#@@ -0,0 +1,34 @@
       test evidence: partially supported  [tier: static]
         10.3  tests/requirement/test_region_coverage.py::test_the_repositorys_own_task_files_are_fully_covered
         10.4  tests/requirement/test_task_file_corpus.py::test_no_corpus_path_lies_outside_dogfood_logs
         10.5  tests/requirement/test_task_file_corpus.py::test_the_parse_test_enumerates_the_corpus_and_nothing_else
         recommended test: The region-coverage case list is derived exclusively from committed task files under `dogfood-logs/`.
           inputs:  Build a temporary corpus where two committed files exist under `dogfood-logs/`, but one is swapped for another committed file from the same tree. The test must compare the exact expected file identities, not just that all paths are under the tree.
           detects: The case list is built from dogfood-logs but one committed file is replaced by another committed file from the same tree.
           full detail: acceptance recommendation --criterion region-coverage-case-list-source

  11. The region-coverage case list is non-empty.
       requirements: constraint-07
       code evidence: addressed
         11.1  tests/requirement/test_task_file_corpus.py#@@ -0,0 +1,134 @@
       test evidence: partially supported  [tier: static]
         11.2  tests/requirement/test_region_coverage.py::test_a_dropped_region_is_detected_when_the_requirement_count_is_unchanged
         11.3  tests/requirement/test_region_coverage.py::test_the_corpora_under_test_are_not_empty
         11.4  tests/requirement/test_region_coverage.py::test_the_reproduction_leaves_nothing_unaccounted_for
         11.5  tests/requirement/test_task_file_corpus.py::test_each_committed_file_yields_exactly_one_case
         11.6  tests/requirement/test_task_file_corpus.py::test_the_corpus_is_not_empty
         recommended test: The region-coverage case list contains at least one case.
           inputs:  Use a corpus fixture with exactly one committed task file and verify the region-coverage case list contains that file. This distinguishes a truly empty list from a list that is merely too small.
           detects: The case list contains at least one case but misses many others.
           full detail: acceptance recommendation --criterion region-coverage-case-list-nonempty

  12. The region-coverage case list omits a path that is not present in the tree.
       requirements: constraint-08
       code evidence: addressed
         12.1  tests/requirement/test_task_file_corpus.py#@@ -0,0 +1,134 @@
       test evidence: partially supported  [tier: static]
         12.2  tests/requirement/test_task_file_corpus.py::test_an_entry_whose_target_is_missing_is_omitted
         recommended test: The region-coverage case list excludes at least one path that is absent from the tree.
           inputs:  Create a temporary `dogfood-logs/` tree with one real committed file and one dangling symlink or missing target path that would be yielded by a buggy path collector. The missing path must be present in the tree structure but absent as a real file.
           detects: The case list omits a missing path but also omits a valid path.
           full detail: acceptance recommendation --criterion region-coverage-case-list-omits-missing-path

  13. A test run reports no failures when no task file is present at the repository root.
       requirements: constraint-09
       code evidence: addressed
         13.1  tests/test_suite_shape_without_root_task_file.py#@@ -0,0 +1,142 @@
       test evidence: partially supported  [tier: static]
         13.2  tests/requirement/test_task_file_corpus.py::test_the_repository_root_task_file_is_not_a_case
         13.3  tests/test_suite_shape_without_root_task_file.py::test_collection_is_identical_with_and_without_the_root_task_file
         13.4  tests/test_suite_shape_without_root_task_file.py::test_the_tests_that_read_it_pass_when_it_is_absent
         recommended test: Running the test suite without a repository-root task file produces a no-failures result.
           inputs:  Run the affected subset of tests in a snapshot where the repository-root `current-task.md` is absent, while the committed corpus under `dogfood-logs/` remains present. The run must include the tests that previously read the root file.
           detects: The suite passes without the root file but one unrelated test is skipped.
           full detail: acceptance recommendation --criterion no-failures-without-root-task-file

  14. The parse test's documentation states which inputs it covers.
       requirements: constraint-10
       code evidence: addressed
         14.1  tests/requirement/test_task_file.py#@@ -89,14 +94,21 @@ def test_roundtrips_through_persistence():
       test evidence: not required — This is a documentation requirement satisfied by the source text of the docs, not by runtime behavior.

  15. The change does not address whether the task file at the repository root is tracked by version control.
       requirements: exclusion-01
       code evidence: addressed
         examined 8 changes across 6 files; none breaches this boundary
       test evidence: not required — This is a scope exclusion about work not to do, which is settled by the source change itself.

  16. The change does not alter how a task file is parsed into sections.
       requirements: exclusion-02
       code evidence: addressed
         examined 8 changes across 6 files; none breaches this boundary
       test evidence: not required — This scope exclusion is satisfied by the source change itself showing that section parsing was not part of the delivered work.

  17. The change does not alter how region coverage is computed.
       requirements: exclusion-03
       code evidence: addressed
         examined 8 changes across 6 files; none breaches this boundary
       test evidence: not required — This scope exclusion is satisfied by the source change itself showing that region-coverage computation was not part of the delivered work.

  18. The change does not alter which sections a task file is required to contain.
       requirements: exclusion-04
       code evidence: addressed
         examined 8 changes across 6 files; none breaches this boundary
       test evidence: not required — This scope exclusion is satisfied by the source change itself showing that required-section rules were not part of the delivered work.

  19. The change does not alter the content of the committed task files.
       requirements: exclusion-05
       code evidence: addressed
         examined 8 changes across 6 files; none breaches this boundary
       test evidence: not required — This scope exclusion is satisfied by the source change itself showing that committed task-file content was not part of the delivered work.

  20. No test's outcome or case list depends on the task file at the repository root, which is a scratch input rewritten for every task.
       requirements: task-01
       code evidence: addressed
         20.1  tests/requirement/test_task_file.py#@@ -89,14 +94,21 @@ def test_roundtrips_through_persistence():
         20.2  tests/requirement/test_region_coverage.py#@@ -43,11 +44,13 @@ def _fixture_files() -> list[Path]:
         20.3  tests/test_suite_shape_without_root_task_file.py#@@ -0,0 +1,142 @@
       test evidence: partially supported  [tier: static]
         20.4  tests/requirement/test_task_file_corpus.py::test_the_repository_root_task_file_is_not_a_case
         20.5  tests/test_suite_shape_without_root_task_file.py::test_collection_is_identical_with_and_without_the_root_task_file
         recommended test: tests whose results or enumerated cases vary based on the repository-root task file
           inputs:  Run collection and/or execution twice on the same snapshot, once with the root `current-task.md` absent and once with it present, while keeping all committed `dogfood-logs/` files unchanged. The inputs must make any root-file-driven change in case count, ids, or outcomes observable.
           detects: The root file is read but only to compute a value that does not affect collection or outcomes in the tested snapshots.
           full detail: acceptance recommendation --criterion no-root-task-file-dependence

Mandate coverage: 20 of 21 requirements yielded obligations
  1 deliberately declined, taken at face value and not counted against coverage
  1. [no_obligation] completion-01: Implementation
       reason: Section marker only; it names the implementation section without adding a checkable requirement.

Unrequested changes:
  1. [in_service] The new root-task-file guard scans every Python file under tests, including non-test helper modules and conftest files, and asserts on regex-matched source lines. The obligations require preventing reads of the repository-root task file, but they do not call for this broad static source scan or its specific inclusion/exclusion rules.
       tests/test_root_task_file_is_not_read.py#@@ -0,0 +1,111 @@
  2. [in_service] The new suite-shape test runs subprocess pytest collections against a copied repository snapshot and compares collected node ids with and without a root task file. The obligations require that no test outcome or case list depends on the root task file, but they do not require this expensive snapshot-based end-to-end comparison or the added environment/cwd machinery.
       tests/test_suite_shape_without_root_task_file.py#@@ -0,0 +1,142 @@
  3. [in_service] The new corpus helper filters `dogfood-logs/*/current-task.md` with `is_file()` and documents symlink/missing-target behavior. The obligations require the committed-task-file corpus to be built from committed task files and to omit missing paths, but they do not require this extra helper module or its specific filesystem semantics commentary.
       tests/requirement/corpus.py#@@ -0,0 +1,34 @@

Changes since a752f82c:
  moved:
    - A test asserts that parsing succeeds for every committed task file under `dogfood-logs/`.
        test evidence: strongly supported -> partially supported
    - No test reads the task file at the repository root.
        test evidence: indeterminate -> partially supported
    - A test run reports no failures when no task file is present at the repository root.
        test evidence: unsupported -> partially supported
    - No test's outcome or case list depends on the task file at the repository root, which is a scratch input rewritten for every task.
        test evidence: unsupported -> partially supported

Evidence limitations:
  1. Judgments are static inferences unless a higher tier is recorded; the full application was not independently executed.

Next: retrieve a criterion's full recommendation with
  acceptance recommendation --criterion <id>
