Task completion: INCOMPLETE

8 obligation(s) with non-discriminating test evidence (keep-stage-answer-format-stable-within-run, offer-reusable-request-when-provider-can-reuse, answer-identifies-item-by-request-id, test-fails-on-inconsistent-answer-formats, test-fails-on-unasked-item-judgement, test-fails-on-underfilled-answer, test-fails-on-withheld-conclusion-condition, byte-identical-review-state-and-report-output).

Obligations:

  1. Each stage's answer format stays the same across a review run.
       requirements: task-01, constraint-01
       code evidence: addressed
         1.1  src/acceptance/evidence/mapping.py#@@ -175,25 +175,47 @@ def map_tests_to_obligations(
         1.2  tests/test_supplied_ids.py#@@ -276,9 +276,21 @@ def test_a_clean_mapping_records_nothing_and_keeps_its_negative_answers():
         1.3  tests/test_supplied_ids.py#@@ -286,14 +298,72 @@ def test_each_partition_constrains_test_ids_to_its_own_batch():
       test evidence: partially supported  [tier: static]
         1.4  tests/evidence/test_mapping.py::test_changing_the_batch_size_changes_every_request_key
         1.5  tests/evidence/test_mapping.py::test_each_batch_is_recorded_as_its_own_request
         1.6  tests/evidence/test_mapping.py::test_two_batches_of_one_run_offer_the_provider_the_same_reusable_opening
         1.7  tests/test_supplied_ids.py::test_every_batch_of_a_stage_asks_for_the_identical_schema
         recommended test: Every call a stage makes within one run declares the same answer format.
           inputs:  Use a partitioned mapping-stage run with at least two batches in the same run, where the batches have different candidate tests but identical obligations. Capture both the prompt opening and the response_format/schema for each call. The inputs must make a batch-dependent prompt-opening or request-key change observable even when the schema stays stable.
           detects: The stage keeps the schema stable but changes the prompt opening or request key in a batch-dependent way, preventing request reuse.
           full detail: acceptance recommendation --criterion keep-stage-answer-format-stable-within-run

  2. A provider able to reuse a repeated request is offered one.
       requirements: task-01
       code evidence: addressed
         2.1  src/acceptance/evidence/mapping.py#@@ -175,25 +175,47 @@ def map_tests_to_obligations(
         2.2  docs/DR-302-per-batch-id-enum.md#@@ -0,0 +1,260 @@
       test evidence: partially supported  [tier: static]
         2.3  tests/evidence/test_mapping.py::test_every_test_is_judged_against_every_obligation_across_the_calls
         2.4  tests/evidence/test_mapping.py::test_the_tests_are_split_across_several_calls
         2.5  tests/evidence/test_mapping.py::test_two_batches_of_one_run_offer_the_provider_the_same_reusable_opening
         2.6  tests/test_supplied_ids.py::test_every_batch_of_a_stage_asks_for_the_identical_schema
         recommended test: When a provider can reuse a repeated request, the system offers that reusable request.
           inputs:  Use two mapping-stage calls whose messages are identical in the reusable prefix and whose schema is identical, with only batch-specific candidate tests differing after the shared opening. Capture the exact request payload sent to the provider, including any metadata beyond schema/messages that could affect cache reuse.
           detects: The stage sends the same schema but changes some unrelated request metadata so the provider still cannot reuse the request.
           full detail: acceptance recommendation --criterion offer-reusable-request-when-provider-can-reuse

  3. An answer says which item it is about, naming that item by the identifier the request gave it.
       requirements: constraint-02
       code evidence: addressed
         3.1  src/acceptance/evidence/mapping.py#@@ -175,25 +175,47 @@ def map_tests_to_obligations(
         3.2  src/acceptance/requirement/linking.py#@@ -525,9 +525,27 @@ def link_duplicate_obligations(
         3.3  tests/test_supplied_ids.py#@@ -286,14 +298,72 @@ def test_each_partition_constrains_test_ids_to_its_own_batch():
       test evidence: partially supported  [tier: static]
         3.4  tests/evidence/test_mapping.py::test_a_batch_may_not_answer_for_a_test_outside_it
         3.5  tests/evidence/test_mapping.py::test_a_test_can_map_to_multiple_obligations
         3.6  tests/evidence/test_mapping.py::test_a_test_maps_to_the_obligation_it_evidences
         3.7  tests/evidence/test_mapping.py::test_apply_test_mapping_populates_test_evidence
         3.8  tests/evidence/test_mapping.py::test_the_instruction_requires_every_overlapping_obligation_not_the_closest
         3.9  tests/evidence/test_mapping.py::test_the_per_call_results_are_merged
         3.10  tests/evidence/test_mapping.py::test_unknown_ids_are_dropped
         3.11  tests/requirement/test_linking.py::test_one_requirement_stated_in_two_sections_yields_one_obligation_linked_to_both
         3.12  tests/test_supplied_ids.py::test_a_clean_mapping_records_nothing_and_keeps_its_negative_answers
         3.13  tests/test_supplied_ids.py::test_the_pipeline_reports_an_unusable_answer_naming_the_stage_and_the_id
         recommended test: Each answer includes the item identifier supplied by the request and uses it to identify the item being answered about.
           inputs:  Use a mapping or linking response containing the item identifier in the request and a parsed result object that would otherwise still merge correctly if the identifier were dropped from the object. The input should include multiple items so internal merging would still succeed even if the parsed result omits the request id field.
           detects: The mapper drops the request id from the parsed result object but still uses it internally to merge evidence.
           full detail: acceptance recommendation --criterion answer-identifies-item-by-request-id

  4. An item a call asked about, which its answer passes over, is recorded as an answer not obtained.
       requirements: constraint-03
       code evidence: addressed
         4.1  src/acceptance/evidence/mapping.py#@@ -214,6 +249,25 @@ def map_tests_to_obligations(
         4.2  src/acceptance/requirement/linking.py#@@ -535,6 +553,22 @@ def link_duplicate_obligations(
         4.3  tests/test_supplied_ids.py#@@ -286,14 +298,72 @@ def test_each_partition_constrains_test_ids_to_its_own_batch():
         4.4  tests/support.py#@@ -79,6 +79,48 @@ def _fake_response(content: str, usage: dict | None = None) -> SimpleNamespace:
         4.5  tests/support.py#@@ -232,6 +274,31 @@ def _completed(response: dict, **kwargs) -> dict:
       test evidence: strongly supported  [tier: static]
         4.6  tests/evidence/test_mapping.py::test_a_batch_may_not_answer_for_a_test_outside_it
         4.7  tests/evidence/test_mapping.py::test_a_test_evidencing_nothing_leaves_obligations_unmapped
         4.8  tests/evidence/test_mapping.py::test_archetype_1_unmapped_obligations_are_flagged
         4.9  tests/evidence/test_mapping.py::test_no_candidate_tests_makes_no_model_call_and_flags_all_unmapped
         4.10  tests/evidence/test_mapping.py::test_the_instruction_requires_every_overlapping_obligation_not_the_closest
         4.11  tests/evidence/test_mapping.py::test_the_per_call_results_are_merged
         4.12  tests/requirement/test_linking.py::test_an_unsupplied_obligation_id_is_recorded_rather_than_silently_dropped
         4.13  tests/test_supplied_ids.py::test_a_foreign_obligation_id_is_recorded_not_silently_dropped
         4.14  tests/test_supplied_ids.py::test_a_test_the_response_passes_over_is_recorded_as_unanswered
         4.15  tests/test_supplied_ids.py::test_a_usable_judgment_survives_an_unusable_one_in_the_same_response
         4.16  tests/test_supplied_ids.py::test_an_obligation_is_indeterminate_not_unmapped_when_an_answer_was_unusable
         4.17  tests/test_supplied_ids.py::test_an_unusable_answer_leaves_the_obligation_indeterminate
         4.18  tests/test_supplied_ids.py::test_the_pipeline_reports_an_unusable_answer_naming_the_stage_and_the_id
         4.19  tests/test_supplied_ids.py::test_the_schema_asked_for_differs_from_the_shape_parsed

  5. An answer naming an item its call did not ask about is recorded as an answer not obtained, and is never read as a judgement about any item.
       requirements: constraint-04
       code evidence: addressed
         5.1  src/acceptance/evidence/mapping.py#@@ -175,25 +175,47 @@ def map_tests_to_obligations(
         5.2  src/acceptance/requirement/linking.py#@@ -525,9 +525,27 @@ def link_duplicate_obligations(
         5.3  tests/support.py#@@ -79,6 +79,48 @@ def _fake_response(content: str, usage: dict | None = None) -> SimpleNamespace:
       test evidence: strongly supported  [tier: static]
         5.4  tests/evidence/test_mapping.py::test_a_batch_may_not_answer_for_a_test_outside_it
         5.5  tests/evidence/test_mapping.py::test_a_test_evidencing_nothing_leaves_obligations_unmapped
         5.6  tests/evidence/test_mapping.py::test_the_instruction_requires_every_overlapping_obligation_not_the_closest
         5.7  tests/requirement/test_linking.py::test_an_unsupplied_obligation_id_is_recorded_rather_than_silently_dropped
         5.8  tests/test_supplied_ids.py::test_a_foreign_obligation_id_is_recorded_not_silently_dropped
         5.9  tests/test_supplied_ids.py::test_a_usable_judgment_survives_an_unusable_one_in_the_same_response
         5.10  tests/test_supplied_ids.py::test_an_obligation_is_indeterminate_not_unmapped_when_an_answer_was_unusable
         5.11  tests/test_supplied_ids.py::test_scan_finds_ids_that_were_never_supplied
         5.12  tests/test_supplied_ids.py::test_the_pipeline_reports_an_unusable_answer_naming_the_stage_and_the_id
         5.13  tests/test_supplied_ids.py::test_the_schema_asked_for_differs_from_the_shape_parsed

  6. A conclusion that holds only if every item was judged is withheld for a run in which some answer was not obtained.
       requirements: constraint-05
       code evidence: addressed
         6.1  src/acceptance/evidence/mapping.py#@@ -214,6 +249,25 @@ def map_tests_to_obligations(
         6.2  tests/support.py#@@ -232,6 +274,31 @@ def _completed(response: dict, **kwargs) -> dict:
         6.3  tests/test_supplied_ids.py#@@ -286,14 +298,72 @@ def test_each_partition_constrains_test_ids_to_its_own_batch():
       test evidence: strongly supported  [tier: static]
         6.4  tests/evidence/test_mapping.py::test_archetype_1_unmapped_obligations_are_flagged
         6.5  tests/evidence/test_mapping.py::test_no_candidate_tests_makes_no_model_call_and_flags_all_unmapped
         6.6  tests/evidence/test_mapping.py::test_the_instruction_requires_every_overlapping_obligation_not_the_closest
         6.7  tests/test_supplied_ids.py::test_a_review_holding_an_unusable_answer_does_not_come_back_clean
         6.8  tests/test_supplied_ids.py::test_a_test_the_response_passes_over_is_recorded_as_unanswered
         6.9  tests/test_supplied_ids.py::test_an_obligation_is_indeterminate_not_unmapped_when_an_answer_was_unusable
         6.10  tests/test_supplied_ids.py::test_an_unusable_answer_leaves_the_obligation_indeterminate

  7. An identifier drawn from a set that is the same for every call of a run stays restricted to that set.
       requirements: constraint-06
       code evidence: addressed
         7.1  src/acceptance/evidence/mapping.py#@@ -175,25 +175,47 @@ def map_tests_to_obligations(
         7.2  docs/DR-302-per-batch-id-enum.md#@@ -0,0 +1,260 @@
         7.3  tests/test_supplied_ids.py#@@ -276,9 +276,21 @@ def test_a_clean_mapping_records_nothing_and_keeps_its_negative_answers():
       test evidence: strongly supported  [tier: static]
         7.4  tests/evidence/test_mapping.py::test_every_test_is_judged_against_every_obligation_across_the_calls
         7.5  tests/evidence/test_mapping.py::test_the_instruction_requires_every_overlapping_obligation_not_the_closest
         7.6  tests/evidence/test_mapping.py::test_unknown_ids_are_dropped
         7.7  tests/requirement/test_linking.py::test_one_requirement_stated_in_two_sections_yields_one_obligation_linked_to_both
         7.8  tests/test_supplied_ids.py::test_a_foreign_id_does_not_validate_against_the_constrained_schema
         7.9  tests/test_supplied_ids.py::test_a_list_valued_id_field_constrains_its_items
         7.10  tests/test_supplied_ids.py::test_a_single_supplied_id_is_still_sent_as_an_enum
         7.11  tests/test_supplied_ids.py::test_a_union_of_item_shapes_constrains_every_member
         7.12  tests/test_supplied_ids.py::test_supplied_ids_become_an_enum_on_the_field_the_model_sees

  8. The change does not alter what any stage is asked, or the judgement it is asked to make.
       requirements: exclusion-01
       code evidence: addressed
         examined 15 changes across 7 files; none breaches this boundary
       test evidence: not required — This is a scope exclusion about work not being done, so the source change itself is the evidence.

  9. The change does not alter which stages exist, how a stage divides its work across calls, or how large those divisions are.
       requirements: exclusion-02
       code evidence: addressed
         examined 15 changes across 7 files; none breaches this boundary
       test evidence: not required — This is a scope exclusion about work not being added, so it is settled by inspecting the source change.

  10. The change does not alter the order in which a request carries its content.
       requirements: exclusion-03
       code evidence: addressed
         examined 15 changes across 7 files; none breaches this boundary
       test evidence: not required — This is a scope exclusion about preserving the absence of ordering changes, which is visible in the source diff.

  11. The change does not alter the answer format of calls whose shared opening is shorter than the shortest one the provider in use can reuse.
       requirements: exclusion-04
       code evidence: addressed
         examined 15 changes across 7 files; none breaches this boundary
       test evidence: not required — This is a scope exclusion about work not being done, which is settled by inspecting the change itself.

  12. The change does not alter reporting tokens, cost, or reused-token share, which a run already reports.
       requirements: exclusion-05
       code evidence: addressed
         examined 15 changes across 7 files; none breaches this boundary
       test evidence: not required — This scope exclusion is satisfied by not changing already-reported metrics, which can be checked directly in the source.

  13. The change excludes model calls issued by the measurement harness from the review run scope.
       requirements: exclusion-06
       code evidence: addressed
         examined 15 changes across 7 files; none breaches this boundary
       test evidence: not required — This is a scope exclusion: the delivered source must reflect that harness-issued calls are outside the review run, and no test can directly demonstrate an excluded work item was not done.

  14. A test fails when two calls of one stage, whose shared opening the provider in use could reuse, declare different answer formats.
       requirements: completion-02
       code evidence: not required — The requirement itself demands a test failure case, so the obligation is satisfied by the test alone.
       test evidence: unsupported  [tier: static]
         (no mapped test)
         recommended test: A test case showing two reusable-prefix calls from one stage with different answer formats fails.
           inputs:  No additional test recommendation: the current evidence already covers the relevant inconsistency class through the reusable-request/schema stability checks and the added mapping test that compares schemas across batches.
           detects: A test case showing two reusable-prefix calls from one stage with different answer formats fails.
           full detail: acceptance recommendation --criterion test-fails-on-inconsistent-answer-formats

  15. A test fails when an answer naming an item its call did not ask about is read as a judgement about an item.
       requirements: completion-03
       code evidence: not required — The requirement is explicitly about a test asserting the failure condition, so only the test is required.
       test evidence: unsupported  [tier: static]
         (no mapped test)
         recommended test: A test case covers an answer that names an unasked item and the test reports failure when that answer is treated as a judgement.
           inputs:  No additional test recommendation: the current evidence already covers the relevant class by checking that only asked-about items are recorded and that foreign ids are treated as unusable answers.
           detects: A test case covers an answer that names an unasked item and the test reports failure when that answer is treated as a judgement.
           full detail: acceptance recommendation --criterion test-fails-on-unasked-item-judgement

  16. A test fails when an item a call asked about is passed over by the answer and read as a judgement about that item.
       requirements: completion-04
       code evidence: not required — The requirement itself demands a test failure case, so the obligation is satisfied by the test alone.
       test evidence: unsupported  [tier: static]
         (no mapped test)
         recommended test: A test case showing an omitted asked-about item being treated as judged fails.
           inputs:  No additional test recommendation: the current evidence already covers omitted asked-about items via the new unanswered-test and unanswered-pair tests.
           detects: A test case showing an omitted asked-about item being treated as judged fails.
           full detail: acceptance recommendation --criterion test-fails-on-underfilled-answer

  17. A test fails when a conclusion depending on every item having been judged is stated for a run in which some answer was not obtained.
       requirements: completion-05
       code evidence: not required — The requirement is a demand for a test of the failure condition, so the test is the whole evidence required.
       test evidence: unsupported  [tier: static]
         (no mapped test)
         recommended test: A test case presents a run with an answer not obtained and the test reports failure if the conclusion is still stated.
           inputs:  No additional test recommendation: the current evidence already covers the withheld-conclusion/indeterminate path by recording unusable answers and asserting the resulting state.
           detects: A test case presents a run with an answer not obtained and the test reports failure if the conclusion is still stated.
           full detail: acceptance recommendation --criterion test-fails-on-withheld-conclusion-condition

  18. Two recorded runs over the same input produce byte-identical review state and byte-identical report output.
       requirements: completion-06
       code evidence: addressed
         18.1  src/acceptance/evidence/mapping.py#@@ -214,6 +249,25 @@ def map_tests_to_obligations(
         18.2  src/acceptance/requirement/linking.py#@@ -535,6 +553,22 @@ def link_duplicate_obligations(
       test evidence: partially supported  [tier: static]
         18.3  tests/evidence/test_mapping.py::test_repeating_a_run_reuses_the_recorded_batches
         18.4  tests/evidence/test_mapping.py::test_the_merged_mapping_does_not_depend_on_the_order_the_tests_arrive_in
         18.5  tests/requirement/test_link_prefilter.py::test_two_runs_over_the_same_obligation_set_choose_the_same_pairs
         18.6  tests/requirement/test_linking.py::test_the_same_derived_obligations_produce_the_same_links
         18.7  tests/test_supplied_ids.py::test_scan_reports_each_unusable_id_once
         recommended test: Two recorded runs over the same input yield identical bytes for both review state and report output.
           inputs:  Use the same input corpus and run the full review twice, capturing both serialized review state bytes and human-readable report output bytes from each run. The inputs must be deterministic and identical across runs, with no dependence on timestamps or ordering artifacts.
           detects: The review state is identical but the human-readable report text varies between runs.
           full detail: acceptance recommendation --criterion byte-identical-review-state-and-report-output

Mandate coverage: 18 of 19 requirements yielded obligations
  1 deliberately declined, taken at face value and not counted against coverage
  1. [no_obligation] completion-01: Implementation
       reason: The bullet is a section marker standing alone with no requirement under it.

Unrequested changes:
  1. [in_service] Adds a new decision record documenting and justifying the design change, but none of the listed obligations require documentation or a DR file.
       docs/DR-302-per-batch-id-enum.md#@@ -0,0 +1,260 @@
  2. [in_service] Changes mapping so `test_id` is no longer constrained in the schema and adds new handling for missing/duplicate answers; the obligations require stable answer format, recording passed-over items, and withholding conclusions, but do not require removing the per-batch `test_id` enum or changing duplicate-answer handling in mapping.
       src/acceptance/evidence/mapping.py#@@ -175,25 +175,47 @@ def map_tests_to_obligations(
       src/acceptance/evidence/mapping.py#@@ -202,7 +224,20 @@ def map_tests_to_obligations(
       src/acceptance/evidence/mapping.py#@@ -214,6 +249,25 @@ def map_tests_to_obligations(
  3. [in_service] Changes linking to record duplicate and missing `pair_id` verdicts as unusable answers instead of silently continuing; the obligations mention only answer-not-obtained behavior in general and do not call for altering linking's duplicate-handling semantics.
       src/acceptance/requirement/linking.py#@@ -525,9 +525,27 @@ def link_duplicate_obligations(
       src/acceptance/requirement/linking.py#@@ -535,6 +553,22 @@ def link_duplicate_obligations(
  4. [in_service] Updates benchmark test doubles to derive candidate tests from prompts and to synthesize full responses for empty mappings/verdicts, which changes test-double behavior beyond what the obligations require.
       tests/benchmark/degenerate_judges.py#@@ -40,6 +40,7 @@ from acceptance.config import DEFAULT_EMBEDDING_MODEL, DEFAULT_MODEL
       tests/benchmark/degenerate_judges.py#@@ -115,7 +116,15 @@ def degenerate_client(obligations: list[dict], *, always_strong: bool) -> ModelC
       tests/support.py#@@ -79,6 +79,48 @@ def _fake_response(content: str, usage: dict | None = None) -> SimpleNamespace:
       tests/support.py#@@ -232,6 +274,31 @@ def _completed(response: dict, **kwargs) -> dict:
  5. [in_service] Adds and rewrites tests around schema stability, missing answers, and duplicate judgments; the obligations require tests for inconsistent answer formats, unasked-item judgement, underfilled answers, withheld conclusions, and byte-identical outputs, but not these specific new test cases or their supporting assertions.
       tests/evidence/test_mapping.py#@@ -8,6 +8,7 @@ A client that raises proves the no-candidate-tests path takes no model call.
       tests/evidence/test_mapping.py#@@ -18,7 +19,12 @@ from acceptance.evidence.discovery import DiscoveredTest, DiscoveryReason, disco
       tests/evidence/test_mapping.py#@@ -480,3 +486,68 @@ def test_archetype_1_unmapped_obligations_are_flagged(tmp_path):
       tests/test_supplied_ids.py#@@ -276,9 +276,21 @@ def test_a_clean_mapping_records_nothing_and_keeps_its_negative_answers():
       tests/test_supplied_ids.py#@@ -286,14 +298,72 @@ def test_each_partition_constrains_test_ids_to_its_own_batch():

Evidence limitations:
  1. Judgments are static inferences unless a higher tier is recorded; the full application was not independently executed.

Next: retrieve a criterion's full recommendation with
  acceptance recommendation --criterion <id>run 52135198aff8a6e1
  continuing 094ddce626d72e7f
  continue this run with: --continue 52135198aff8a6e1
Model usage by stage:
  stage                                           calls  prompt  output  cached  this run  recorded
  ----------------------------  -----------------------  ------  ------  ------  --------  --------
  obligation linking            1 (0 live / 1 replayed)     776       0       —   $0.0000   $0.0000
  test-to-obligation mapping    7 (0 live / 7 replayed)  27,800   5,253    0.0%   $0.0000   $0.0445
  discrimination judgment       1 (0 live / 1 replayed)   6,758   1,045    0.0%   $0.0000   $0.0098
  coverage classification       1 (0 live / 1 replayed)  11,111   1,206    0.0%   $0.0000   $0.0138
  unrequested-change detection  1 (0 live / 1 replayed)  10,629     497    0.0%   $0.0000   $0.0102
  test recommendation           1 (0 live / 1 replayed)  10,246   1,762    0.0%   $0.0000   $0.0156
  this run spent $0.0000 on 0 live call(s); the evidence cost $0.0939 to record (12 call(s) replayed at no cost to this run)

