Requirements: 34   with obligations: 33   deliberately none: 1   unaccounted for: 0

[task-01] DR-202 decision 3 gives a requirement exactly one of three dispositions, each
    carrying something: yielded obligations, deliberately yields none with a reason, or
    raised an open question instead. The implementation added a fourth, `UNDISPOSED`,
    carrying none of them, and reached it two ways: a response that never mentioned a
    requirement, and a response that labelled a requirement `yielded` while naming no
    obligations.
    -> obl-three-dispositions-only  [invariant/explicit]   (also serves task-03, constraint-01, exclusion-01, exclusion-02, exclusion-04, exclusion-05, exclusion-06, completion-02)
       Requirement dispositions are limited to exactly three cases: yielded obligations,
       no obligations needed with a reason, or an open question that prevents an answer.
    -> obl-no-undisposed  [invariant/explicit]   (also serves constraint-02)
       The disposition set excludes any UNDISPOSED value.
    -> obl-yielded-empty-ids-reject  [error_handling/explicit]   (also serves constraint-07, completion-03)
       A response labelling a requirement yielded while naming no obligation id fails to
       parse.

[task-02] Both are malformed responses, and both are currently absorbed as soft
    findings. `_requirement_map` discards the reason the response supplied, substitutes
    a diagnostic string of its own, and lets the run continue to a verdict on an answer
    that did not account for the mandate.
    -> obl-preserve-decline-reason  [invariant/explicit]   (also serves constraint-13)
       The reason supplied for declining a requirement is preserved rather than replaced
       by a diagnostic string.
    -> obl-rejected-produces-no-map  [error_handling/explicit]   (also serves constraint-11, exclusion-03, completion-06)
       A rejected response produces no RequirementMap.

[task-03] The registry of requirements is derived deterministically from the parse, and
    the code iterates over that registry. Dropping a requirement is therefore not a
    possible outcome — the only possible bad outcome is a response of poor quality. Make
    that true in the types: every requirement carries one of exactly three dispositions,
    each structurally required to carry its own payload, and a response that fails to
    account for every requirement does not parse. Remove the fourth disposition
    entirely.
    -> obl-three-dispositions-only  [invariant/explicit]   (also serves task-01, constraint-01, exclusion-01, exclusion-02, exclusion-04, exclusion-05, exclusion-06, completion-02)
       Requirement dispositions are limited to exactly three cases: yielded obligations,
       no obligations needed with a reason, or an open question that prevents an answer.
    -> obl-discriminated-union  [functional/explicit]   (also serves constraint-03)
       _RequirementDisposition is modeled as a discriminated union keyed by its
       disposition field.
    -> obl-yielded-needs-obligation-id  [boundary/explicit]   (also serves constraint-04)
       A yielded disposition carries at least one obligation id.
    -> obl-no-obligation-needs-reason  [boundary/explicit]   (also serves constraint-05)
       A no_obligation disposition carries a non-empty reason.
    -> obl-open-question-needs-question-id  [boundary/explicit]   (also serves constraint-06)
       An open_question disposition carries at least one open-question id.
    -> obl-registry-completeness-enforced-at-parse  [error_handling/explicit]   (also serves exclusion-03)
       A response that fails to account for every requirement does not parse.
    -> obl-remove-undisposed-codepaths  [regression/explicit]   (also serves completion-07)
       The UNDISPOSED value and every code path that assigns it are removed.

[constraint-01] A requirement disposition is one of exactly three: yielded obligations,
    no obligations needed with a reason, or an open question that prevents an answer.
    -> obl-three-dispositions-only  [invariant/explicit]   (also serves task-01, task-03, exclusion-01, exclusion-02, exclusion-04, exclusion-05, exclusion-06, completion-02)
       Requirement dispositions are limited to exactly three cases: yielded obligations,
       no obligations needed with a reason, or an open question that prevents an answer.

[constraint-02] `Disposition` has no `UNDISPOSED` value.
    -> obl-no-undisposed  [invariant/explicit]   (also serves task-01)
       The disposition set excludes any UNDISPOSED value.

[constraint-03] `_RequirementDisposition` is a discriminated union on its disposition
    field.
    -> obl-discriminated-union  [functional/explicit]   (also serves task-03)
       _RequirementDisposition is modeled as a discriminated union keyed by its
       disposition field.

[constraint-04] A `yielded` disposition carries at least one obligation id.
    -> obl-yielded-needs-obligation-id  [boundary/explicit]   (also serves task-03)
       A yielded disposition carries at least one obligation id.

[constraint-05] A `no_obligation` disposition carries a reason that is not empty.
    -> obl-no-obligation-needs-reason  [boundary/explicit]   (also serves task-03)
       A no_obligation disposition carries a non-empty reason.

[constraint-06] An `open_question` disposition carries at least one open-question id.
    -> obl-open-question-needs-question-id  [boundary/explicit]   (also serves task-03)
       An open_question disposition carries at least one open-question id.

[constraint-07] A response labelling a requirement `yielded` while naming no obligation
    id fails to parse.
    -> obl-yielded-empty-ids-reject  [error_handling/explicit]   (also serves task-01, completion-03)
       A response labelling a requirement yielded while naming no obligation id fails to
       parse.

[constraint-08] A response labelling a requirement `no_obligation` with an empty reason
    fails to parse.
    -> obl-no-obligation-empty-reason-reject  [error_handling/explicit]   (also serves completion-04)
       A response labelling a requirement no_obligation with an empty reason fails to
       parse.

[constraint-09] A response that omits any requirement in the registry is rejected.
    -> obl-missing-requirement-reject  [error_handling/explicit]   (also serves completion-05)
       A response that omits any requirement in the registry is rejected.

[constraint-10] A response that names a requirement id absent from the registry is
    rejected.
    -> obl-unknown-requirement-reject  [error_handling/explicit]
       A response that names a requirement id absent from the registry is rejected.

[constraint-11] A rejected response produces no `RequirementMap`.
    -> obl-rejected-produces-no-map  [error_handling/explicit]   (also serves task-02, exclusion-03, completion-06)
       A rejected response produces no RequirementMap.

[constraint-12] The JSON schema sent to the model cannot express a `yielded` disposition
    with zero obligation ids.
    -> obl-schema-rejects-zero-yielded-ids  [compatibility/explicit]
       The JSON schema sent to the model cannot express a yielded disposition with zero
       obligation ids.

[constraint-13] The reason a response supplies for declining a requirement is preserved
    rather than replaced by a diagnostic string.
    -> obl-preserve-decline-reason  [invariant/explicit]   (also serves task-02)
       The reason supplied for declining a requirement is preserved rather than replaced
       by a diagnostic string.

[constraint-14] Typed schemas are pydantic models, as the rest of the repository defines
    them.
    -> obl-pydantic-schemas  [compatibility/explicit]
       Typed schemas are implemented as pydantic models.

[constraint-15] Tests issue no live model calls.
    -> obl-tests-no-live-model-calls  [regression/explicit]
       Tests issue no live model calls.

[exclusion-01] The decomposer declining to yield obligations for scope exclusions,
    against the instruction already in the decompose prompt. That is a prompt defect
    tracked separately and costs a transcript re-record.
    -> obl-three-dispositions-only  [invariant/explicit]   (also serves task-01, task-03, constraint-01, exclusion-02, exclusion-04, exclusion-05, exclusion-06, completion-02)
       Requirement dispositions are limited to exactly three cases: yielded obligations,
       no obligations needed with a reason, or an open question that prevents an answer.

[exclusion-02] Changing the decompose prompt text.
    -> obl-three-dispositions-only  [invariant/explicit]   (also serves task-01, task-03, constraint-01, exclusion-01, exclusion-04, exclusion-05, exclusion-06, completion-02)
       Requirement dispositions are limited to exactly three cases: yielded obligations,
       no obligations needed with a reason, or an open question that prevents an answer.

[exclusion-03] Retrying or repairing a rejected response.
    -> obl-registry-completeness-enforced-at-parse  [error_handling/explicit]   (also serves task-03)
       A response that fails to account for every requirement does not parse.
    -> obl-rejected-produces-no-map  [error_handling/explicit]   (also serves task-02, constraint-11, completion-06)
       A rejected response produces no RequirementMap.

[exclusion-04] Nested-bullet and multi-paragraph parse coverage, which is #216.
    -> obl-three-dispositions-only  [invariant/explicit]   (also serves task-01, task-03, constraint-01, exclusion-01, exclusion-02, exclusion-05, exclusion-06, completion-02)
       Requirement dispositions are limited to exactly three cases: yielded obligations,
       no obligations needed with a reason, or an open question that prevents an answer.

[exclusion-05] Whether mandate coverage bounds the completion verdict, which is #214.
    -> obl-three-dispositions-only  [invariant/explicit]   (also serves task-01, task-03, constraint-01, exclusion-01, exclusion-02, exclusion-04, exclusion-06, completion-02)
       Requirement dispositions are limited to exactly three cases: yielded obligations,
       no obligations needed with a reason, or an open question that prevents an answer.

[exclusion-06] Aligning requirement ids across two versions of a task file, which is
    #209.
    -> obl-three-dispositions-only  [invariant/explicit]   (also serves task-01, task-03, constraint-01, exclusion-01, exclusion-02, exclusion-04, exclusion-05, completion-02)
       Requirement dispositions are limited to exactly three cases: yielded obligations,
       no obligations needed with a reason, or an open question that prevents an answer.

[completion-01] Implementation
    -- no obligation, deliberately
       Section marker only.

[completion-02] Every requirement in a parsed `RequirementMap` carries one of the three
    dispositions.
    -> obl-three-dispositions-only  [invariant/explicit]   (also serves task-01, task-03, constraint-01, exclusion-01, exclusion-02, exclusion-04, exclusion-05, exclusion-06)
       Requirement dispositions are limited to exactly three cases: yielded obligations,
       no obligations needed with a reason, or an open question that prevents an answer.

[completion-03] A response with a `yielded` disposition and no obligation ids is
    rejected.
    -> obl-yielded-empty-ids-reject  [error_handling/explicit]   (also serves task-01, constraint-07)
       A response labelling a requirement yielded while naming no obligation id fails to
       parse.

[completion-04] A response with a `no_obligation` disposition and an empty reason is
    rejected.
    -> obl-no-obligation-empty-reason-reject  [error_handling/explicit]   (also serves constraint-08)
       A response labelling a requirement no_obligation with an empty reason fails to
       parse.

[completion-05] A response omitting a requirement present in the registry is rejected.
    -> obl-missing-requirement-reject  [error_handling/explicit]   (also serves constraint-09)
       A response that omits any requirement in the registry is rejected.

[completion-06] No `RequirementMap` is produced from a rejected response.
    -> obl-rejected-produces-no-map  [error_handling/explicit]   (also serves task-02, constraint-11, exclusion-03)
       A rejected response produces no RequirementMap.

[completion-07] The `UNDISPOSED` value and every code path that assigns it are removed.
    -> obl-remove-undisposed-codepaths  [regression/explicit]   (also serves task-03)
       The UNDISPOSED value and every code path that assigns it are removed.

[completion-08] A test asserts that the schema sent to the model rejects a `yielded`
    disposition carrying zero obligation ids.
    -> obl-schema-test-rejects-empty-yielded  [docs_config/explicit]
       A test asserts that the schema sent to the model rejects a yielded disposition
       carrying zero obligation ids.

[completion-09] The tests, CLI rendering and report sections that referred to the
    removed disposition are updated rather than left asserting it.
    -> obl-update-references-to-removed-disposition  [regression/explicit]
       Tests, CLI rendering, and report sections that referred to the removed
       disposition are updated rather than left asserting it.

[completion-10] `docs/DR-202-decomposition-requirement-mapping.md` records that the
    disposition set is the three of decision 3, and that completeness is enforced at
    parse.
    -> obl-docs-record-three-dispositions-and-parse-enforcement  [docs_config/explicit]
       The decomposition mapping documentation records that the disposition set is the
       three of decision 3 and that completeness is enforced at parse.

