Requirements: 18   with obligations: 17   deliberately none: 1

[task-01] A benchmark case whose task file yields no requirements fails, naming the
    case, instead of being scored.
    -> benchmark-no-requirements-fails-naming-case  [functional/explicit]
       A benchmark case whose task file yields no requirements fails, naming the case,
       instead of being scored.

[constraint-01] A benchmark case whose task file yields no requirements raises an error
    rather than being built.
    -> raise-error-for-empty-requirement-task-file  [functional/explicit]
       A benchmark case whose task file yields no requirements raises an error rather
       than being built.

[constraint-02] The error names the case it was raised for.
    -> error-names-case  [functional/explicit]
       The error names the case it was raised for.

[constraint-03] The error says the case did not run, so the outcome cannot be read as a
    score of zero.
    -> error-indicates-case-did-not-run  [functional/explicit]
       The error says the case did not run, so the outcome cannot be read as a score of
       zero.

[constraint-04] The check covers every case in the archetype corpus and every case in
    the decomposition-regression corpus.
    -> cover-all-corpus-cases  [functional/explicit]
       The check covers every case in the archetype corpus and every case in the
       decomposition-regression corpus.

[constraint-05] No case reaches a scoring hook without having been checked.
    -> gate-scoring-hooks-on-checks  [invariant/explicit]
       No case reaches a scoring hook without having been checked.

[constraint-06] Two runs over byte-identical task text produce byte-identical review
    state.
    -> byte-identical-review-state-for-byte-identical-input  [invariant/explicit]
       Two runs over byte-identical task text produce byte-identical review state.

[constraint-07] Tests issue no live model calls.
    -> tests-use-no-live-model-calls  [functional/explicit]
       Tests issue no live model calls.

[exclusion-01] Which text in a task file counts as a requirement, which is #216.
    -> exclude-task-file-requirement-classification  [functional/explicit]
       The change does not alter which text in a task file counts as a requirement.

[exclusion-02] How finely a requirement is split into obligations, which is #117.
    -> exclude-obligation-splitting-granularity  [functional/explicit]
       The change does not alter how finely a requirement is split into obligations.

[exclusion-03] How accurately decomposition is measured, which is #211.
    -> exclude-decomposition-accuracy-measurement  [functional/explicit]
       The change does not alter how accurately decomposition is measured.

[exclusion-04] Whether accuracy figures recorded before the archetype corpus was
    reshaped are comparable with later ones, which is #204.
    -> exclude-pre-reshaping-comparability-of-accuracy-figures  [compatibility/explicit]
       The change does not alter whether accuracy figures recorded before the archetype
       corpus was reshaped are comparable with later ones.

[exclusion-05] The wording of the task files already in either corpus.
    -> exclude-task-file-wording-in-corpus  [regression/explicit]
       The change does not alter the wording of the task files already in either corpus.

[completion-01] Implementation
    -- no obligation, deliberately
       Section marker standing alone with no requirement under it.

[completion-02] A test asserts that a case whose task file yields no requirements fails,
    naming the case.
    -> test-empty-requirement-task-file-fails-with-case-name  [test_demand/explicit]
       A test asserts that a case whose task file yields no requirements fails, naming
       the case.

[completion-03] A test asserts that failure by supplying a task file that yields no
    requirements, rather than by relying on a corpus task file.
    -> test-failure-uses-synthetic-empty-task-file  [test_demand/explicit]
       A test asserts that failure by supplying a task file that yields no requirements,
       rather than by relying on a corpus task file.

[completion-04] A test asserts that every case in the archetype corpus and every case in
    the decomposition-regression corpus passes the check.
    -> test-all-corpus-cases-pass-check  [test_demand/explicit]
       A test asserts that every case in the archetype corpus and every case in the
       decomposition-regression corpus passes the check.

[completion-05] A test asserts that a scoring hook cannot be reached by a case that was
    not checked.
    -> test-scoring-hook-unreachable-without-check  [test_demand/explicit]
       A test asserts that a scoring hook cannot be reached by a case that was not
       checked.

