input_type: description=None, test=None

== #314 (judge kills): 75 defects x ~166 tests, 127 kills over 46 killed defects ==
kills per defect: {'0': 29, '1': 22, '2': 9, '3-5': 10, '6-10': 5}
first-kill rank: median 1, p75 2, p90 7, max 73
  top-5   defect-coverage  89.1%  kill-recall  45.7%  (judging 3% of killed-defect pairs)
  top-10  defect-coverage  95.7%  kill-recall  52.8%  (judging 6% of killed-defect pairs)
  top-20  defect-coverage  97.8%  kill-recall  65.4%  (judging 12% of killed-defect pairs)
  top-40  defect-coverage  97.8%  kill-recall  80.3%  (judging 24% of killed-defect pairs)
  top-80  defect-coverage 100.0%  kill-recall  92.1%  (judging 48% of killed-defect pairs)
  stop after 1 kill(s): 4984 of 12450 judgements (40.0%); 46 defects stop early, mean 3.7 / median 1 judgements each
  stop after 2 kill(s): 8889 of 12450 judgements (71.4%); 24 defects stop early, mean 17.6 / median 4 judgements each

== #316 (judge kills): 48 defects x ~496 tests, 268 kills over 43 killed defects ==
kills per defect: {'0': 5, '1': 4, '2': 7, '3-5': 14, '6-10': 10, '>10': 8}
first-kill rank: median 1, p75 3, p90 7, max 71
  top-5   defect-coverage  86.0%  kill-recall  29.1%  (judging 1% of killed-defect pairs)
  top-10  defect-coverage  93.0%  kill-recall  39.2%  (judging 2% of killed-defect pairs)
  top-20  defect-coverage  95.3%  kill-recall  50.7%  (judging 4% of killed-defect pairs)
  top-40  defect-coverage  97.7%  kill-recall  63.4%  (judging 8% of killed-defect pairs)
  top-80  defect-coverage 100.0%  kill-recall  79.5%  (judging 16% of killed-defect pairs)
  stop after 1 kill(s): 2680 of 23808 judgements (11.3%); 43 defects stop early, mean 4.7 / median 1 judgements each
  stop after 2 kill(s): 4870 of 23808 judgements (20.5%); 39 defects stop early, mean 10.4 / median 4 judgements each

== #340 (judge kills): 72 defects x ~282 tests, 302 kills over 68 killed defects ==
kills per defect: {'0': 4, '1': 10, '2': 14, '3-5': 24, '6-10': 17, '>10': 3}
first-kill rank: median 3, p75 6, p90 14, max 139
  top-5   defect-coverage  73.5%  kill-recall  27.2%  (judging 2% of killed-defect pairs)
  top-10  defect-coverage  80.9%  kill-recall  36.4%  (judging 4% of killed-defect pairs)
  top-20  defect-coverage  94.1%  kill-recall  53.3%  (judging 8% of killed-defect pairs)
  top-40  defect-coverage  97.1%  kill-recall  65.9%  (judging 15% of killed-defect pairs)
  top-80  defect-coverage  98.5%  kill-recall  79.1%  (judging 29% of killed-defect pairs)
  stop after 1 kill(s): 1636 of 18410 judgements (8.9%); 68 defects stop early, mean 7.5 / median 3 judgements each
  stop after 2 kill(s): 4900 of 18410 judgements (26.6%); 58 defects stop early, mean 21.1 / median 7 judgements each

executed kills (all killed attempts): 13 defects; first-kill rank median 1, p90 6, max 25
  top-5   defect-coverage  84.6%
  top-10  defect-coverage  92.3%
  top-20  defect-coverage  92.3%
  top-40  defect-coverage 100.0%
  top-80  defect-coverage 100.0%

executed kills (verified only): no scoreable attempts
