model: voyage-3.5-lite; input_type: description=None, test=None

== #314 (judge kills): 75 defects x ~166 tests, 127 kills over 46 killed defects ==
kills per defect: {'0': 29, '1': 22, '2': 9, '3-5': 10, '6-10': 5}
first-kill rank: median 1, p75 3, p90 6, max 19
  top-5   defect-coverage  87.0%  kill-recall  42.5%  (judging 3% of killed-defect pairs)
  top-10  defect-coverage  93.5%  kill-recall  54.3%  (judging 6% of killed-defect pairs)
  top-20  defect-coverage 100.0%  kill-recall  62.2%  (judging 12% of killed-defect pairs)
  top-40  defect-coverage 100.0%  kill-recall  72.4%  (judging 24% of killed-defect pairs)
  top-80  defect-coverage 100.0%  kill-recall  97.6%  (judging 48% of killed-defect pairs)
  stop after 1 kill(s): 4943 of 12450 judgements (39.7%); 46 defects stop early, mean 2.8 / median 1 judgements each
  stop after 2 kill(s): 8718 of 12450 judgements (70.0%); 24 defects stop early, mean 10.5 / median 5 judgements each

== #316 (judge kills): 48 defects x ~496 tests, 268 kills over 43 killed defects ==
kills per defect: {'0': 5, '1': 4, '2': 7, '3-5': 14, '6-10': 10, '>10': 8}
first-kill rank: median 1, p75 4, p90 15, max 95
  top-5   defect-coverage  79.1%  kill-recall  23.9%  (judging 1% of killed-defect pairs)
  top-10  defect-coverage  86.0%  kill-recall  33.2%  (judging 2% of killed-defect pairs)
  top-20  defect-coverage  90.7%  kill-recall  43.7%  (judging 4% of killed-defect pairs)
  top-40  defect-coverage  95.3%  kill-recall  55.6%  (judging 8% of killed-defect pairs)
  top-80  defect-coverage  97.7%  kill-recall  73.5%  (judging 16% of killed-defect pairs)
  stop after 1 kill(s): 2800 of 23808 judgements (11.8%); 43 defects stop early, mean 7.4 / median 1 judgements each
  stop after 2 kill(s): 5051 of 23808 judgements (21.2%); 39 defects stop early, mean 15.1 / median 5 judgements each

== #340 (judge kills): 72 defects x ~282 tests, 302 kills over 68 killed defects ==
kills per defect: {'0': 4, '1': 10, '2': 14, '3-5': 24, '6-10': 17, '>10': 3}
first-kill rank: median 2, p75 5, p90 19, max 93
  top-5   defect-coverage  77.9%  kill-recall  28.5%  (judging 2% of killed-defect pairs)
  top-10  defect-coverage  82.4%  kill-recall  40.4%  (judging 4% of killed-defect pairs)
  top-20  defect-coverage  92.6%  kill-recall  52.6%  (judging 8% of killed-defect pairs)
  top-40  defect-coverage  94.1%  kill-recall  65.2%  (judging 15% of killed-defect pairs)
  top-80  defect-coverage  98.5%  kill-recall  77.5%  (judging 29% of killed-defect pairs)
  stop after 1 kill(s): 1644 of 18410 judgements (8.9%); 68 defects stop early, mean 7.6 / median 2 judgements each
  stop after 2 kill(s): 4712 of 18410 judgements (25.6%); 58 defects stop early, mean 17.8 / median 6 judgements each

executed kills (all killed attempts): 13 defects; first-kill rank median 1, p90 11, max 15
  top-5   defect-coverage  69.2%
  top-10  defect-coverage  84.6%
  top-20  defect-coverage 100.0%
  top-40  defect-coverage 100.0%
  top-80  defect-coverage 100.0%

executed kills (verified only): no scoreable attempts
