
== #314 (judge kills): 75 defects x ~166 tests, 127 kills over 46 killed defects ==
kills per defect: {'0': 29, '1': 22, '2': 9, '3-5': 10, '6-10': 5}
first-kill rank: median 1, p75 2, p90 5, max 75
  top-5   defect-coverage  93.5%  kill-recall  44.1%  (judging 3% of killed-defect pairs)
  top-10  defect-coverage  95.7%  kill-recall  53.5%  (judging 6% of killed-defect pairs)
  top-20  defect-coverage  95.7%  kill-recall  63.0%  (judging 12% of killed-defect pairs)
  top-40  defect-coverage  97.8%  kill-recall  85.8%  (judging 24% of killed-defect pairs)
  top-80  defect-coverage 100.0%  kill-recall  93.7%  (judging 48% of killed-defect pairs)

== #316 (judge kills): 48 defects x ~496 tests, 268 kills over 43 killed defects ==
kills per defect: {'0': 5, '1': 4, '2': 7, '3-5': 14, '6-10': 10, '>10': 8}
first-kill rank: median 1, p75 2, p90 6, max 116
  top-5   defect-coverage  88.4%  kill-recall  28.7%  (judging 1% of killed-defect pairs)
  top-10  defect-coverage  95.3%  kill-recall  38.1%  (judging 2% of killed-defect pairs)
  top-20  defect-coverage  97.7%  kill-recall  53.0%  (judging 4% of killed-defect pairs)
  top-40  defect-coverage  97.7%  kill-recall  64.2%  (judging 8% of killed-defect pairs)
  top-80  defect-coverage  97.7%  kill-recall  78.7%  (judging 16% of killed-defect pairs)
  embedding 161/282 test sources in 5 requests
    1/5 done
    2/5 done
    pacing: 2 requests / 8821 tokens in flight, waiting 59s
    3/5 done
    4/5 done
    pacing: 2 requests / 8882 tokens in flight, waiting 59s
    5/5 done
  embedding 72/72 defect descriptions in 1 requests
    1/1 done
  embedding 24/24 code regions in 2 requests
    pacing: 2 requests / 5986 tokens in flight, waiting 59s
    1/2 done
    2/2 done

== #340 (judge kills): 72 defects x ~282 tests, 302 kills over 68 killed defects ==
kills per defect: {'0': 4, '1': 10, '2': 14, '3-5': 24, '6-10': 17, '>10': 3}
first-kill rank: median 3, p75 6, p90 13, max 149
  top-5   defect-coverage  72.1%  kill-recall  28.1%  (judging 2% of killed-defect pairs)
  top-10  defect-coverage  86.8%  kill-recall  40.1%  (judging 4% of killed-defect pairs)
  top-20  defect-coverage  92.6%  kill-recall  51.3%  (judging 8% of killed-defect pairs)
  top-40  defect-coverage  95.6%  kill-recall  66.6%  (judging 15% of killed-defect pairs)
  top-80  defect-coverage  98.5%  kill-recall  77.5%  (judging 29% of killed-defect pairs)

executed kills (all killed attempts): 13 defects; first-kill rank median 1, p90 7, max 37
  top-5   defect-coverage  84.6%
  top-10  defect-coverage  92.3%
  top-20  defect-coverage  92.3%
  top-40  defect-coverage 100.0%
  top-80  defect-coverage 100.0%

executed kills (verified only): no scoreable attempts
