Task completion: INCOMPLETE

12 obligation(s) with non-discriminating test evidence (region-coverage-case-list-non-empty-test, region-coverage-case-list-stays-within-dogfood-logs-test, no-root-task-file-read-check, parse-test-inputs-from-committed-task-files, parse-test-one-case-per-committed-task-file, parse-test-nonempty-sections, parse-test-span-roundtrip, region-coverage-case-list-source, region-coverage-case-list-nonempty, region-coverage-case-list-omits-missing-path, no-failures-without-root-task-file, no-root-task-file-dependence).

Obligations:

  1. A test asserts that parsing succeeds for every committed task file under `dogfood-logs/`.
       requirements: completion-02
       code evidence: not required — The requirement explicitly asks for a test assertion, so the test itself is the demanded evidence.
       test evidence: strongly supported  [tier: static]
         1.1  tests/requirement/test_task_file.py::test_parses_every_committed_task_file

  2. A test asserts that the region-coverage case list is non-empty.
       requirements: completion-03
       code evidence: not required — The requirement is specifically for a test assertion, so only the test is required.
       test evidence: partially supported  [tier: static]
         2.1  tests/requirement/test_region_coverage.py::test_the_corpora_under_test_are_not_empty
         2.2  tests/requirement/test_region_coverage.py::test_the_reproduction_leaves_nothing_unaccounted_for
         2.3  tests/requirement/test_task_file_corpus.py::test_the_corpus_is_not_empty
         recommended test: A test checks that the region-coverage case list contains at least one case.
           inputs:  Run the corpus-building code in a repository snapshot where `dogfood-logs/` exists but the current implementation would otherwise be tempted to rely on an environment-specific fallback; use a snapshot with at least one committed `dogfood-logs/*/current-task.md` file and no root `current-task.md` influence.
           detects: The case list is populated only in some environments, but under the test repository snapshot it still contains at least one file.
           full detail: acceptance recommendation --criterion region-coverage-case-list-non-empty-test

  3. A test asserts that no path in the region-coverage case list lies outside `dogfood-logs/`.
       requirements: completion-04
       code evidence: not required — The requirement demands a test assertion, so the test is the evidence.
       test evidence: partially supported  [tier: static]
         3.1  tests/requirement/test_region_coverage.py::test_the_repositorys_own_task_files_are_fully_covered
         3.2  tests/requirement/test_task_file_corpus.py::test_no_corpus_path_lies_outside_dogfood_logs
         recommended test: A test verifies that every path in the region-coverage case list is under `dogfood-logs/`.
           inputs:  Construct a temporary corpus root containing one valid `dogfood-logs/*/current-task.md` file plus one extra path outside `dogfood-logs/` that would be discoverable by a buggy implementation (for example a sibling metadata file or root-level task-like file).
           detects: Discovery includes only dogfood-logs/current-task.md files but also accidentally includes an ignored metadata path that is never exercised by the mapped assertions.
           full detail: acceptance recommendation --criterion region-coverage-case-list-stays-within-dogfood-logs-test

  4. A check asserts that no test reads the task file at the repository root.
       requirements: completion-05
       code evidence: not required — The requirement is itself a check/test demand, so the check is the required evidence.
       test evidence: partially supported  [tier: static]
         4.1  tests/test_root_task_file_is_not_read.py::test_no_test_source_reads_the_repository_root_task_file
         4.2  tests/test_root_task_file_is_not_read.py::test_the_pattern_matches_the_call_sites_258_removed
         4.3  tests/test_root_task_file_is_not_read.py::test_the_scan_actually_reads_this_repositorys_tests
         recommended test: A check or test fails if any test reads the repository-root task file.
           inputs:  Scan all test source files, including helper modules and dead-code branches, for direct joins from repository-root identifiers to `current-task.md`; ensure the scan covers helper modules outside the main test files and code paths not exercised at runtime.
           detects: The repository-root read exists only in dead code or an unscanned helper outside the test sources.
           full detail: acceptance recommendation --criterion no-root-task-file-read-check

  5. No test reads the task file at the repository root.
       requirements: constraint-01
       code evidence: addressed
         5.1  tests/test_root_task_file_is_not_read.py#@@ -0,0 +1,95 @@
         5.2  tests/requirement/test_task_file.py#@@ -89,14 +94,21 @@ def test_roundtrips_through_persistence():
         5.3  tests/requirement/test_region_coverage.py#@@ -43,11 +44,13 @@ def _fixture_files() -> list[Path]:
       test evidence: indeterminate  [tier: static]
         (no mapped test)
         recommended test: NOT OBTAINED — no prescription was produced
           why: the recommendation stage was given 13 criteria and returned 12; no prescription was produced for this one

  6. The task-file parse test takes its inputs from the committed task files under `dogfood-logs/`.
       requirements: constraint-02
       code evidence: addressed
         6.1  tests/requirement/test_task_file.py#@@ -89,14 +94,21 @@ def test_roundtrips_through_persistence():
         6.2  tests/requirement/corpus.py#@@ -0,0 +1,34 @@
       test evidence: partially supported  [tier: static]
         6.3  tests/requirement/test_task_file.py::test_every_paragraph_of_the_task_section_is_kept
         6.4  tests/requirement/test_task_file.py::test_parses_every_committed_task_file
         6.5  tests/requirement/test_task_file.py::test_scope_exclusions_are_parsed_when_present
         6.6  tests/requirement/test_task_file_corpus.py::test_the_repository_root_task_file_is_not_a_case
         recommended test: The parse test reads its input cases from committed files under `dogfood-logs/`.
           inputs:  Use a corpus containing at least one committed `dogfood-logs/*/current-task.md` file and one synthetic case source that is not committed, but that would parse identically if accidentally included.
           detects: The parse test reads from committed files but also includes one extra synthetic case that happens to parse the same way as a committed file.
           full detail: acceptance recommendation --criterion parse-test-inputs-from-committed-task-files

  7. The parse test runs one case per committed task file.
       requirements: constraint-03
       code evidence: addressed
         7.1  tests/requirement/test_task_file.py#@@ -89,14 +94,21 @@ def test_roundtrips_through_persistence():
       test evidence: partially supported  [tier: static]
         7.2  tests/requirement/test_task_file.py::test_parses_every_committed_task_file
         7.3  tests/requirement/test_task_file_corpus.py::test_the_repository_root_task_file_is_not_a_case
         recommended test: The parse test enumerates exactly one case for each committed task file.
           inputs:  Create a corpus snapshot with two distinct committed task files and a buggy enumeration that duplicates one of them while still including all committed files at least once.
           detects: The parse test duplicates one committed file case but still covers every committed file at least once.
           full detail: acceptance recommendation --criterion parse-test-one-case-per-committed-task-file

  8. The parse test asserts, for each case, that the parsed behavior, constraints, and completion expectations are each non-empty.
       requirements: constraint-04
       code evidence: not required — The requirement is specifically that the parse test asserts these conditions, so the test itself is the demanded evidence.
       test evidence: partially supported  [tier: static]
         8.1  tests/requirement/test_task_file.py::test_parses_every_committed_task_file
         8.2  tests/requirement/test_task_file.py::test_spec_example_fields_match_expected
         recommended test: A parse test includes assertions that each case yields non-empty behavior, constraints, and completion expectations.
           inputs:  Use a committed task file fixture that contains one or more empty sections or edge-case formatting that a buggy parser might preserve as empty lists while still passing on the current examples.
           detects: Parser preserves non-empty sections for the specific tested files but would fail on an untested edge-case format.
           full detail: acceptance recommendation --criterion parse-test-nonempty-sections

  9. The parse test asserts, for each case, that every parsed span reproduces its own text from the source it was parsed from.
       requirements: constraint-05
       code evidence: not required — The requirement asks for a test assertion, so only the test is required evidence.
       test evidence: partially supported  [tier: static]
         9.1  tests/requirement/test_task_file.py::test_a_bullet_wrapped_across_lines_still_has_an_exact_span
         9.2  tests/requirement/test_task_file.py::test_a_table_no_section_claims_is_reported_whole
         9.3  tests/requirement/test_task_file.py::test_every_extracted_item_retains_a_source_reference
         9.4  tests/requirement/test_task_file.py::test_parses_every_committed_task_file
         recommended test: A parse test checks that each parsed span matches the exact source text it came from.
           inputs:  Use a task file fixture whose spans are adjacent to punctuation, blank lines, or section boundaries so an off-by-one span bug changes the extracted text.
           detects: Parsed spans use off-by-one boundaries but still happen to cover the same text for the specific examples.
           full detail: acceptance recommendation --criterion parse-test-span-roundtrip

  10. The region-coverage case list is built only from the committed task files under `dogfood-logs/`.
       requirements: constraint-06
       code evidence: addressed
         10.1  tests/requirement/test_region_coverage.py#@@ -43,11 +44,13 @@ def _fixture_files() -> list[Path]:
         10.2  tests/requirement/corpus.py#@@ -0,0 +1,34 @@
       test evidence: partially supported  [tier: static]
         10.3  tests/requirement/test_region_coverage.py::test_the_repositorys_own_task_files_are_fully_covered
         10.4  tests/requirement/test_task_file_corpus.py::test_no_corpus_path_lies_outside_dogfood_logs
         recommended test: The region-coverage case list is derived exclusively from committed task files under `dogfood-logs/`.
           inputs:  Build the region-coverage case list from a temporary tree containing committed `dogfood-logs/*/current-task.md` files plus a stale path that no longer exists or a path outside the committed corpus.
           detects: The case list is sourced only from dogfood-logs but includes a stale path that is no longer present in the tree.
           full detail: acceptance recommendation --criterion region-coverage-case-list-source

  11. The region-coverage case list is non-empty.
       requirements: constraint-07
       code evidence: addressed
         11.1  tests/requirement/test_task_file_corpus.py#@@ -0,0 +1,60 @@
       test evidence: partially supported  [tier: static]
         11.2  tests/requirement/test_region_coverage.py::test_a_dropped_region_is_detected_when_the_requirement_count_is_unchanged
         11.3  tests/requirement/test_region_coverage.py::test_the_corpora_under_test_are_not_empty
         11.4  tests/requirement/test_region_coverage.py::test_the_reproduction_leaves_nothing_unaccounted_for
         11.5  tests/requirement/test_task_file_corpus.py::test_the_corpus_is_not_empty
         recommended test: The region-coverage case list contains at least one case.
           inputs:  Use a repository snapshot where the region-coverage case list would be empty if the discovery logic regressed, but where at least one committed dogfood task file is present so the correct implementation still yields cases.
           detects: The region-coverage case list is non-empty but missing some intended coverage cases.
           full detail: acceptance recommendation --criterion region-coverage-case-list-nonempty

  12. The region-coverage case list omits a path that is not present in the tree.
       requirements: constraint-08
       code evidence: addressed
         12.1  tests/requirement/test_task_file_corpus.py#@@ -0,0 +1,60 @@
       test evidence: partially supported  [tier: static]
         12.2  tests/requirement/test_task_file_corpus.py::test_an_entry_whose_target_is_missing_is_omitted
         recommended test: The region-coverage case list excludes at least one path that is absent from the tree.
           inputs:  Create a temporary corpus with one valid committed task file and one dangling symlink or missing path that should be excluded; ensure the dangling entry is the specific path the buggy implementation would otherwise keep.
           detects: A different missing path is omitted correctly, but the specific dangling symlink in the test is still included.
           full detail: acceptance recommendation --criterion region-coverage-case-list-omits-missing-path

  13. A test run reports no failures when no task file is present at the repository root.
       requirements: constraint-09
       code evidence: addressed
         13.1  tests/requirement/test_task_file.py#@@ -89,14 +94,21 @@ def test_roundtrips_through_persistence():
         13.2  tests/requirement/test_region_coverage.py#@@ -43,11 +44,13 @@ def _fixture_files() -> list[Path]:
         13.3  tests/test_root_task_file_is_not_read.py#@@ -0,0 +1,95 @@
       test evidence: unsupported  [tier: static]
         (no mapped test)
         recommended test: Running the test suite without a repository-root task file produces a no-failures result.
           inputs:  Run the suite in a repository snapshot with no root `current-task.md` file but with the committed `dogfood-logs/` corpus intact.
           detects: Running the test suite without a repository-root task file produces a no-failures result.
           full detail: acceptance recommendation --criterion no-failures-without-root-task-file

  14. The parse test's documentation states which inputs it covers.
       requirements: constraint-10
       code evidence: addressed
         14.1  tests/requirement/test_task_file.py#@@ -89,14 +94,21 @@ def test_roundtrips_through_persistence():
       test evidence: not required — This is a documentation requirement satisfied by the source text of the docs, not by runtime behavior.

  15. The change does not address whether the task file at the repository root is tracked by version control.
       requirements: exclusion-01
       code evidence: addressed
         examined 7 changes across 5 files; none breaches this boundary
       test evidence: not required — This is a scope exclusion about work not to do, which is settled by the source change itself.

  16. The change does not alter how a task file is parsed into sections.
       requirements: exclusion-02
       code evidence: addressed
         examined 7 changes across 5 files; none breaches this boundary
       test evidence: not required — This scope exclusion is satisfied by the source change itself showing that section parsing was not part of the delivered work.

  17. The change does not alter how region coverage is computed.
       requirements: exclusion-03
       code evidence: addressed
         examined 7 changes across 5 files; none breaches this boundary
       test evidence: not required — This scope exclusion is satisfied by the source change itself showing that region-coverage computation was not part of the delivered work.

  18. The change does not alter which sections a task file is required to contain.
       requirements: exclusion-04
       code evidence: addressed
         examined 7 changes across 5 files; none breaches this boundary
       test evidence: not required — This scope exclusion is satisfied by the source change itself showing that required-section rules were not part of the delivered work.

  19. The change does not alter the content of the committed task files.
       requirements: exclusion-05
       code evidence: addressed
         examined 7 changes across 5 files; none breaches this boundary
       test evidence: not required — This scope exclusion is satisfied by the source change itself showing that committed task-file content was not part of the delivered work.

  20. No test's outcome or case list depends on the task file at the repository root, which is a scratch input rewritten for every task.
       requirements: task-01
       code evidence: addressed
         20.1  tests/requirement/test_task_file.py#@@ -89,14 +94,21 @@ def test_roundtrips_through_persistence():
         20.2  tests/requirement/test_region_coverage.py#@@ -43,11 +44,13 @@ def _fixture_files() -> list[Path]:
         20.3  tests/test_root_task_file_is_not_read.py#@@ -0,0 +1,95 @@
       test evidence: unsupported  [tier: static]
         (no mapped test)
         recommended test: tests whose results or enumerated cases vary based on the repository-root task file
           inputs:  Use two otherwise identical repository snapshots that differ only in the presence and contents of the repository-root `current-task.md`; the committed `dogfood-logs/` corpus must be unchanged between them.
           detects: tests whose results or enumerated cases vary based on the repository-root task file.
           full detail: acceptance recommendation --criterion no-root-task-file-dependence

Mandate coverage: 20 of 21 requirements yielded obligations
  1 deliberately declined, taken at face value and not counted against coverage
  1. [no_obligation] completion-01: Implementation
       reason: Section marker only; it names the implementation section without adding a checkable requirement.

Unrequested changes:
  1. [in_service] The new guard test scans all test sources and explicitly excludes any path containing `fixtures`, which changes the set of files inspected beyond the stated goal of preventing reads of the repository-root task file. That exclusion is not required by the obligations and affects what the guard covers.
       tests/test_root_task_file_is_not_read.py#@@ -0,0 +1,95 @@
  2. [in_service] The new guard test hard-codes a minimum source count (`len(sources) > 20`) and a specific included file, adding a brittle repository-shape assertion unrelated to the required no-root-task-file-read check.
       tests/test_root_task_file_is_not_read.py#@@ -0,0 +1,95 @@
  3. [in_service] The new guard test asserts the regex matches two historical call-site strings and separately whitelists several non-matching shapes. Those pattern-specific examples are extra behavior beyond the obligations, which only require that no test reads the root task file and that the relevant tests use committed dogfood inputs.
       tests/test_root_task_file_is_not_read.py#@@ -0,0 +1,95 @@

Evidence limitations:
  1. Judgments are static inferences unless a higher tier is recorded; the full application was not independently executed.

Next: retrieve a criterion's full recommendation with
  acceptance recommendation --criterion <id>
