Task completion: INCOMPLETE

2 obligation(s) with non-discriminating test evidence (completion-10-fixtures-still-produce-recorded-movements, revised-requirement-records-revision-reason).

Obligations:

  1. A run over an unchanged task file naming a continued run issues no decompose model call.
       requirements: completion-02
       code evidence: addressed
         1.1  src/acceptance/requirement/obligations.py#@@ -719,12 +840,29 @@ def decompose(
         1.2  src/acceptance/cli.py#@@ -215,13 +243,28 @@ def remove_legacy_instruction_file(repo: Path) -> Path | None:
         1.3  tests/requirement/test_carry_forward.py#@@ -0,0 +1,849 @@
       test evidence: strongly supported  [tier: static]
         1.4  tests/requirement/test_carry_forward.py::test_a_rerun_over_an_unchanged_task_file_issues_no_decompose_call
         1.5  tests/requirement/test_link_prefilter.py::test_a_pair_beyond_the_threshold_is_never_sent_to_the_model
         1.6  tests/requirement/test_link_prefilter.py::test_a_pair_exactly_at_the_threshold_is_asked_about
         1.7  tests/requirement/test_link_prefilter.py::test_a_pair_excluded_for_stating_a_different_kind_of_demand_stays_excluded
         1.8  tests/requirement/test_link_prefilter.py::test_a_pair_just_beyond_the_threshold_is_not_asked_about
         1.9  tests/requirement/test_link_prefilter.py::test_a_pair_within_the_threshold_is_sent_to_the_model
         1.10  tests/requirement/test_link_prefilter.py::test_changing_the_threshold_changes_which_pairs_are_sent
         1.11  tests/requirement/test_link_prefilter.py::test_no_prefilter_reports_none_rather_than_a_zero_record
         1.12  tests/requirement/test_link_prefilter.py::test_pairs_excluded_counts_only_the_distance_exclusions
         1.13  tests/requirement/test_link_prefilter.py::test_the_default_run_filters_at_the_documented_default
         1.14  tests/requirement/test_link_prefilter.py::test_the_linking_call_actually_carries_the_prefilter_controls
         1.15  tests/requirement/test_link_prefilter.py::test_the_linking_path_embeds_every_obligation_exactly_once

  2. A run over an unchanged task file naming a continued run produces byte-identical obligations, identifiers and descriptions.
       requirements: completion-03
       code evidence: addressed
         2.1  src/acceptance/requirement/obligations.py#@@ -842,16 +980,164 @@ def decompose(
         2.2  src/acceptance/requirement/obligations.py#@@ -962,6 +1272,9 @@ def _requirement_map(
         2.3  tests/requirement/test_carry_forward.py#@@ -0,0 +1,849 @@
       test evidence: strongly supported  [tier: static]
         2.4  tests/requirement/test_carry_forward.py::test_a_rerun_over_an_unchanged_task_file_returns_byte_identical_obligations
         2.5  tests/requirement/test_carry_forward.py::test_two_runs_over_the_same_task_and_ledger_state_are_byte_identical
         2.6  tests/requirement/test_requirement_map.py::test_requirement_ids_are_identical_across_two_runs_over_identical_text
         2.7  tests/test_mandate_coverage_wiring.py::test_two_runs_over_identical_task_text_produce_byte_identical_review_state

  3. A decomposition run against ledger state recording a different task file produces the same obligations as one run against no ledger state at all.
       requirements: completion-04
       code evidence: addressed
         3.1  src/acceptance/requirement/carry.py#@@ -0,0 +1,222 @@
         3.2  tests/requirement/test_carry_forward.py#@@ -0,0 +1,849 @@
       test evidence: strongly supported  [tier: static]
         3.3  tests/requirement/test_carry_forward.py::test_a_ledger_recording_a_different_task_produces_what_an_empty_ledger_does

  4. Editing one requirement re-derives that requirement and leaves the obligations of every other requirement unchanged.
       requirements: completion-05
       code evidence: addressed
         4.1  src/acceptance/requirement/carry.py#@@ -0,0 +1,222 @@
         4.2  src/acceptance/requirement/obligations.py#@@ -486,9 +519,69 @@ def _user_prompt(registry: list[RequirementRef], answer_for: set[str]) -> str:
         4.3  src/acceptance/requirement/obligations.py#@@ -719,12 +840,29 @@ def decompose(
         4.4  tests/requirement/test_carry_forward.py#@@ -0,0 +1,849 @@
       test evidence: strongly supported  [tier: static]
         4.5  tests/requirement/test_carry_forward.py::test_editing_one_requirement_leaves_every_other_requirement_carried
         4.6  tests/test_rerun.py::test_archetype_9_rerun_flips_the_weak_obligation_and_updates_the_verdict
         4.7  tests/test_rerun.py::test_only_the_affected_obligation_is_re_derived

  5. A tool change that leaves the decompose request unaltered carries every previously derived obligation.
       requirements: completion-06
       code evidence: addressed
         5.1  docs/DR-269-carry-key-excludes-registry-context.md#@@ -0,0 +1,120 @@
         5.2  src/acceptance/requirement/ledger.py#@@ -0,0 +1,301 @@
         5.3  src/acceptance/requirement/carry.py#@@ -0,0 +1,222 @@
         5.4  tests/requirement/test_carry_forward.py#@@ -0,0 +1,849 @@
       test evidence: strongly supported  [tier: static]
         5.5  tests/requirement/test_carry_forward.py::test_a_tool_change_that_leaves_the_request_unaltered_carries_everything
         5.6  tests/requirement/test_carry_forward.py::test_every_requirement_is_recorded_as_carried
         5.7  tests/requirement/test_carry_forward.py::test_the_decompose_command_writes_a_ledger_entry_and_a_second_run_carries
         5.8  tests/requirement/test_carry_forward.py::test_the_plan_issues_calls_only_for_what_changed
         5.9  tests/requirement/test_carry_forward.py::test_the_review_pipeline_carries_forward_and_hands_back_what_it_derived
         5.10  tests/requirement/test_carry_forward.py::test_two_runs_over_the_same_task_and_ledger_state_are_byte_identical
         5.11  tests/requirement/test_linking.py::test_both_requirements_name_the_surviving_obligation_in_the_stored_map
         5.12  tests/test_rerun.py::test_a_rerun_still_reports_a_gap_in_code_the_new_work_never_touched

  6. A change to the decompose prompt prevents carrying the obligations derived under the previous prompt.
       requirements: completion-07
       code evidence: addressed
         6.1  src/acceptance/requirement/ledger.py#@@ -0,0 +1,301 @@
         6.2  tests/requirement/test_carry_forward.py#@@ -0,0 +1,849 @@
       test evidence: strongly supported  [tier: static]
         6.3  tests/requirement/test_carry_forward.py::test_a_changed_prompt_invalidates_the_entries_derived_under_it

  7. A change to the decompose response schema prevents carrying the obligations derived under the previous schema.
       requirements: completion-08
       code evidence: addressed
         7.1  src/acceptance/requirement/ledger.py#@@ -0,0 +1,301 @@
         7.2  src/acceptance/requirement/obligations.py#@@ -667,11 +760,39 @@ def _resolve_attributions(
         7.3  tests/requirement/test_carry_forward.py#@@ -0,0 +1,849 @@
       test evidence: strongly supported  [tier: static]
         7.4  tests/requirement/test_carry_forward.py::test_a_changed_response_schema_invalidates_the_entries_derived_under_it
         7.5  tests/requirement/test_carry_forward.py::test_the_carry_key_reads_the_live_response_schema

  8. A change to the model or the seed prevents carrying the obligations derived under the previous one.
       requirements: completion-09
       code evidence: addressed
         8.1  src/acceptance/requirement/ledger.py#@@ -0,0 +1,301 @@
         8.2  tests/requirement/test_carry_forward.py#@@ -0,0 +1,849 @@
       test evidence: strongly supported  [tier: static]
         8.3  tests/requirement/test_carry_forward.py::test_a_changed_model_invalidates_every_carried_entry
         8.4  tests/requirement/test_carry_forward.py::test_a_changed_seed_invalidates_every_carried_entry

  9. The decomposition movements recorded as correct in `tests/fixtures/decompose-stability/` are still produced when the task file genuinely changes.
       requirements: completion-10
       code evidence: addressed
         9.1  src/acceptance/requirement/carry.py#@@ -0,0 +1,222 @@
         9.2  src/acceptance/requirement/obligations.py#@@ -842,16 +980,164 @@ def decompose(
         9.3  src/acceptance/requirement/linking.py#@@ -477,9 +479,33 @@ def link_duplicate_obligations(
         9.4  tests/requirement/test_carry_forward.py#@@ -0,0 +1,849 @@
       test evidence: unsupported  [tier: static]
         (no mapped test)
         recommended test: When the task file genuinely changes, the decomposition still produces the movements recorded as correct in `tests/fixtures/decompose-stability/`.
           inputs:  Use a genuinely edited task file that changes one requirement’s wording while leaving at least one other requirement text byte-identical to a prior run, and continue from a ledger entry produced by the unedited version. The test should drive the real `run_decompose`/CLI path, not `decompose` in isolation, so it exercises ledger read + carry + link + report together.
           detects: Carry-forward is incorrectly suppressing or altering the recorded movements when the task file genuinely changes, so the decomposition no longer matches the stability fixtures for edited inputs.
           full detail: acceptance recommendation --criterion completion-10-fixtures-still-produce-recorded-movements

  10. `tests/test_cli.py::test_two_runs_over_the_same_input_are_byte_identical` passes, over a task file and continued-run state that are both unchanged.
       requirements: completion-11
       code evidence: not required — The requirement is specifically that the named test passes, so the test itself is the demanded evidence.
       test evidence: strongly supported  [tier: static]
         10.1  tests/requirement/test_carry_forward.py::test_two_runs_over_the_same_task_and_ledger_state_are_byte_identical
         10.2  tests/requirement/test_linking.py::test_two_runs_over_identical_task_text_produce_identical_state_at_both_stages
         10.3  tests/test_cli.py::test_two_runs_over_the_same_input_are_byte_identical
         10.4  tests/test_mandate_coverage_wiring.py::test_two_runs_over_identical_task_text_produce_byte_identical_review_state

  11. A requirement whose text is unchanged from the continued run causes no model call during decomposition.
       requirements: task-01, constraint-01
       code evidence: addressed
         11.1  src/acceptance/requirement/carry.py#@@ -0,0 +1,222 @@
         11.2  src/acceptance/requirement/obligations.py#@@ -719,12 +840,29 @@ def decompose(
         11.3  tests/requirement/test_carry_forward.py#@@ -0,0 +1,849 @@
       test evidence: strongly supported  [tier: static]
         11.4  tests/requirement/test_carry_forward.py::test_a_rerun_over_an_unchanged_task_file_issues_no_decompose_call
         11.5  tests/requirement/test_link_prefilter.py::test_a_pair_beyond_the_threshold_is_never_sent_to_the_model
         11.6  tests/requirement/test_link_prefilter.py::test_a_pair_exactly_at_the_threshold_is_asked_about
         11.7  tests/requirement/test_link_prefilter.py::test_a_pair_excluded_for_stating_a_different_kind_of_demand_stays_excluded
         11.8  tests/requirement/test_link_prefilter.py::test_a_pair_just_beyond_the_threshold_is_not_asked_about
         11.9  tests/requirement/test_link_prefilter.py::test_a_pair_within_the_threshold_is_sent_to_the_model
         11.10  tests/requirement/test_link_prefilter.py::test_changing_the_threshold_changes_which_pairs_are_sent
         11.11  tests/requirement/test_link_prefilter.py::test_no_prefilter_reports_none_rather_than_a_zero_record
         11.12  tests/requirement/test_link_prefilter.py::test_pairs_excluded_counts_only_the_distance_exclusions
         11.13  tests/requirement/test_link_prefilter.py::test_the_default_run_filters_at_the_documented_default
         11.14  tests/requirement/test_link_prefilter.py::test_the_linking_call_actually_carries_the_prefilter_controls
         11.15  tests/requirement/test_link_prefilter.py::test_the_linking_path_embeds_every_obligation_exactly_once
         11.16  tests/requirement/test_linking.py::test_no_model_call_is_made_when_every_pair_is_structurally_settled

  12. The obligations of an unchanged requirement are carried forward with their identifiers unchanged.
       requirements: constraint-02
       code evidence: addressed
         12.1  src/acceptance/requirement/obligations.py#@@ -842,16 +980,164 @@ def decompose(
         12.2  src/acceptance/requirement/obligations.py#@@ -962,6 +1272,9 @@ def _requirement_map(
         12.3  tests/requirement/test_carry_forward.py#@@ -0,0 +1,849 @@
       test evidence: strongly supported  [tier: static]
         12.4  tests/requirement/test_carry_forward.py::test_a_rerun_over_an_unchanged_task_file_returns_byte_identical_obligations
         12.5  tests/requirement/test_carry_forward.py::test_every_requirement_is_recorded_as_carried
         12.6  tests/requirement/test_linking.py::test_both_requirements_name_the_surviving_obligation_in_the_stored_map

  13. The obligations of an unchanged requirement are carried forward with their descriptions unchanged.
       requirements: constraint-03
       code evidence: addressed
         13.1  src/acceptance/requirement/obligations.py#@@ -842,16 +980,164 @@ def decompose(
         13.2  tests/requirement/test_carry_forward.py#@@ -0,0 +1,849 @@
       test evidence: strongly supported  [tier: static]
         13.3  tests/requirement/test_carry_forward.py::test_a_rerun_over_an_unchanged_task_file_returns_byte_identical_obligations
         13.4  tests/requirement/test_carry_forward.py::test_every_requirement_is_recorded_as_carried
         13.5  tests/requirement/test_linking.py::test_both_requirements_name_the_surviving_obligation_in_the_stored_map

  14. An edited requirement is re-derived in one model call carrying the previous text, the new text, and the obligations previously derived from that requirement.
       requirements: constraint-04
       code evidence: addressed
         14.1  src/acceptance/requirement/obligations.py#@@ -486,9 +519,69 @@ def _user_prompt(registry: list[RequirementRef], answer_for: set[str]) -> str:
         14.2  src/acceptance/requirement/obligations.py#@@ -719,12 +840,29 @@ def decompose(
         14.3  tests/requirement/test_carry_forward.py#@@ -0,0 +1,849 @@
       test evidence: strongly supported  [tier: static]
         14.4  tests/requirement/test_carry_forward.py::test_an_edited_requirements_persisting_obligations_keep_their_identifiers
         14.5  tests/requirement/test_carry_forward.py::test_editing_one_requirement_leaves_every_other_requirement_carried
         14.6  tests/requirement/test_linking.py::test_the_prompt_shows_typed_fields_and_never_the_task_files_markdown
         14.7  tests/test_rerun.py::test_only_the_affected_obligation_is_re_derived

  15. An obligation that persists across an edit to its requirement keeps the identifier it already had.
       requirements: constraint-05
       code evidence: addressed
         15.1  src/acceptance/requirement/obligations.py#@@ -486,9 +519,69 @@ def _user_prompt(registry: list[RequirementRef], answer_for: set[str]) -> str:
         15.2  src/acceptance/requirement/obligations.py#@@ -842,16 +980,164 @@ def decompose(
         15.3  tests/requirement/test_carry_forward.py#@@ -0,0 +1,849 @@
       test evidence: strongly supported  [tier: static]
         15.4  tests/requirement/test_carry_forward.py::test_an_edited_requirements_persisting_obligations_keep_their_identifiers
         15.5  tests/requirement/test_decompose_partitioning.py::test_two_batches_minting_the_same_obligation_id_stay_separate
         15.6  tests/requirement/test_linking.py::test_both_requirements_name_the_surviving_obligation_in_the_stored_map
         15.7  tests/test_rerun.py::test_only_the_affected_obligation_is_re_derived

  16. A requirement present in the continued run and absent from the task file under review has its obligations dropped.
       requirements: constraint-06
       code evidence: addressed
         16.1  src/acceptance/requirement/carry.py#@@ -0,0 +1,222 @@
         16.2  src/acceptance/requirement/obligations.py#@@ -842,16 +980,164 @@ def decompose(
         16.3  tests/requirement/test_carry_forward.py#@@ -0,0 +1,849 @@
       test evidence: strongly supported  [tier: static]
         16.4  tests/requirement/test_carry_forward.py::test_a_removed_requirement_is_reported_and_its_obligations_dropped

  17. The removal of such a requirement is reported.
       requirements: constraint-07
       code evidence: addressed
         17.1  src/acceptance/cli.py#@@ -241,8 +289,51 @@ def run_decompose(task: str, config: RunConfig) -> tuple[Decomposition, Unusable
         17.2  src/acceptance/requirement/obligations.py#@@ -440,9 +454,28 @@ class Decomposition(PersistableModel):
         17.3  src/acceptance/requirement/obligations.py#@@ -842,16 +980,164 @@ def decompose(
         17.4  tests/requirement/test_carry_forward.py#@@ -0,0 +1,849 @@
       test evidence: strongly supported  [tier: static]
         17.5  tests/requirement/test_carry_forward.py::test_a_removed_requirement_is_reported_and_its_obligations_dropped
         17.6  tests/test_cli.py::test_the_removal_is_reported_in_json_mode_too
         17.7  tests/test_cli.py::test_the_removal_leaves_the_report_as_the_only_statement_of_status

  18. A requirement with no counterpart in the continued run is derived without reference to any previously derived obligation.
       requirements: constraint-08
       code evidence: addressed
         18.1  src/acceptance/requirement/carry.py#@@ -0,0 +1,222 @@
         18.2  tests/requirement/test_carry_forward.py#@@ -0,0 +1,849 @@
       test evidence: strongly supported  [tier: static]
         18.3  tests/requirement/test_carry_forward.py::test_a_ledger_recording_a_different_task_produces_what_an_empty_ledger_does
         18.4  tests/requirement/test_carry_forward.py::test_a_plan_with_no_prior_is_fresh
         18.5  tests/requirement/test_carry_forward.py::test_no_continued_run_carries_nothing

  19. Two requirements are the same requirement when their text matches exactly.
       requirements: constraint-09
       code evidence: addressed
         19.1  src/acceptance/requirement/carry.py#@@ -0,0 +1,222 @@
         19.2  src/acceptance/requirement/ledger.py#@@ -0,0 +1,301 @@
         19.3  docs/DR-269-carry-key-excludes-registry-context.md#@@ -0,0 +1,120 @@
       test evidence: strongly supported  [tier: static]
         19.4  tests/requirement/test_requirement_map.py::test_every_requirement_in_the_file_is_identified
         19.5  tests/requirement/test_requirement_map.py::test_requirement_ids_are_identical_across_two_runs_over_identical_text

  20. Requirements left unmatched by exact text are matched to each other through `benchmark/alignment.py::align_obligations`, which distinguishes an edited requirement from a new one.
       requirements: constraint-10
       code evidence: addressed
         20.1  src/acceptance/requirement/carry.py#@@ -0,0 +1,222 @@
         20.2  tests/requirement/test_carry_forward.py#@@ -0,0 +1,849 @@
       test evidence: strongly supported  [tier: static]
         20.3  tests/requirement/test_decompose_partitioning.py::test_a_disposition_for_a_requirement_the_call_was_not_given_is_recorded

  21. A merge decision over two obligations that are both unchanged is carried forward without a model call.
       requirements: constraint-11
       code evidence: addressed
         21.1  src/acceptance/requirement/linking.py#@@ -477,9 +479,33 @@ def link_duplicate_obligations(
         21.2  src/acceptance/requirement/linking.py#@@ -516,9 +548,19 @@ def link_duplicate_obligations(
         21.3  tests/requirement/test_carry_forward.py#@@ -0,0 +1,849 @@
       test evidence: strongly supported  [tier: static]
         21.4  tests/requirement/test_carry_forward.py::test_a_carried_merge_decision_still_merges
         21.5  tests/requirement/test_carry_forward.py::test_a_merge_decision_over_two_unchanged_obligations_is_not_asked_again
         21.6  tests/requirement/test_carry_forward.py::test_the_decisions_a_run_stands_on_are_recorded_carried_and_fresh_alike
         21.7  tests/requirement/test_linking.py::test_both_requirements_name_the_surviving_obligation_in_the_stored_map
         21.8  tests/requirement/test_linking.py::test_no_model_call_is_made_when_every_pair_is_structurally_settled
         21.9  tests/requirement/test_linking.py::test_no_requirement_is_left_without_an_obligation_by_a_merge
         21.10  tests/requirement/test_linking.py::test_obligations_the_model_does_not_link_are_left_separate
         21.11  tests/requirement/test_linking.py::test_one_requirement_stated_in_two_sections_yields_one_obligation_linked_to_both
         21.12  tests/requirement/test_linking.py::test_the_pipeline_links_duplicates_before_the_rest_of_the_review_runs
         21.13  tests/test_rerun.py::test_a_rerun_still_reports_a_gap_in_code_the_new_work_never_touched

  22. A merge decision over two obligations of which either changed is asked again.
       requirements: constraint-12
       code evidence: addressed
         22.1  src/acceptance/requirement/linking.py#@@ -477,9 +479,33 @@ def link_duplicate_obligations(
         22.2  src/acceptance/requirement/linking.py#@@ -497,8 +523,14 @@ def link_duplicate_obligations(
         22.3  tests/requirement/test_carry_forward.py#@@ -0,0 +1,849 @@
       test evidence: strongly supported  [tier: static]
         22.4  tests/requirement/test_carry_forward.py::test_a_merge_decision_is_asked_again_when_either_obligation_changed
         22.5  tests/requirement/test_carry_forward.py::test_the_decisions_a_run_stands_on_are_recorded_carried_and_fresh_alike
         22.6  tests/requirement/test_linking.py::test_obligations_the_model_does_not_link_are_left_separate
         22.7  tests/requirement/test_linking.py::test_the_decompose_command_surfaces_an_unreconciled_group
         22.8  tests/test_rerun.py::test_archetype_9_rerun_flips_the_weak_obligation_and_updates_the_verdict

  23. Carry-forward reads only the run named as the continued run.
       requirements: constraint-13
       code evidence: addressed
         23.1  src/acceptance/cli.py#@@ -120,6 +126,9 @@ def run_check(
         23.2  src/acceptance/cli.py#@@ -215,13 +243,28 @@ def remove_legacy_instruction_file(repo: Path) -> Path | None:
         23.3  src/acceptance/requirement/carry.py#@@ -0,0 +1,222 @@
       test evidence: strongly supported  [tier: static]
         23.4  tests/requirement/test_carry_forward.py::test_an_unknown_continued_run_is_not_an_error
         23.5  tests/test_rerun.py::test_nothing_from_a_non_selected_ancestor_review_reaches_the_rerun

  24. No obligations are carried forward when no continued run is named.
       requirements: constraint-14
       code evidence: addressed
         24.1  src/acceptance/requirement/ledger.py#@@ -0,0 +1,301 @@
         24.2  src/acceptance/requirement/carry.py#@@ -0,0 +1,222 @@
         24.3  tests/requirement/test_carry_forward.py#@@ -0,0 +1,849 @@
       test evidence: strongly supported  [tier: static]
         24.4  tests/requirement/test_carry_forward.py::test_a_plan_with_no_prior_is_fresh
         24.5  tests/requirement/test_carry_forward.py::test_an_unknown_continued_run_is_not_an_error
         24.6  tests/requirement/test_carry_forward.py::test_no_continued_run_carries_nothing

  25. A carried obligation's source_quote is an exact substring of its requirement's text in the task file under review.
       requirements: constraint-15
       code evidence: addressed
         25.1  src/acceptance/requirement/carry.py#@@ -0,0 +1,222 @@
         25.2  tests/requirement/test_carry_forward.py#@@ -0,0 +1,849 @@
       test evidence: strongly supported  [tier: static]
         25.3  tests/requirement/test_carry_forward.py::test_a_carried_entry_quoting_text_the_requirement_lost_is_rederived
         25.4  tests/requirement/test_carry_forward.py::test_whitespace_only_reflow_does_not_strand_a_carried_span
         25.5  tests/requirement/test_obligation_attribution.py::test_a_quotation_is_found_across_a_line_break
         25.6  tests/requirement/test_obligation_attribution.py::test_a_quotation_matching_two_requirements_stays_with_the_one_it_was_attributed_to
         25.7  tests/requirement/test_obligations.py::test_archetype_1_includes_the_omitted_obligation
         25.8  tests/requirement/test_obligations.py::test_each_obligation_links_to_its_source_span

  26. An obligation whose source_quote is not such a substring is re-derived rather than carried.
       requirements: constraint-16
       code evidence: addressed
         26.1  src/acceptance/requirement/carry.py#@@ -0,0 +1,222 @@
         26.2  tests/requirement/test_carry_forward.py#@@ -0,0 +1,849 @@
       test evidence: strongly supported  [tier: static]
         26.3  tests/requirement/test_carry_forward.py::test_a_carried_entry_quoting_text_the_requirement_lost_is_rederived
         26.4  tests/requirement/test_carry_forward.py::test_whitespace_only_reflow_does_not_strand_a_carried_span
         26.5  tests/requirement/test_obligation_attribution.py::test_a_quotation_is_found_across_a_line_break

  27. An entry is carried only when re-deriving it would issue the same request key it was recorded under.
       requirements: constraint-17
       code evidence: addressed
         27.1  src/acceptance/requirement/ledger.py#@@ -0,0 +1,301 @@
         27.2  docs/DR-269-carry-key-excludes-registry-context.md#@@ -0,0 +1,120 @@
         27.3  src/acceptance/requirement/obligations.py#@@ -667,11 +760,39 @@ def _resolve_attributions(
       test evidence: strongly supported  [tier: static]
         27.4  tests/requirement/test_carry_forward.py::test_the_carry_key_reads_the_live_response_schema
         27.5  tests/requirement/test_decompose_partitioning.py::test_changing_the_batch_size_changes_the_request_key
         27.6  tests/test_llm.py::test_request_key_distinguishes_call_parameters
         27.7  tests/test_llm.py::test_request_key_distinguishes_prompt_and_schema
         27.8  tests/test_llm.py::test_request_key_is_stable_across_clients
         27.9  tests/test_supplied_ids.py::test_the_schema_name_is_preserved_so_the_request_key_stays_meaningful

  28. Decomposition carries a stage-logic version identifying behaviour that changes its output without changing its request.
       requirements: constraint-18
       code evidence: addressed
         28.1  src/acceptance/requirement/ledger.py#@@ -0,0 +1,301 @@
         28.2  src/acceptance/requirement/obligations.py#@@ -667,11 +760,39 @@ def _resolve_attributions(
       test evidence: strongly supported  [tier: static]
         28.3  tests/requirement/test_carry_forward.py::test_a_changed_stage_logic_version_invalidates_every_carried_entry
         28.4  tests/requirement/test_decompose_partitioning.py::test_provenance_reports_the_derivation_size_observed_from_the_calls

  29. An entry recorded under a different stage-logic version is not carried.
       requirements: constraint-19
       code evidence: addressed
         29.1  src/acceptance/requirement/carry.py#@@ -0,0 +1,222 @@
         29.2  tests/requirement/test_carry_forward.py#@@ -0,0 +1,849 @@
       test evidence: strongly supported  [tier: static]
         29.3  tests/requirement/test_carry_forward.py::test_a_changed_stage_logic_version_invalidates_every_carried_entry

  30. Every run reports an identifier for itself.
       requirements: task-02, constraint-20
       code evidence: addressed
         30.1  src/acceptance/cli.py#@@ -171,6 +180,12 @@ def run_check(
         30.2  src/acceptance/cli.py#@@ -780,6 +894,7 @@ def main(argv: list[str] | None = None) -> int:
         30.3  src/acceptance/cli.py#@@ -812,6 +930,13 @@ def main(argv: list[str] | None = None) -> int:
         30.4  src/acceptance/cli.py#@@ -853,6 +978,13 @@ def main(argv: list[str] | None = None) -> int:
       test evidence: strongly supported  [tier: static]
         30.5  tests/requirement/test_carry_forward.py::test_the_decompose_command_writes_a_ledger_entry_and_a_second_run_carries
         30.6  tests/test_cli.py::test_check_records_determinism_flags_in_provenance

  31. A run that continues a previous run records that run's identifier as its parent.
       requirements: constraint-21
       code evidence: addressed
         31.1  src/acceptance/cli.py#@@ -120,6 +126,9 @@ def run_check(
         31.2  src/acceptance/cli.py#@@ -185,8 +200,21 @@ def run_check(
         31.3  src/acceptance/cli.py#@@ -215,13 +243,28 @@ def remove_legacy_instruction_file(repo: Path) -> Path | None:
         31.4  src/acceptance/cli.py#@@ -788,6 +903,9 @@ def main(argv: list[str] | None = None) -> int:
         31.5  src/acceptance/requirement/ledger.py#@@ -0,0 +1,301 @@
       test evidence: strongly supported  [tier: static]
         31.6  tests/requirement/test_carry_forward.py::test_a_run_records_the_run_it_continues_as_its_parent
         31.7  tests/requirement/test_carry_forward.py::test_the_decompose_command_writes_a_ledger_entry_and_a_second_run_carries

  32. A run identifier appears in no review state.
       requirements: constraint-22
       code evidence: addressed
         (no corresponding change)
       test evidence: strongly supported  [tier: static]
         32.1  tests/requirement/test_carry_forward.py::test_a_run_identifier_appears_in_no_review_state

  33. A run identifier appears in no rendered report.
       requirements: constraint-23
       code evidence: addressed
         (no corresponding change)
       test evidence: strongly supported  [tier: static]
         33.1  tests/requirement/test_carry_forward.py::test_a_run_identifier_appears_in_no_review_state
         33.2  tests/test_cli.py::test_the_removal_leaves_the_report_as_the_only_statement_of_status

  34. Each run records its derivations in a ledger file of its own.
       requirements: constraint-24
       code evidence: addressed
         34.1  src/acceptance/requirement/ledger.py#@@ -0,0 +1,301 @@
         34.2  src/acceptance/cli.py#@@ -185,8 +200,21 @@ def run_check(
         34.3  src/acceptance/cli.py#@@ -241,8 +289,51 @@ def run_decompose(task: str, config: RunConfig) -> tuple[Decomposition, Unusable
       test evidence: strongly supported  [tier: static]
         34.4  tests/requirement/test_carry_forward.py::test_the_decompose_command_writes_a_ledger_entry_and_a_second_run_carries
         34.5  tests/requirement/test_carry_forward.py::test_the_review_pipeline_leaves_no_ledger_behind_when_given_no_sink
         34.6  tests/requirement/test_link_prefilter.py::test_both_records_survive_a_round_trip_through_the_persisted_review
         34.7  tests/test_cli.py::test_the_pipeline_persists_the_requirement_map

  35. A ledger file is appended to and never rewritten.
       requirements: constraint-25
       code evidence: addressed
         35.1  src/acceptance/requirement/ledger.py#@@ -0,0 +1,301 @@
       test evidence: strongly supported  [tier: static]
         35.2  tests/requirement/test_carry_forward.py::test_a_ledger_file_is_never_rewritten
         35.3  tests/requirement/test_carry_forward.py::test_the_decompose_command_writes_a_ledger_entry_and_a_second_run_carries
         35.4  tests/requirement/test_link_prefilter.py::test_both_records_survive_a_round_trip_through_the_persisted_review

  36. No ledger file is written under `.acceptance/cache/.
       requirements: constraint-26
       code evidence: addressed
         36.1  .gitignore#@@ -28,6 +28,14 @@ htmlcov/
         36.2  src/acceptance/requirement/ledger.py#@@ -0,0 +1,301 @@
       test evidence: not required — This is a scope-exclusion-style location constraint that is settled by the source layout, not by runtime behavior.

  37. A run's ledger records which requirements were carried, which were derived and which were revised.
       requirements: constraint-27
       code evidence: addressed
         37.1  src/acceptance/requirement/ledger.py#@@ -0,0 +1,301 @@
         37.2  src/acceptance/requirement/obligations.py#@@ -842,16 +980,164 @@ def decompose(
       test evidence: strongly supported  [tier: static]
         37.3  tests/requirement/test_carry_forward.py::test_the_decompose_command_writes_a_ledger_entry_and_a_second_run_carries
         37.4  tests/requirement/test_carry_forward.py::test_the_ledger_records_what_was_carried_derived_and_revised
         37.5  tests/requirement/test_decompose_partitioning.py::test_two_batches_minting_the_same_obligation_id_stay_separate
         37.6  tests/requirement/test_linking.py::test_the_pre_link_obligations_are_persisted_in_the_review_state

  38. A run's ledger records the request key of each derivation it performed.
       requirements: constraint-28
       code evidence: addressed
         38.1  src/acceptance/requirement/ledger.py#@@ -0,0 +1,301 @@
         38.2  src/acceptance/requirement/obligations.py#@@ -842,16 +980,164 @@ def decompose(
       test evidence: strongly supported  [tier: static]
         38.3  tests/requirement/test_carry_forward.py::test_the_ledger_records_the_request_key_of_each_derivation
         38.4  tests/requirement/test_decompose_partitioning.py::test_changing_the_batch_size_changes_the_request_key
         38.5  tests/requirement/test_requirement_map.py::test_the_ledger_entry_decompose_may_read_carries_no_implementation_context
         38.6  tests/test_llm.py::test_request_key_is_stable_across_clients
         38.7  tests/test_supplied_ids.py::test_the_schema_name_is_preserved_so_the_request_key_stays_meaningful

  39. A run's ledger records the stage-logic version it ran under.
       requirements: constraint-29
       code evidence: addressed
         39.1  src/acceptance/requirement/ledger.py#@@ -0,0 +1,301 @@
         39.2  src/acceptance/requirement/obligations.py#@@ -842,16 +980,164 @@ def decompose(
       test evidence: strongly supported  [tier: static]
         39.3  tests/requirement/test_carry_forward.py::test_the_ledger_records_what_was_carried_derived_and_revised
         39.4  tests/requirement/test_decompose_partitioning.py::test_provenance_reports_the_derivation_size_observed_from_the_calls
         39.5  tests/requirement/test_requirement_map.py::test_the_ledger_entry_decompose_may_read_carries_no_implementation_context

  40. A run's ledger records how many model calls it issued.
       requirements: constraint-30
       code evidence: addressed
         40.1  src/acceptance/requirement/ledger.py#@@ -0,0 +1,301 @@
         40.2  src/acceptance/requirement/obligations.py#@@ -842,16 +980,164 @@ def decompose(
       test evidence: strongly supported  [tier: static]
         40.3  tests/requirement/test_carry_forward.py::test_the_ledger_records_what_was_carried_derived_and_revised

  41. `review_state.py::RequirementDisposition` records whether its requirement was derived, carried or revised.
       requirements: constraint-31
       code evidence: addressed
         41.1  src/acceptance/review_state.py#@@ -379,6 +379,20 @@ class RequirementDisposition(_Model):
       test evidence: strongly supported  [tier: static]
         41.2  tests/requirement/test_carry_forward.py::test_every_requirement_is_recorded_as_carried
         41.3  tests/requirement/test_decompose_partitioning.py::test_a_disposition_for_a_requirement_the_call_was_not_given_is_recorded
         41.4  tests/requirement/test_obligation_echo.py::test_a_remainder_differing_in_any_single_field_is_kept
         41.5  tests/requirement/test_requirement_map.py::test_a_no_obligation_disposition_with_an_empty_reason_is_rejected
         41.6  tests/requirement/test_requirement_map.py::test_a_requirement_deliberately_yielding_nothing_carries_its_reason
         41.7  tests/requirement/test_requirement_map.py::test_a_requirement_disposed_twice_is_rejected
         41.8  tests/requirement/test_requirement_map.py::test_a_response_naming_a_requirement_outside_the_registry_is_rejected
         41.9  tests/requirement/test_requirement_map.py::test_a_response_that_never_mentions_a_requirement_is_rejected
         41.10  tests/requirement/test_requirement_map.py::test_a_supplied_reason_is_preserved_rather_than_replaced
         41.11  tests/requirement/test_requirement_map.py::test_an_open_question_disposition_naming_no_real_question_is_rejected
         41.12  tests/requirement/test_requirement_map.py::test_one_obligation_cannot_be_carried_by_two_requirements
         41.13  tests/requirement/test_requirement_map.py::test_the_disposition_set_is_exactly_the_three_of_decision_3
         41.14  tests/requirement/test_requirement_map.py::test_the_literal_tag_alone_decides_which_shape_a_disposition_is

  42. A carried requirement's disposition records the content digest of the derivation it was carried from.
       requirements: constraint-32
       code evidence: addressed
         42.1  src/acceptance/review_state.py#@@ -379,6 +379,20 @@ class RequirementDisposition(_Model):
         42.2  src/acceptance/requirement/obligations.py#@@ -842,16 +980,164 @@ def decompose(
         42.3  tests/requirement/test_carry_forward.py#@@ -0,0 +1,849 @@
       test evidence: strongly supported  [tier: static]
         42.4  tests/requirement/test_carry_forward.py::test_a_carried_disposition_records_the_digest_it_came_from_not_a_run_id

  43. A revised requirement's disposition records why it was revised.
       requirements: constraint-33
       code evidence: addressed
         43.1  src/acceptance/review_state.py#@@ -379,6 +379,20 @@ class RequirementDisposition(_Model):
         43.2  src/acceptance/requirement/obligations.py#@@ -842,16 +980,164 @@ def decompose(
       test evidence: unsupported  [tier: static]
         (no mapped test)
         recommended test: A revised requirement disposition stores a reason explaining why it was revised.
           inputs:  Construct a prior ledger entry with one requirement whose text will be edited in the next run, then run decomposition on the edited task so that the requirement is classified as revised rather than carried. The edited requirement must have a non-empty old wording and a changed new wording, not just a renamed id or whitespace-only change.
           detects: A revised requirement is being stored without any explanatory reason, or the reason is missing from the persisted ledger/disposition even though the requirement was re-asked.
           full detail: acceptance recommendation --criterion revised-requirement-records-revision-reason

  44. Each field added to `RequirementDisposition` has a default that preserves the meaning of dispositions written before this change.
       requirements: constraint-34
       code evidence: addressed
         44.1  src/acceptance/review_state.py#@@ -379,6 +379,20 @@ class RequirementDisposition(_Model):
       test evidence: not required — This is a schema/defaults property that is settled by the source definition of RequirementDisposition, not by runtime behavior.

  45. Review state records no wall-clock time.
       requirements: constraint-35
       code evidence: addressed
         (no corresponding change)
       test evidence: not required — This is a structural property of the recorded state, which can be verified directly from the schema and persistence code.

  46. The change does not infer that a task file continues a previous run without being told which run it continues.
       requirements: exclusion-01
       code evidence: addressed
         examined 43 changes across 12 files; none breaches this boundary
       test evidence: strongly supported  [tier: static]
         46.1  tests/requirement/test_requirement_map.py::test_text_the_parse_never_read_is_carried_into_the_mapping
         46.2  tests/requirement/test_requirement_map.py::test_the_cli_shouts_about_text_that_was_never_read

  47. Any continued run is named by its identifier.
       requirements: exclusion-02
       code evidence: addressed
         examined 43 changes across 12 files; none breaches this boundary
       test evidence: not required — This is a representation/interface constraint that is satisfied by the stored and referenced form itself.

  48. The change does not perform prior-review selection for stages other than decomposition.
       requirements: exclusion-03
       code evidence: addressed
         examined 43 changes across 12 files; none breaches this boundary
       test evidence: not required — This is a scope exclusion about work not being done, which is settled by inspecting the implementation.

  49. The change does not count how many runs a decomposition took to settle.
       requirements: exclusion-04
       code evidence: addressed
         examined 43 changes across 12 files; none breaches this boundary
       test evidence: not required — This excludes a kind of bookkeeping work, which is settled by the source rather than by tests.

  50. The change does not derive a requirement more than once within a single run.
       requirements: exclusion-05
       [carried forward from c7bbd46d — not re-derived for this head]
       code evidence: addressed
         examined 43 changes across 12 files; none breaches this boundary
       test evidence: strongly supported  [tier: static]
         50.1  tests/requirement/test_decompose_partitioning.py::test_a_disposition_for_a_requirement_the_call_was_not_given_is_recorded
         50.2  tests/requirement/test_decompose_partitioning.py::test_two_batches_minting_the_same_obligation_id_stay_separate
         50.3  tests/requirement/test_obligation_echo.py::test_a_remainder_differing_in_any_single_field_is_kept
         50.4  tests/requirement/test_obligations.py::test_duplicate_ids_are_made_unique
         50.5  tests/requirement/test_obligations.py::test_ids_are_unique_across_obligations_and_open_questions

  51. The change does not specify what the decomposer derives from a requirement it does derive fresh.
       requirements: exclusion-06
       code evidence: not required — This exclusion leaves the actual fresh-derivation content intentionally unspecified here, so the repository cannot settle it.
       test evidence: not required — This exclusion leaves the actual fresh-derivation content intentionally unspecified here, so the repository cannot settle it.

  52. The change does not specify the wording the decomposer chooses for an obligation it derives fresh.
       requirements: exclusion-07
       code evidence: not required — This excludes a wording choice rather than a checkable code path, so the repository cannot settle it.
       test evidence: not required — This excludes a wording choice rather than a checkable code path, so the repository cannot settle it.

  53. Decomposition is incremental over recorded state: unchanged requirements keep their previously derived obligations without a model call, edited requirements are re-derived from prior text, new requirements are derived fresh, and disappeared requirements have their obligations dropped.
       requirements: task-01
       code evidence: addressed
         53.1  src/acceptance/requirement/carry.py#@@ -0,0 +1,222 @@
         53.2  src/acceptance/requirement/obligations.py#@@ -719,12 +840,29 @@ def decompose(
         53.3  src/acceptance/requirement/obligations.py#@@ -842,16 +980,164 @@ def decompose(
       test evidence: strongly supported  [tier: static]
         53.4  tests/requirement/test_carry_forward.py::test_the_plan_issues_calls_only_for_what_changed
         53.5  tests/requirement/test_decompose_partitioning.py::test_every_requirement_carries_a_disposition_after_the_merge
         53.6  tests/test_rerun.py::test_a_rerun_still_reports_a_gap_in_code_the_new_work_never_touched

  54. The obligations of an unchanged requirement are carried forward.
       requirements: task-01
       code evidence: addressed
         54.1  src/acceptance/requirement/carry.py#@@ -0,0 +1,222 @@
         54.2  src/acceptance/requirement/obligations.py#@@ -842,16 +980,164 @@ def decompose(
       test evidence: strongly supported  [tier: static]
         54.3  tests/requirement/test_carry_forward.py::test_a_rerun_over_an_unchanged_task_file_returns_byte_identical_obligations
         54.4  tests/requirement/test_carry_forward.py::test_every_requirement_is_recorded_as_carried
         54.5  tests/requirement/test_carry_forward.py::test_the_plan_issues_calls_only_for_what_changed
         54.6  tests/requirement/test_linking.py::test_both_requirements_name_the_surviving_obligation_in_the_stored_map
         54.7  tests/requirement/test_linking.py::test_no_requirement_is_left_without_an_obligation_by_a_merge
         54.8  tests/requirement/test_linking.py::test_one_requirement_stated_in_two_sections_yields_one_obligation_linked_to_both
         54.9  tests/requirement/test_linking.py::test_the_pipeline_links_duplicates_before_the_rest_of_the_review_runs
         54.10  tests/test_rerun.py::test_a_rerun_still_reports_a_gap_in_code_the_new_work_never_touched

  55. An edited requirement is re-derived from its previous text and its new text.
       requirements: task-01
       code evidence: addressed
         55.1  src/acceptance/requirement/obligations.py#@@ -486,9 +519,69 @@ def _user_prompt(registry: list[RequirementRef], answer_for: set[str]) -> str:
         55.2  src/acceptance/requirement/obligations.py#@@ -719,12 +840,29 @@ def decompose(
         55.3  tests/requirement/test_carry_forward.py#@@ -0,0 +1,849 @@
       test evidence: strongly supported  [tier: static]
         55.4  tests/requirement/test_carry_forward.py::test_an_edited_requirements_persisting_obligations_keep_their_identifiers
         55.5  tests/requirement/test_linking.py::test_the_prompt_shows_typed_fields_and_never_the_task_files_markdown

  56. A new requirement is derived fresh.
       requirements: task-01
       code evidence: addressed
         56.1  src/acceptance/requirement/carry.py#@@ -0,0 +1,222 @@
         56.2  tests/requirement/test_carry_forward.py#@@ -0,0 +1,849 @@
       test evidence: strongly supported  [tier: static]
         56.3  tests/requirement/test_carry_forward.py::test_a_ledger_recording_a_different_task_produces_what_an_empty_ledger_does

  57. A requirement that disappeared has its obligations dropped.
       requirements: task-01
       code evidence: addressed
         57.1  src/acceptance/requirement/carry.py#@@ -0,0 +1,222 @@
         57.2  src/acceptance/requirement/obligations.py#@@ -842,16 +980,164 @@ def decompose(
         57.3  tests/requirement/test_carry_forward.py#@@ -0,0 +1,849 @@
       test evidence: strongly supported  [tier: static]
         57.4  tests/requirement/test_carry_forward.py::test_a_removed_requirement_is_reported_and_its_obligations_dropped

  58. Each run identifies itself and records what it derived so that a later run can name it as the run it continues.
       requirements: task-02
       code evidence: addressed
         58.1  src/acceptance/cli.py#@@ -215,13 +243,28 @@ def remove_legacy_instruction_file(repo: Path) -> Path | None:
         58.2  src/acceptance/cli.py#@@ -241,8 +289,51 @@ def run_decompose(task: str, config: RunConfig) -> tuple[Decomposition, Unusable
         58.3  src/acceptance/cli.py#@@ -780,6 +894,7 @@ def main(argv: list[str] | None = None) -> int:
         58.4  src/acceptance/cli.py#@@ -839,7 +964,7 @@ def main(argv: list[str] | None = None) -> int:
       test evidence: strongly supported  [tier: static]
         58.5  tests/benchmark/test_coverage.py::test_cli_and_benchmark_share_one_pipeline
         58.6  tests/requirement/test_linking.py::test_the_decompose_command_runs_the_linking_pass

  59. Each run records what it derived.
       requirements: task-02
       code evidence: addressed
         59.1  src/acceptance/requirement/obligations.py#@@ -842,16 +980,164 @@ def decompose(
         59.2  src/acceptance/cli.py#@@ -241,8 +289,51 @@ def run_decompose(task: str, config: RunConfig) -> tuple[Decomposition, Unusable
       test evidence: strongly supported  [tier: static]
         59.3  tests/benchmark/test_coverage.py::test_cli_and_benchmark_share_one_pipeline
         59.4  tests/requirement/test_carry_forward.py::test_the_decompose_command_writes_a_ledger_entry_and_a_second_run_carries
         59.5  tests/requirement/test_carry_forward.py::test_the_ledger_records_the_request_key_of_each_derivation
         59.6  tests/requirement/test_carry_forward.py::test_the_ledger_records_what_was_carried_derived_and_revised
         59.7  tests/requirement/test_carry_forward.py::test_the_review_pipeline_carries_forward_and_hands_back_what_it_derived
         59.8  tests/requirement/test_carry_forward.py::test_the_review_pipeline_leaves_no_ledger_behind_when_given_no_sink
         59.9  tests/requirement/test_decompose_partitioning.py::test_every_requirement_carries_a_disposition_after_the_merge
         59.10  tests/requirement/test_link_prefilter.py::test_both_records_survive_a_round_trip_through_the_persisted_review
         59.11  tests/requirement/test_linking.py::test_the_decompose_command_runs_the_linking_pass
         59.12  tests/requirement/test_linking.py::test_the_pre_link_obligations_are_persisted_in_the_review_state
         59.13  tests/requirement/test_requirement_map.py::test_the_cli_lists_every_requirement_including_the_ones_yielding_nothing
         59.14  tests/requirement/test_requirement_map.py::test_the_cli_says_when_an_obligation_serves_other_requirements
         59.15  tests/requirement/test_requirement_map.py::test_the_header_counts_declines_without_claiming_a_check_it_no_longer_makes
         59.16  tests/requirement/test_requirement_map.py::test_the_prompt_carries_identified_requirements_not_raw_markdown
         59.17  tests/test_cli.py::test_check_records_determinism_flags_in_provenance
         59.18  tests/test_cli.py::test_the_pipeline_persists_the_requirement_map

  60. The recorded run information supports a later run naming it as the run it continues.
       requirements: task-02
       code evidence: addressed
         60.1  src/acceptance/cli.py#@@ -690,6 +781,17 @@ def build_parser() -> argparse.ArgumentParser:
         60.2  src/acceptance/cli.py#@@ -724,6 +826,18 @@ def build_parser() -> argparse.ArgumentParser:
         60.3  src/acceptance/cli.py#@@ -812,6 +930,13 @@ def main(argv: list[str] | None = None) -> int:
         60.4  src/acceptance/requirement/ledger.py#@@ -0,0 +1,301 @@
       test evidence: strongly supported  [tier: static]
         60.5  tests/requirement/test_carry_forward.py::test_a_run_records_the_run_it_continues_as_its_parent
         60.6  tests/test_rerun.py::test_nothing_from_a_non_selected_ancestor_review_reaches_the_rerun

Mandate coverage: 54 of 55 requirements yielded obligations
  1 deliberately declined, taken at face value and not counted against coverage
  1. [no_obligation] completion-01: Implementation
       reason: This section marker names the implementation area but does not itself state a checkable requirement.

Unrequested changes:
  1. [in_service] Added a new docs note arguing for a carry-key design choice and discussing cross-requirement contamination, but none of the obligations ask for this explanatory document or its specific content.
       docs/DR-269-carry-key-excludes-registry-context.md#@@ -0,0 +1,120 @@
  2. [in_service] The .gitignore edit adds `.acceptance/ledger/` to ignored paths. The obligations require ledger files to exist and be written, but do not ask to change ignore rules or repository hygiene.
       .gitignore#@@ -28,6 +28,14 @@ htmlcov/
  3. [in_service] `run_check` now mints and records run ids, accepts continuation/ledger parameters, and writes ledger entries. The obligations cover decomposition carry-forward and run identifiers for decomposition, but not changing the `check` pipeline to participate in ledgering or continuation.
       src/acceptance/cli.py#@@ -120,6 +126,9 @@ def run_check(
       src/acceptance/cli.py#@@ -171,6 +180,12 @@ def run_check(
       src/acceptance/cli.py#@@ -185,8 +200,21 @@ def run_check(
       src/acceptance/cli.py#@@ -788,6 +903,9 @@ def main(argv: list[str] | None = None) -> int:
       src/acceptance/cli.py#@@ -812,6 +930,13 @@ def main(argv: list[str] | None = None) -> int:
  4. [in_service] `run_decompose` changed signature and return type to accept continuation/ledger inputs and return a run id. That is a public API change beyond the minimum implied by the obligations, which only require the behavior of continued decomposition, not this exact interface shape.
       src/acceptance/cli.py#@@ -215,13 +243,28 @@ def remove_legacy_instruction_file(repo: Path) -> Path | None:
       src/acceptance/cli.py#@@ -839,7 +964,7 @@ def main(argv: list[str] | None = None) -> int:
       src/acceptance/cli.py#@@ -853,6 +978,13 @@ def main(argv: list[str] | None = None) -> int:
  5. [in_service] `run_decompose` now writes a ledger entry, reports run metadata to stderr, and exposes a new `--continue` CLI option. The obligations require continued-run support and run identifiers, but do not specifically require this CLI surface or stderr reporting behavior.
       src/acceptance/cli.py#@@ -215,13 +243,28 @@ def remove_legacy_instruction_file(repo: Path) -> Path | None:
       src/acceptance/cli.py#@@ -241,8 +289,51 @@ def run_decompose(task: str, config: RunConfig) -> tuple[Decomposition, Unusable
       src/acceptance/cli.py#@@ -690,6 +781,17 @@ def build_parser() -> argparse.ArgumentParser:
       src/acceptance/cli.py#@@ -724,6 +826,18 @@ def build_parser() -> argparse.ArgumentParser:
       src/acceptance/cli.py#@@ -780,6 +894,7 @@ def main(argv: list[str] | None = None) -> int:
       src/acceptance/cli.py#@@ -812,6 +930,13 @@ def main(argv: list[str] | None = None) -> int:
       src/acceptance/cli.py#@@ -839,7 +964,7 @@ def main(argv: list[str] | None = None) -> int:
       src/acceptance/cli.py#@@ -853,6 +978,13 @@ def main(argv: list[str] | None = None) -> int:
  6. [separable] `run_review` gained ledger-prior and ledger-sink plumbing, and now passes prior ledger state into decomposition/linking. The obligations are about decomposition carry-forward and ledger recording, not about altering the review pipeline to thread this state through.
       src/acceptance/pipeline.py#@@ -237,6 +238,8 @@ def run_review(
       src/acceptance/pipeline.py#@@ -254,7 +257,17 @@ def run_review(
       src/acceptance/pipeline.py#@@ -262,8 +275,13 @@ def run_review(
  7. [in_service] The new `carry.py` module introduces a substantial planning/alignment subsystem, including `plan_carry`, `stale_spans`, and helper reporting. The obligations require carry-forward behavior, but not this specific decomposition of the logic or the extra helper API surface.
       src/acceptance/requirement/carry.py#@@ -0,0 +1,222 @@
  8. [in_service] The new `ledger.py` module adds run-id generation, carry-key hashing, merge-decision fingerprinting, append-only storage, and several helper methods. The obligations require recording runs and carried/derived/revised requirements, but not this exact ledger schema or helper set.
       src/acceptance/requirement/ledger.py#@@ -0,0 +1,301 @@
  9. [in_service] `link_duplicate_obligations` now carries prior merge decisions forward and records them in the decomposition. The obligations do require merge decisions to be carried or re-asked, but the added persistence and merge-decision recording behavior goes beyond the specific asked-for carry-forward semantics.
       src/acceptance/requirement/linking.py#@@ -61,6 +61,7 @@ from collections.abc import Sequence
       src/acceptance/requirement/linking.py#@@ -432,6 +433,7 @@ def link_duplicate_obligations(
       src/acceptance/requirement/linking.py#@@ -477,9 +479,33 @@ def link_duplicate_obligations(
       src/acceptance/requirement/linking.py#@@ -497,8 +523,14 @@ def link_duplicate_obligations(
       src/acceptance/requirement/linking.py#@@ -516,9 +548,19 @@ def link_duplicate_obligations(
  10. [in_service] `decompose` now accepts a `prior` ledger entry, computes carry keys, skips calls for carried requirements, rebuilds ordering, and emits ledger-oriented derivation records. The obligations require incremental decomposition, but not this exact internal architecture or the extra derivation bookkeeping fields.
       src/acceptance/requirement/obligations.py#@@ -41,9 +41,23 @@ from typing import Literal
       src/acceptance/requirement/obligations.py#@@ -440,9 +454,28 @@ class Decomposition(PersistableModel):
       src/acceptance/requirement/obligations.py#@@ -486,9 +519,69 @@ def _user_prompt(registry: list[RequirementRef], answer_for: set[str]) -> str:
       src/acceptance/requirement/obligations.py#@@ -667,11 +760,39 @@ def _resolve_attributions(
       src/acceptance/requirement/obligations.py#@@ -719,12 +840,29 @@ def decompose(
       src/acceptance/requirement/obligations.py#@@ -842,16 +980,164 @@ def decompose(
       src/acceptance/requirement/obligations.py#@@ -924,6 +1210,7 @@ def _requirement_map(
       src/acceptance/requirement/obligations.py#@@ -953,7 +1240,30 @@ def _requirement_map(
       src/acceptance/requirement/obligations.py#@@ -962,6 +1272,9 @@ def _requirement_map(
  11. [in_service] `RequirementDisposition` gained derivation/carry metadata fields. The obligations do require recording derivation status and carried-from/revision reasons, but the broader model-shape change and its defaults are implementation choices beyond the explicit request.
       src/acceptance/review_state.py#@@ -379,6 +379,20 @@ class RequirementDisposition(_Model):
  12. [in_service] The new carry-forward test file is very large and includes many tests beyond the directly requested acceptance/regression coverage, including detailed prompt assertions and helper-specific checks. Those extra tests are not themselves required by the obligations as written.
       tests/requirement/test_carry_forward.py#@@ -0,0 +1,849 @@
  13. [in_service] `tests/requirement/test_linking.py` was updated to pass a ledger store into `run_decompose`. The obligations require linking carry-forward behavior, but not changing these existing linking tests to exercise the new ledger plumbing.
       tests/requirement/test_linking.py#@@ -11,6 +11,7 @@ attributable.
       tests/requirement/test_linking.py#@@ -537,7 +538,9 @@ def test_the_decompose_command_runs_the_linking_pass(tmp_path, monkeypatch):
       tests/requirement/test_linking.py#@@ -555,7 +558,9 @@ def test_the_decompose_command_surfaces_an_unreconciled_group(tmp_path, monkeypa
  14. [in_service] `tests/requirement/test_requirement_map.py` now asserts a new `prior` parameter on `decompose` and inspects new ledger-related model fields. The obligations require behavior, not this exact public signature/test contract, so this is an interface-level expansion beyond the task wording.
       tests/requirement/test_requirement_map.py#@@ -713,7 +713,13 @@ def test_decompose_cannot_reach_a_diff_or_a_head_revision():
       tests/requirement/test_requirement_map.py#@@ -722,6 +728,40 @@ def test_decompose_cannot_reach_a_diff_or_a_head_revision():

Changes since c7bbd46d:
  closed:
    - A change to the decompose response schema prevents carrying the obligations derived under the previous schema.
        code evidence: addressed -> addressed
        test evidence: unsupported -> strongly supported
  moved:
    - The decomposition movements recorded as correct in `tests/fixtures/decompose-stability/` are still produced when the task file genuinely changes.
        test evidence: strongly supported -> unsupported
    - A revised requirement's disposition records why it was revised.
        test evidence: strongly supported -> unsupported
  1 obligation(s) carried forward unchanged — their code and tests were untouched by this work.

Evidence limitations:
  1. Judgments are static inferences unless a higher tier is recorded; the full application was not independently executed.

Next: retrieve a criterion's full recommendation with
  acceptance recommendation --criterion <id>run f365593d87d9710a
  continue this run with: --continue f365593d87d9710a

