Requirements: 30   with obligations: 25   deliberately none: 5   unaccounted for: 0

[task-01] The §16 report prints test recommendations in their own block at the foot of
    the report. An obligation whose test evidence is weak says nothing about the
    recommendation that explains it, and the recommendation identifies its obligation
    only through a `--criterion` slug that appears nowhere in the obligation's own
    block. Joining the two is manual, and in the run that prompted this they sat about
    two hundred lines apart.
    -> render-recommendation-with-obligation  [functional/explicit]   (also serves task-02, task-04, constraint-01, completion-03)
       Render each test recommendation inside the block for the obligation it explains,
       so the recommendation and its obligation appear together.
    -> criterion-retrieval-line-stays-with-recommendation  [compatibility/explicit]   (also serves task-02, constraint-04)
       Keep the `--criterion` retrieval line attached to each recommendation.

[task-02] §16 already rules this out: output is organised by obligation so that a
    criterion's axes sit together rather than in separate lists the reader must join by
    eye. A recommendation is a third axis and received exactly the treatment §16
    forbids. The join key already exists, because `TestRecommendation.obligation_id` is
    what builds the `--criterion` command.
    -> recommendation-on-test-evidence-axis  [functional/explicit]   (also serves constraint-02)
       Render each recommendation on the test-evidence axis, matching the axis it
       explains.
    -> render-recommendation-with-obligation  [functional/explicit]   (also serves task-01, task-04, constraint-01, completion-03)
       Render each test recommendation inside the block for the obligation it explains,
       so the recommendation and its obligation appear together.
    -> criterion-retrieval-line-stays-with-recommendation  [compatibility/explicit]   (also serves task-01, constraint-04)
       Keep the `--criterion` retrieval line attached to each recommendation.

[task-03] Separately, `coverage/recommendations.py::recommend_tests` iterates the
    recommendations a response returned and never reconciles them against the weak
    obligations it asked about. A response returning three recommendations for five weak
    obligations produces a report in which two weak obligations carry none, and nothing
    distinguishes that from a complete answer.
    -> reject-missing-recommendation-for-weak-obligation  [error_handling/explicit]   (also serves task-04, constraint-08, completion-05)
       Reject a response that omits a recommendation for any supplied weak obligation.
    -> reject-recommendation-for-nonweak-obligation  [error_handling/explicit]   (also serves constraint-09, completion-06)
       Reject a response that names an obligation that is not weak instead of silently
       dropping it.
    -> recommendation-count-matches-weak-obligation-count  [invariant/explicit]   (also serves constraint-10, completion-07)
       Ensure the number of recommendations in a produced review equals the number of
       weak obligations.
    -> verdict-summary-counts-weak-obligations-from-obligations  [functional/explicit]   (also serves constraint-11)
       Compute the verdict summary's weak-obligation count from the obligations
       themselves rather than from the recommendation list.

[task-04] Render each recommendation with the obligation it explains, and make a missing
    recommendation an error rather than an absence.
    -> render-recommendation-with-obligation  [functional/explicit]   (also serves task-01, task-02, constraint-01, completion-03)
       Render each test recommendation inside the block for the obligation it explains,
       so the recommendation and its obligation appear together.
    -> reject-missing-recommendation-for-weak-obligation  [error_handling/explicit]   (also serves task-03, constraint-08, completion-05)
       Reject a response that omits a recommendation for any supplied weak obligation.

[constraint-01] A recommendation is rendered inside the block of the obligation it
    names.
    -> render-recommendation-with-obligation  [functional/explicit]   (also serves task-01, task-02, task-04, completion-03)
       Render each test recommendation inside the block for the obligation it explains,
       so the recommendation and its obligation appear together.

[constraint-02] A recommendation is rendered on the test-evidence axis, which is the
    axis it explains.
    -> recommendation-on-test-evidence-axis  [functional/explicit]   (also serves task-02)
       Render each recommendation on the test-evidence axis, matching the axis it
       explains.

[constraint-03] The report contains no standalone recommendations section.
    -> no-standalone-recommendations-section  [invariant/explicit]   (also serves completion-02, completion-08)
       Preserve the report structure so it contains no standalone recommendations
       section.

[constraint-04] The `--criterion` retrieval line stays with each recommendation.
    -> criterion-retrieval-line-stays-with-recommendation  [compatibility/explicit]   (also serves task-01, task-02)
       Keep the `--criterion` retrieval line attached to each recommendation.

[constraint-05] The report keeps its closing line pointing at the retrieval command.
    -> closing-line-points-at-retrieval-command  [compatibility/explicit]
       Preserve the report's closing line so it points at the retrieval command.

[constraint-06] An obligation whose test evidence is below strongly supported carries a
    recommendation.
    -> weak-obligation-carries-recommendation  [functional/explicit]
       Ensure every obligation whose test evidence is below strongly supported carries a
       recommendation.

[constraint-07] An obligation whose test evidence is strongly supported carries none.
    -> strongly-supported-obligation-carries-none  [invariant/explicit]   (also serves completion-04)
       Preserve the behavior that strongly supported obligations carry no
       recommendation.

[constraint-08] A response that omits a recommendation for a weak obligation the call
    supplied is rejected.
    -> reject-missing-recommendation-for-weak-obligation  [error_handling/explicit]   (also serves task-03, task-04, completion-05)
       Reject a response that omits a recommendation for any supplied weak obligation.

[constraint-09] A response naming an obligation that is not weak is rejected rather than
    silently dropped.
    -> reject-recommendation-for-nonweak-obligation  [error_handling/explicit]   (also serves task-03, completion-06)
       Reject a response that names an obligation that is not weak instead of silently
       dropping it.

[constraint-10] The count of recommendations in a produced review equals the count of
    weak obligations.
    -> recommendation-count-matches-weak-obligation-count  [invariant/explicit]   (also serves task-03, completion-07)
       Ensure the number of recommendations in a produced review equals the number of
       weak obligations.

[constraint-11] The verdict summary counts weak obligations from the obligations
    themselves, not from the recommendation list.
    -> verdict-summary-counts-weak-obligations-from-obligations  [functional/explicit]   (also serves task-03)
       Compute the verdict summary's weak-obligation count from the obligations
       themselves rather than from the recommendation list.

[constraint-12] Typed schemas are pydantic models, as the rest of the repository defines
    them.
    -> typed-schemas-are-pydantic-models  [compatibility/explicit]
       Represent typed schemas as pydantic models, consistent with the rest of the
       repository.

[constraint-13] Tests issue no live model calls.
    -> tests-avoid-live-model-calls  [regression/explicit]
       Keep tests free of live model calls.

[exclusion-01] Whether an obligation needs test evidence at all, which is #148. The rule
    built here is that a recommendation exists exactly when test evidence is below
    strongly supported; the further condition that tests are the right evidence for the
    obligation is not computable until #148 lands.
    -> recommendation-exists-exactly-when-test-evidence-below-strongly-supported  [functional/inferred]
       Make recommendation existence depend exactly on test evidence being below
       strongly supported, while preserving the separate #148 rule about whether test
       evidence is needed at all.

[exclusion-02] Changing the strength classifier, or what counts as weak.
    -- no obligation, deliberately
       Scope exclusion only; it preserves the existing strength classifier and
       weak/strong threshold unchanged.

[exclusion-03] Changing what a recommendation contains.
    -- no obligation, deliberately
       Scope exclusion only; it preserves the existing recommendation contents
       unchanged.

[exclusion-04] Retrying or repairing a rejected response.
    -- no obligation, deliberately
       Scope exclusion only; it preserves the absence of retry/repair behavior.

[exclusion-05] The separate rendering of open questions and unrequested changes.
    -- no obligation, deliberately
       Scope exclusion only; it preserves the separate rendering of open questions and
       unrequested changes.

[completion-01] Implementation
    -- no obligation, deliberately
       Section marker only; it introduces no checkable requirement.

[completion-02] A report containing weak obligations has no standalone recommendations
    section.
    -> no-standalone-recommendations-section  [invariant/explicit]   (also serves constraint-03, completion-08)
       Preserve the report structure so it contains no standalone recommendations
       section.

[completion-03] Each weak obligation's rendered block contains its own recommendation.
    -> render-recommendation-with-obligation  [functional/explicit]   (also serves task-01, task-02, task-04, constraint-01)
       Render each test recommendation inside the block for the obligation it explains,
       so the recommendation and its obligation appear together.

[completion-04] A strongly supported obligation's rendered block contains no
    recommendation.
    -> strongly-supported-obligation-carries-none  [invariant/explicit]   (also serves constraint-07)
       Preserve the behavior that strongly supported obligations carry no
       recommendation.

[completion-05] A response omitting a recommendation for a supplied weak obligation is
    rejected.
    -> reject-missing-recommendation-for-weak-obligation  [error_handling/explicit]   (also serves task-03, task-04, constraint-08)
       Reject a response that omits a recommendation for any supplied weak obligation.

[completion-06] A response naming a non-weak obligation is rejected.
    -> reject-recommendation-for-nonweak-obligation  [error_handling/explicit]   (also serves task-03, constraint-09)
       Reject a response that names an obligation that is not weak instead of silently
       dropping it.

[completion-07] A review carrying weak obligations has one recommendation per weak
    obligation.
    -> recommendation-count-matches-weak-obligation-count  [invariant/explicit]   (also serves task-03, constraint-10)
       Ensure the number of recommendations in a produced review equals the number of
       weak obligations.

[completion-08] A report with no weak obligations renders no recommendation text.
    -> no-standalone-recommendations-section  [invariant/explicit]   (also serves constraint-03, completion-02)
       Preserve the report structure so it contains no standalone recommendations
       section.

