Task completion: INCOMPLETE

1 obligation(s) with non-discriminating test evidence (changed-test-evidence-rating-justify-itself).

Obligations:

  1. A rating it moves must rest on one of the changes it was given.
       requirements: task-01
       code evidence: addressed
         1.1  src/acceptance/evidence/anchoring.py#@@ -0,0 +1,130 @@
         1.2  src/acceptance/evidence/discrimination.py#@@ -55,6 +59,25 @@ tested inputs is NOT caught (the input fails to discriminate).
         1.3  src/acceptance/evidence/discrimination.py#@@ -86,6 +109,26 @@ class _Discrimination(StrictResponseModel):
         1.4  src/acceptance/evidence/discrimination.py#@@ -109,6 +153,12 @@ def _render_prompt(
         1.5  src/acceptance/evidence/discrimination.py#@@ -130,16 +180,54 @@ def _render_prompt(
         1.6  src/acceptance/evidence/discrimination.py#@@ -148,16 +236,30 @@ def judge_discrimination(
         1.7  src/acceptance/evidence/discrimination.py#@@ -170,20 +272,37 @@ def judge_discrimination(
         1.8  src/acceptance/supplied_ids.py#@@ -159,12 +159,24 @@ class UnusableAnswerLog:
       test evidence: strongly supported  [tier: static]
         1.9  tests/evidence/test_anchoring.py::test_a_move_resting_on_another_criterions_change_is_rejected

  2. A changed test-evidence rating justify itself.
       requirements: task-01
       code evidence: not required — The requirement asks for a test demand, so the test itself is the whole obligation.
       test evidence: unsupported  [tier: static]
         (no mapped test)
         recommended test: A test asserts that a changed test-evidence rating is justified by one of the changes it was given.
           inputs:  Use an anchored re-judgement scenario where the prior review stored a rating for a criterion, the fresh judgement changes the implied evidence class, and the response names a change id that is supplied to the call but belongs to a different criterion in the same batch. The input must include at least two anchored criteria in one request so the schema-level union of allowed ids would still accept the foreign id.
           detects: The implementation only checks that `rests_on` contains some supplied change id from the batch, rather than verifying that the cited change belongs to the same criterion whose rating moved.
           full detail: acceptance recommendation --criterion changed-test-evidence-rating-justify-itself

  3. A judgement requested for a changed criterion includes the stored rating for that criterion.
       requirements: constraint-01
       code evidence: addressed
         3.1  src/acceptance/evidence/anchoring.py#@@ -0,0 +1,130 @@
         3.2  src/acceptance/evidence/discrimination.py#@@ -109,6 +153,12 @@ def _render_prompt(
       test evidence: strongly supported  [tier: static]
         3.3  tests/evidence/test_anchoring.py::test_a_changed_criterion_is_given_the_rating_stored_for_it

  4. A judgement requested for a changed criterion includes the changes to that criterion's dependencies.
       requirements: constraint-02
       code evidence: addressed
         4.1  src/acceptance/evidence/anchoring.py#@@ -0,0 +1,130 @@
         4.2  src/acceptance/evidence/discrimination.py#@@ -109,6 +153,12 @@ def _render_prompt(
       test evidence: strongly supported  [tier: static]
         4.3  tests/evidence/test_anchoring.py::test_a_changed_criterion_is_given_the_changes_to_its_dependencies
         4.4  tests/evidence/test_anchoring.py::test_an_anchor_names_the_changed_files_this_criterion_depends_on

  5. The stored rating and the dependency changes supplied to a judgement are recorded as part of the request under which that judgement is recorded.
       requirements: constraint-03
       code evidence: addressed
         5.1  src/acceptance/evidence/discrimination.py#@@ -109,6 +153,12 @@ def _render_prompt(
         5.2  src/acceptance/evidence/discrimination.py#@@ -148,16 +236,30 @@ def judge_discrimination(
       test evidence: strongly supported  [tier: static]
         5.3  tests/evidence/test_anchoring.py::test_an_anchor_names_the_changed_files_this_criterion_depends_on

  6. A judgement that alters a rating names one of the changes it was given.
       requirements: constraint-04
       code evidence: addressed
         6.1  src/acceptance/evidence/discrimination.py#@@ -86,6 +109,26 @@ class _Discrimination(StrictResponseModel):
         6.2  src/acceptance/evidence/discrimination.py#@@ -148,16 +236,30 @@ def judge_discrimination(
         6.3  tests/evidence/test_anchoring.py#@@ -0,0 +1,535 @@
       test evidence: strongly supported  [tier: static]
         6.4  tests/evidence/test_anchoring.py::test_a_move_resting_on_another_criterions_change_is_rejected

  7. The code that reads a judgement rejects a rating-changing judgement that names no change it was given.
       requirements: constraint-05
       code evidence: addressed
         7.1  src/acceptance/evidence/discrimination.py#@@ -130,16 +180,54 @@ def _render_prompt(
         7.2  src/acceptance/evidence/discrimination.py#@@ -148,16 +236,30 @@ def judge_discrimination(
         7.3  src/acceptance/supplied_ids.py#@@ -159,12 +159,24 @@ class UnusableAnswerLog:
       test evidence: strongly supported  [tier: static]
         7.4  tests/benchmark/test_rating_regression.py::test_the_corpus_findings_survive_the_anchored_rejudgement
         7.5  tests/evidence/test_anchoring.py::test_a_move_resting_on_another_criterions_change_is_rejected
         7.6  tests/evidence/test_anchoring.py::test_a_move_that_names_no_change_is_rejected_and_the_stored_rating_stands

  8. A rejected judgement leaves the stored rating in place.
       requirements: constraint-06
       code evidence: addressed
         8.1  src/acceptance/evidence/strength.py#@@ -152,6 +150,43 @@ def classify_strength(
         8.2  src/acceptance/supplied_ids.py#@@ -159,12 +159,24 @@ class UnusableAnswerLog:
         8.3  src/acceptance/evidence/discrimination.py#@@ -148,16 +236,30 @@ def judge_discrimination(
         8.4  src/acceptance/pipeline.py#@@ -323,8 +328,20 @@ def run_review(
       test evidence: strongly supported  [tier: static]
         8.5  tests/benchmark/test_rating_regression.py::test_the_corpus_findings_survive_the_anchored_rejudgement
         8.6  tests/evidence/test_anchoring.py::test_a_move_resting_on_another_criterions_change_is_rejected
         8.7  tests/evidence/test_anchoring.py::test_a_move_that_names_no_change_is_rejected_and_the_stored_rating_stands
         8.8  tests/evidence/test_anchoring.py::test_the_pipeline_anchors_the_judgement_and_holds_the_rejected_rating

  9. A rejected judgement is reported.
       requirements: constraint-07, completion-07
       code evidence: addressed
         9.1  src/acceptance/evidence/discrimination.py#@@ -130,16 +180,54 @@ def _render_prompt(
         9.2  src/acceptance/evidence/discrimination.py#@@ -148,16 +236,30 @@ def judge_discrimination(
         9.3  src/acceptance/supplied_ids.py#@@ -159,12 +159,24 @@ class UnusableAnswerLog:
       test evidence: strongly supported  [tier: static]
         9.4  tests/benchmark/test_rating_regression.py::test_the_corpus_findings_survive_the_anchored_rejudgement
         9.5  tests/evidence/test_anchoring.py::test_a_move_resting_on_another_criterions_change_is_rejected
         9.6  tests/evidence/test_anchoring.py::test_a_rejected_judgement_is_reported
         9.7  tests/evidence/test_anchoring.py::test_anchoring_without_a_log_is_refused
         9.8  tests/evidence/test_anchoring.py::test_the_pipeline_anchors_the_judgement_and_holds_the_rejected_rating

  10. A review with no stored earlier state judges every criterion without reference to any stored rating.
       requirements: constraint-08
       code evidence: addressed
         10.1  src/acceptance/pipeline.py#@@ -323,8 +328,20 @@ def run_review(
         10.2  src/acceptance/evidence/discrimination.py#@@ -148,16 +236,30 @@ def judge_discrimination(
       test evidence: strongly supported  [tier: static]
         10.3  tests/evidence/test_anchoring.py::test_a_review_with_no_stored_state_puts_no_stored_rating_in_the_request
         10.4  tests/evidence/test_discrimination.py::test_no_mapped_tests_makes_no_model_call

  11. A review repeated over the same stored state and the same inputs produces the same review state as the one before it.
       requirements: constraint-09
       code evidence: addressed
         (no corresponding change)
       test evidence: strongly supported  [tier: static]
         11.1  tests/evidence/test_anchoring.py::test_two_anchored_runs_over_the_same_input_are_byte_identical
         11.2  tests/test_determinism.py::test_replay_reproduces_a_recorded_run_with_no_live_call
         11.3  tests/test_determinism.py::test_two_recorded_runs_are_byte_identical
         11.4  tests/test_llm.py::test_recorded_transcripts_are_byte_identical_for_the_same_call
         11.5  tests/test_mandate_coverage_wiring.py::test_two_runs_over_identical_task_text_produce_byte_identical_review_state
         11.6  tests/test_stage_attribution.py::test_two_runs_whose_calls_cost_different_amounts_still_agree_byte_for_byte

  12. The change does not narrow which criteria are judged again.
       requirements: exclusion-01
       code evidence: addressed
         examined 20 changes across 10 files; none breaches this boundary
       test evidence: strongly supported  [tier: static]
         12.1  tests/evidence/test_discrimination.py::test_criteria_without_mapped_tests_are_not_judged

  13. The change does not partition the evidence-judgement request per criterion.
       requirements: exclusion-02
       code evidence: addressed
         examined 20 changes across 10 files; none breaches this boundary
       test evidence: not required — This is a scope exclusion naming work that must not appear in the change, so the source diff alone settles it.

  14. The change does not make the set of tests mapped to a criterion stable across runs.
       requirements: exclusion-03
       code evidence: addressed
         examined 20 changes across 10 files; none breaches this boundary
       test evidence: not required — This scope exclusion is satisfied by the absence of that work in the implementation, which is visible directly in the source change.

  15. The change does not make whether a rating is correct on its merits part of the judged behavior.
       requirements: exclusion-04
       code evidence: addressed
         examined 20 changes across 10 files; none breaches this boundary
       test evidence: not required — This exclusion concerns a work area that the implementation can omit, and that omission is established by inspecting the code change.

  16. The change does not alter which defects the judge names for a criterion it does judge.
       requirements: exclusion-05
       code evidence: addressed
         examined 20 changes across 10 files; none breaches this boundary
       test evidence: strongly supported  [tier: static]
         16.1  tests/evidence/test_discrimination.py::test_a_caught_defect_makes_the_criterion_discriminating
         16.2  tests/evidence/test_discrimination.py::test_an_obligation_the_model_omits_is_conservatively_non_discriminating
         16.3  tests/evidence/test_discrimination.py::test_discriminating_is_true_if_any_defect_is_caught
         16.4  tests/evidence/test_discrimination.py::test_non_discriminating_input_is_judged_non_discriminating_with_a_reason

  17. The change does not alter which stored earlier state a repeated review continues.
       requirements: exclusion-06
       code evidence: addressed
         examined 20 changes across 10 files; none breaches this boundary
       test evidence: not required — This is a scope exclusion about selection logic, and the presence or absence of that logic is settled by the source change itself.

  18. The change does not alter which judgements other than the test-evidence rating are carried forward.
       requirements: exclusion-07
       code evidence: addressed
         examined 20 changes across 10 files; none breaches this boundary
       test evidence: not required — This is a scope exclusion: the delivered source must show that this work was not done, and no test can directly demonstrate the absence of extra carried-forward judgements.

  19. The change does not specify where the rule deciding whether a stored result may be carried forward is defined.
       requirements: exclusion-08
       code evidence: addressed
         examined 20 changes across 10 files; none breaches this boundary
       test evidence: not required — This exclusion is satisfied by the absence of a location-specific definition in the change, which a test cannot directly demonstrate.

  20. A judgement asked about a changed criterion receives the stored rating and the changes to that criterion's dependencies.
       requirements: completion-02
       code evidence: addressed
         20.1  src/acceptance/evidence/anchoring.py#@@ -0,0 +1,130 @@
         20.2  src/acceptance/evidence/discrimination.py#@@ -109,6 +153,12 @@ def _render_prompt(
         20.3  src/acceptance/evidence/discrimination.py#@@ -148,16 +236,30 @@ def judge_discrimination(
       test evidence: strongly supported  [tier: static]
         20.4  tests/evidence/test_anchoring.py::test_a_changed_criterion_is_given_the_changes_to_its_dependencies
         20.5  tests/evidence/test_anchoring.py::test_a_changed_criterion_is_given_the_rating_stored_for_it
         20.6  tests/evidence/test_anchoring.py::test_an_anchor_names_the_changed_files_this_criterion_depends_on

  21. The stored rating and the dependency changes are part of the request the judgement is recorded under.
       requirements: completion-03
       code evidence: addressed
         21.1  src/acceptance/evidence/discrimination.py#@@ -109,6 +153,12 @@ def _render_prompt(
         21.2  src/acceptance/evidence/discrimination.py#@@ -148,16 +236,30 @@ def judge_discrimination(
       test evidence: strongly supported  [tier: static]
         21.3  tests/evidence/test_anchoring.py::test_a_changed_criterion_is_given_the_changes_to_its_dependencies
         21.4  tests/evidence/test_anchoring.py::test_a_changed_criterion_is_given_the_rating_stored_for_it
         21.5  tests/evidence/test_anchoring.py::test_an_anchor_names_the_changed_files_this_criterion_depends_on

  22. A judgement that alters a rating while naming a change it was given is accepted.
       requirements: completion-04
       code evidence: addressed
         22.1  src/acceptance/evidence/discrimination.py#@@ -86,6 +109,26 @@ class _Discrimination(StrictResponseModel):
         22.2  src/acceptance/evidence/discrimination.py#@@ -148,16 +236,30 @@ def judge_discrimination(
         22.3  tests/evidence/test_anchoring.py#@@ -0,0 +1,535 @@
       test evidence: strongly supported  [tier: static]
         22.4  tests/evidence/test_anchoring.py::test_a_move_that_names_a_supplied_change_is_accepted

  23. A judgement that alters a rating while naming no change it was given is rejected, and the stored rating stands.
       requirements: completion-05
       code evidence: addressed
         23.1  src/acceptance/evidence/discrimination.py#@@ -130,16 +180,54 @@ def _render_prompt(
         23.2  src/acceptance/evidence/discrimination.py#@@ -148,16 +236,30 @@ def judge_discrimination(
         23.3  src/acceptance/evidence/strength.py#@@ -152,6 +150,43 @@ def classify_strength(
         23.4  src/acceptance/supplied_ids.py#@@ -159,12 +159,24 @@ class UnusableAnswerLog:
       test evidence: strongly supported  [tier: static]
         23.5  tests/benchmark/test_rating_regression.py::test_the_corpus_findings_survive_the_anchored_rejudgement
         23.6  tests/evidence/test_anchoring.py::test_a_move_resting_on_another_criterions_change_is_rejected
         23.7  tests/evidence/test_anchoring.py::test_a_move_that_names_no_change_is_rejected_and_the_stored_rating_stands

  24. The code that reads a judgement performs the rejection.
       requirements: completion-06
       code evidence: addressed
         24.1  src/acceptance/evidence/discrimination.py#@@ -130,16 +180,54 @@ def _render_prompt(
         24.2  src/acceptance/evidence/discrimination.py#@@ -148,16 +236,30 @@ def judge_discrimination(
       test evidence: strongly supported  [tier: static]
         24.3  tests/benchmark/test_rating_regression.py::test_the_corpus_findings_survive_the_anchored_rejudgement
         24.4  tests/evidence/test_anchoring.py::test_a_move_resting_on_another_criterions_change_is_rejected
         24.5  tests/evidence/test_anchoring.py::test_a_move_that_names_no_change_is_rejected_and_the_stored_rating_stands

  25. A review with no stored earlier state puts no stored rating in any evidence-judgement request.
       requirements: completion-08
       code evidence: addressed
         25.1  src/acceptance/pipeline.py#@@ -323,8 +328,20 @@ def run_review(
         25.2  tests/evidence/test_anchoring.py#@@ -0,0 +1,535 @@
       test evidence: strongly supported  [tier: static]
         25.3  tests/evidence/test_anchoring.py::test_a_review_with_no_stored_state_puts_no_stored_rating_in_the_request
         25.4  tests/evidence/test_discrimination.py::test_no_mapped_tests_makes_no_model_call

  26. Two reviews over the same stored state and the same inputs produce byte-identical review state.
       requirements: completion-09
       code evidence: addressed
         (no corresponding change)
       test evidence: strongly supported  [tier: static]
         26.1  tests/evidence/test_anchoring.py::test_two_anchored_runs_over_the_same_input_are_byte_identical
         26.2  tests/evidence/test_mapping.py::test_repeating_a_run_reuses_the_recorded_batches
         26.3  tests/test_determinism.py::test_two_recorded_runs_are_byte_identical
         26.4  tests/test_llm.py::test_recorded_transcripts_are_byte_identical_for_the_same_call
         26.5  tests/test_mandate_coverage_wiring.py::test_two_runs_over_identical_task_text_produce_byte_identical_review_state
         26.6  tests/test_stage_attribution.py::test_two_runs_whose_calls_cost_different_amounts_still_agree_byte_for_byte

  27. The findings recorded as correct in `tests/fixtures/rating-stability/` are still found.
       requirements: completion-10
       code evidence: addressed
         27.1  tests/benchmark/test_rating_regression.py#@@ -172,6 +172,64 @@ def test_a_judge_that_never_issues_strongly_supported_fails_the_suite(corpus_wor
       test evidence: strongly supported  [tier: static]
         27.2  tests/benchmark/test_rating_regression.py::test_the_labels_still_show_the_instability_rather_than_smoothing_it

Mandate coverage: 27 of 28 requirements yielded obligations
  1 deliberately declined, taken at face value and not counted against coverage
  1. [no_obligation] completion-01: Implementation
       reason: The item is a section marker standing alone with no requirement under it.

Unrequested changes:
  1. [in_service] The new `hold_rejected_ratings` path rewrites `EvidenceStrength.explanation` for rejected judgements, adding a new user-visible explanation string beyond merely preserving the stored rating. The obligations require rejection/holding behavior, but not altering the explanation text or other evidence-strength fields.
       src/acceptance/evidence/strength.py#@@ -152,6 +150,43 @@ def classify_strength(
  2. [in_service] `judge_discrimination` now raises `ValueError` when anchors are present but no `UnusableAnswerLog` is supplied. The obligations require rejected judgements to be reported and stored ratings kept, but do not call for refusing the whole stage in this configuration.
       src/acceptance/evidence/discrimination.py#@@ -130,16 +180,54 @@ def _render_prompt(
  3. [in_service] The anchored prompt adds explicit instructions about `rests_on` and how to justify rating moves. The obligations require the reader-side rejection and stored-rating handling, but do not require changing the model prompt text itself.
       src/acceptance/evidence/discrimination.py#@@ -55,6 +59,25 @@ tested inputs is NOT caught (the input fails to discriminate).
       src/acceptance/evidence/discrimination.py#@@ -109,6 +153,12 @@ def _render_prompt(
  4. [in_service] `judge_discrimination` now filters anchors to only obligations in the current call and switches to a distinct `_AnchoredDiscrimination` schema when any anchors exist. The obligations require anchored requests and rejection logic, but not this specific schema split or prompt filtering behavior.
       src/acceptance/evidence/discrimination.py#@@ -86,6 +109,26 @@ class _Discrimination(StrictResponseModel):
       src/acceptance/evidence/discrimination.py#@@ -148,16 +236,30 @@ def judge_discrimination(
  5. [in_service] `build_anchors` anchors a criterion only when a changed dependency can be named, and it treats requirement rewording and touched test/implementation files as anchorable changes. The obligations mention stored ratings and dependency changes, but do not specify this coarse file-level anchoring policy or the exact dependency categories.
       src/acceptance/evidence/anchoring.py#@@ -0,0 +1,130 @@
  6. [in_service] The new `tests/test_rerun.py` anchored fixture adds a `_AnchoredDiscrimination` case to an existing rerun regression corpus. The obligations require repeat-review stability and anchored rejection behavior, but not this specific corpus edit or its particular test data.
       tests/test_rerun.py#@@ -445,6 +445,38 @@ _HEAD_JUDGMENTS = {

Evidence limitations:
  1. Judgments are static inferences unless a higher tier is recorded; the full application was not independently executed.

Next: retrieve a criterion's full recommendation with
  acceptance recommendation --criterion <id>run becbe8f0e95b2b67
  continuing 13b24dfa89b21bcf
  continue this run with: --continue becbe8f0e95b2b67
Model usage by stage:
  stage                                             calls  prompt  output  cached  this run  recorded
  ----------------------------  -------------------------  ------  ------  ------  --------  --------
  obligation linking              1 (0 live / 1 replayed)     898       0       —   $0.0000   $0.0000
  test-to-obligation mapping    14 (14 live / 0 replayed)  68,090  10,358    0.0%   $0.0977   $0.0977
  discrimination judgment         1 (1 live / 0 replayed)  10,588   2,983    0.0%   $0.0214   $0.0214
  coverage classification         1 (1 live / 0 replayed)  16,497   2,153    0.0%   $0.0221   $0.0221
  unrequested-change detection    1 (1 live / 0 replayed)  15,763     545    0.0%   $0.0143   $0.0143
  test recommendation             1 (1 live / 0 replayed)  14,645     531    0.0%   $0.0134   $0.0134
  this run spent $0.1688 on 18 live call(s); the evidence cost $0.1688 to record (1 call(s) replayed at no cost to this run)

