Task completion: INCOMPLETE

2 obligation(s) with non-discriminating test evidence (no-standalone-recommendations-section, typed-schemas-are-pydantic-models).

Obligations:

  1. Render each test recommendation inside the block for the obligation it explains, so the recommendation and its obligation appear together.
       requirements: task-01, task-02, task-04, constraint-01, completion-03
       code evidence: addressed
         1.1  src/acceptance/report.py#@@ -39,9 +40,17 @@ def render_report(review: Review) -> str:
         1.2  src/acceptance/report.py#@@ -75,20 +84,9 @@ def render_report(review: Review) -> str:
         1.3  src/acceptance/report.py#@@ -256,9 +254,13 @@ def _unread_block(requirement_map: RequirementMap) -> list[str]:
         1.4  src/acceptance/report.py#@@ -302,6 +304,23 @@ def _obligation_block(
         1.5  tests/test_report.py#@@ -208,8 +208,47 @@ def test_open_questions_and_recommendations_are_numbered():
       test evidence: strongly supported  [tier: static]
         1.6  tests/coverage/test_recommendations.py::test_weak_criterion_gets_a_fully_populated_recommendation
         1.7  tests/test_report.py::test_a_recommendation_sits_under_its_own_obligation_and_no_other
         1.8  tests/test_report.py::test_open_questions_and_recommendations_are_numbered

  2. Render each recommendation on the test-evidence axis, matching the axis it explains.
       requirements: task-02, constraint-02
       code evidence: addressed
         2.1  src/acceptance/report.py#@@ -39,9 +40,17 @@ def render_report(review: Review) -> str:
         2.2  src/acceptance/report.py#@@ -302,6 +304,23 @@ def _obligation_block(
         2.3  tests/test_report.py#@@ -208,8 +208,47 @@ def test_open_questions_and_recommendations_are_numbered():
       test evidence: strongly supported  [tier: static]
         2.4  tests/coverage/test_recommendations.py::test_weak_criterion_gets_a_fully_populated_recommendation
         2.5  tests/test_report.py::test_a_recommendation_sits_under_its_own_obligation_and_no_other
         2.6  tests/test_report.py::test_open_questions_and_recommendations_are_numbered

  3. Preserve the report structure so it contains no standalone recommendations section.
       requirements: constraint-03, completion-02, completion-08
       code evidence: addressed
         3.1  src/acceptance/report.py#@@ -75,20 +84,9 @@ def render_report(review: Review) -> str:
       test evidence: partially supported  [tier: static]
         3.2  tests/test_report.py::test_a_first_review_renders_no_changes_section
         3.3  tests/test_report.py::test_empty_review_renders_the_full_shell
         3.4  tests/test_report.py::test_open_questions_and_recommendations_are_numbered
         recommended test: The report output does not include a separate recommendations section header or block.
           inputs:  Render a review that has at least one weak obligation with a recommendation, and inspect the full report text for section structure rather than just recommendation content. The input must be rich enough that a buggy implementation could still emit recommendation entries, but the test specifically checks whether they appear under a separate top-level recommendations header/block.
           detects: The report adds a recommendations block with entries but no header, so recommendation content exists but the separate section structure is still wrong.
           full detail: acceptance recommendation --criterion no-standalone-recommendations-section

  4. Keep the `--criterion` retrieval line attached to each recommendation.
       requirements: task-01, task-02, constraint-04
       code evidence: addressed
         4.1  src/acceptance/report.py#@@ -302,6 +304,23 @@ def _obligation_block(
         4.2  tests/test_report.py#@@ -208,8 +208,47 @@ def test_open_questions_and_recommendations_are_numbered():
       test evidence: strongly supported  [tier: static]
         4.3  tests/coverage/test_recommendations.py::test_weak_criterion_gets_a_fully_populated_recommendation
         4.4  tests/test_report.py::test_open_questions_and_recommendations_are_numbered
         4.5  tests/test_report.py::test_report_renders_each_obligation_with_both_axes_numbered

  5. Preserve the report's closing line so it points at the retrieval command.
       requirements: constraint-05
       code evidence: addressed
         5.1  src/acceptance/report.py#@@ -302,6 +304,23 @@ def _obligation_block(
         5.2  tests/test_report.py#@@ -208,8 +208,47 @@ def test_open_questions_and_recommendations_are_numbered():
       test evidence: strongly supported  [tier: static]
         5.3  tests/test_report.py::test_empty_review_renders_the_full_shell
         5.4  tests/test_report.py::test_the_report_states_what_closed_since_the_prior_review
         5.5  tests/test_verdict.py::test_resolved_open_question_does_not_block

  6. Ensure every obligation whose test evidence is below strongly supported carries a recommendation.
       requirements: constraint-06
       code evidence: addressed
         6.1  src/acceptance/coverage/recommendations.py#@@ -143,21 +143,45 @@ def recommend_tests(
         6.2  tests/coverage/test_recommendations.py#@@ -6,7 +6,10 @@ Generation is a schema-constrained model call; per the replay-first invariant
         6.3  tests/support.py#@@ -33,11 +33,66 @@ def _fake_response(content: str) -> SimpleNamespace:
         6.4  tests/support.py#@@ -127,7 +182,7 @@ def client_dispatching(
       test evidence: strongly supported  [tier: static]
         6.5  tests/coverage/test_recommendations.py::test_every_weak_obligation_gets_exactly_one_recommendation
         6.6  tests/coverage/test_recommendations.py::test_weak_criterion_gets_a_fully_populated_recommendation
         6.7  tests/test_rerun.py::test_a_rerun_still_reports_a_gap_in_code_the_new_work_never_touched
         6.8  tests/test_rerun.py::test_archetype_9_rerun_flips_the_weak_obligation_and_updates_the_verdict
         6.9  tests/test_verdict.py::test_weak_evidence_is_incomplete

  7. Preserve the behavior that strongly supported obligations carry no recommendation.
       requirements: constraint-07, completion-04
       code evidence: addressed
         (no corresponding change)
       test evidence: strongly supported  [tier: static]
         7.1  tests/coverage/test_recommendations.py::test_strongly_supported_obligations_get_no_recommendation_and_no_model_call
         7.2  tests/test_report.py::test_a_recommendation_sits_under_its_own_obligation_and_no_other
         7.3  tests/test_rerun.py::test_archetype_9_rerun_flips_the_weak_obligation_and_updates_the_verdict

  8. Reject a response that omits a recommendation for any supplied weak obligation.
       requirements: task-03, task-04, constraint-08, completion-05
       code evidence: addressed
         8.1  src/acceptance/coverage/recommendations.py#@@ -143,21 +143,45 @@ def recommend_tests(
         8.2  tests/coverage/test_recommendations.py#@@ -6,7 +6,10 @@ Generation is a schema-constrained model call; per the replay-first invariant
       test evidence: strongly supported  [tier: static]
         8.3  tests/coverage/test_recommendations.py::test_a_response_skipping_a_weak_obligation_is_rejected

  9. Reject a response that names an obligation that is not weak instead of silently dropping it.
       requirements: task-03, constraint-09, completion-06
       code evidence: addressed
         9.1  src/acceptance/coverage/recommendations.py#@@ -143,21 +143,45 @@ def recommend_tests(
         9.2  tests/coverage/test_recommendations.py#@@ -6,7 +6,10 @@ Generation is a schema-constrained model call; per the replay-first invariant
       test evidence: strongly supported  [tier: static]
         9.3  tests/coverage/test_recommendations.py::test_a_response_naming_a_non_weak_obligation_is_rejected

  10. Ensure the number of recommendations in a produced review equals the number of weak obligations.
       requirements: task-03, constraint-10, completion-07
       code evidence: addressed
         10.1  src/acceptance/coverage/recommendations.py#@@ -143,21 +143,45 @@ def recommend_tests(
         10.2  tests/coverage/test_recommendations.py#@@ -6,7 +6,10 @@ Generation is a schema-constrained model call; per the replay-first invariant
       test evidence: strongly supported  [tier: static]
         10.3  tests/coverage/test_recommendations.py::test_a_duplicate_recommendation_is_rejected
         10.4  tests/coverage/test_recommendations.py::test_every_weak_obligation_gets_exactly_one_recommendation
         10.5  tests/test_rerun.py::test_a_rerun_still_reports_a_gap_in_code_the_new_work_never_touched
         10.6  tests/test_rerun.py::test_archetype_9_rerun_flips_the_weak_obligation_and_updates_the_verdict
         10.7  tests/test_verdict.py::test_weak_evidence_is_incomplete

  11. Compute the verdict summary's weak-obligation count from the obligations themselves rather than from the recommendation list.
       requirements: task-03, constraint-11
       code evidence: addressed
         11.1  tests/test_verdict.py#@@ -138,3 +140,24 @@ def test_completion_result_round_trips_through_persistence():
       test evidence: strongly supported  [tier: static]
         11.2  tests/test_rerun.py::test_archetype_9_rerun_flips_the_weak_obligation_and_updates_the_verdict
         11.3  tests/test_verdict.py::test_the_weak_count_is_read_off_the_obligations_not_the_recommendations

  12. Represent typed schemas as pydantic models, consistent with the rest of the repository.
       requirements: constraint-12
       code evidence: addressed
         12.1  src/acceptance/coverage/recommendations.py#@@ -24,7 +24,7 @@ from __future__ import annotations
         12.2  src/acceptance/report.py#@@ -22,6 +22,7 @@ from acceptance.review_state import (
       test evidence: unsupported  [tier: static]
         (no mapped test)
         recommended test: Schema definitions remain pydantic model classes rather than another schema mechanism.
           inputs:  Exercise the schema-definition path with a representative schema class and verify it is a Pydantic model class, not a dataclass, TypedDict, plain dict schema, or other mechanism. Use an input that would still serialize/validate if the implementation were swapped, but where class identity and Pydantic-specific behavior differ.
           detects: Schema definitions are replaced by another schema mechanism instead of remaining Pydantic model classes, while still appearing to work at a superficial serialization level.
           full detail: acceptance recommendation --criterion typed-schemas-are-pydantic-models

  13. Keep tests free of live model calls.
       requirements: constraint-13
       code evidence: addressed
         13.1  tests/benchmark/degenerate_judges.py#@@ -37,7 +37,7 @@ from typing import Any
         13.2  tests/benchmark/degenerate_judges.py#@@ -143,7 +143,7 @@ def degenerate_client(obligations: list[dict], *, always_strong: bool) -> ModelC
         13.3  tests/support.py#@@ -33,11 +33,66 @@ def _fake_response(content: str) -> SimpleNamespace:
         13.4  tests/support.py#@@ -127,7 +182,7 @@ def client_dispatching(
         13.5  tests/coverage/test_recommendations.py#@@ -6,7 +6,10 @@ Generation is a schema-constrained model call; per the replay-first invariant
         13.6  tests/test_rerun.py#@@ -687,7 +687,16 @@ def test_a_rerun_still_reports_a_gap_in_code_the_new_work_never_touched(tmp_path
       test evidence: strongly supported  [tier: static]
         13.7  tests/coverage/test_recommendations.py::test_strongly_supported_obligations_get_no_recommendation_and_no_model_call

  14. Make recommendation existence depend exactly on test evidence being below strongly supported, while preserving the separate #148 rule about whether test evidence is needed at all.
       requirements: exclusion-01
       code evidence: addressed
         14.1  src/acceptance/coverage/recommendations.py#@@ -143,21 +143,45 @@ def recommend_tests(
         14.2  src/acceptance/report.py#@@ -39,9 +40,17 @@ def render_report(review: Review) -> str:
         14.3  tests/coverage/test_recommendations.py#@@ -6,7 +6,10 @@ Generation is a schema-constrained model call; per the replay-first invariant
         14.4  tests/support.py#@@ -33,11 +33,66 @@ def _fake_response(content: str) -> SimpleNamespace:
       test evidence: strongly supported  [tier: static]
         14.5  tests/test_rerun.py::test_a_rerun_still_reports_a_gap_in_code_the_new_work_never_touched
         14.6  tests/test_rerun.py::test_archetype_9_rerun_flips_the_weak_obligation_and_updates_the_verdict
         14.7  tests/test_verdict.py::test_weak_evidence_is_incomplete

Mandate coverage: 25 of 30 requirements yielded obligations
  1. [no_obligation] exclusion-02: Changing the strength classifier, or what counts as weak.
       reason: Scope exclusion only; it preserves the existing strength classifier and weak/strong threshold unchanged.
  2. [no_obligation] exclusion-03: Changing what a recommendation contains.
       reason: Scope exclusion only; it preserves the existing recommendation contents unchanged.
  3. [no_obligation] exclusion-04: Retrying or repairing a rejected response.
       reason: Scope exclusion only; it preserves the absence of retry/repair behavior.
  4. [no_obligation] exclusion-05: The separate rendering of open questions and unrequested changes.
       reason: Scope exclusion only; it preserves the separate rendering of open questions and unrequested changes.
  5. [no_obligation] completion-01: Implementation
       reason: Section marker only; it introduces no checkable requirement.

Unrequested changes:
  (none)

Changes since c61e3cf9:
  closed:
    - Preserve the report's closing line so it points at the retrieval command.
        code evidence: addressed -> addressed
        test evidence: partially supported -> strongly supported
    - Compute the verdict summary's weak-obligation count from the obligations themselves rather than from the recommendation list.
        code evidence: addressed -> addressed
        test evidence: nominally supported -> strongly supported
    - Keep tests free of live model calls.
        code evidence: addressed -> addressed
        test evidence: partially supported -> strongly supported

Evidence limitations:
  1. Judgments are static inferences unless a higher tier is recorded; the full application was not independently executed.

Next: retrieve a criterion's full recommendation with
  acceptance recommendation --criterion <id>
