Task completion: INCOMPLETE

1 obligation(s) with non-discriminating test evidence (changed-rating-names-one-given-change).

Obligations:

  1. A criterion's test-evidence rating is determined by that criterion's inputs.
       requirements: task-01
       code evidence: addressed
         1.1  src/acceptance/evidence/anchoring.py#@@ -0,0 +1,130 @@
         1.2  src/acceptance/evidence/classification.py#@@ -0,0 +1,54 @@
         1.3  src/acceptance/evidence/discrimination.py#@@ -148,16 +236,30 @@ def judge_discrimination(
         1.4  src/acceptance/evidence/strength.py#@@ -132,14 +135,9 @@ def classify_strength(
       test evidence: strongly supported  [tier: static]
         1.5  tests/benchmark/test_rating_regression.py::test_a_judge_that_always_issues_strongly_supported_fails_the_suite
         1.6  tests/benchmark/test_rating_regression.py::test_a_judge_that_never_issues_strongly_supported_fails_the_suite
         1.7  tests/benchmark/test_rating_regression.py::test_the_corpus_findings_survive_the_anchored_rejudgement
         1.8  tests/benchmark/test_rating_regression.py::test_the_two_degenerate_judges_disagree_about_the_ratings

  2. A criterion's test-evidence rating is not determined by how many times it has been judged.
       requirements: task-01
       code evidence: addressed
         2.1  src/acceptance/evidence/classification.py#@@ -0,0 +1,54 @@
         2.2  src/acceptance/evidence/strength.py#@@ -132,14 +135,9 @@ def classify_strength(
       test evidence: strongly supported  [tier: static]
         2.3  tests/benchmark/test_rating_regression.py::test_a_judge_that_always_issues_strongly_supported_fails_the_suite
         2.4  tests/benchmark/test_rating_regression.py::test_a_judge_that_never_issues_strongly_supported_fails_the_suite
         2.5  tests/benchmark/test_rating_regression.py::test_every_unearned_rating_is_required_to_no_longer_be_issued
         2.6  tests/benchmark/test_rating_regression.py::test_the_corpus_findings_survive_the_anchored_rejudgement
         2.7  tests/benchmark/test_rating_regression.py::test_the_two_degenerate_judges_disagree_about_the_ratings

  3. A judgement requested for a changed criterion includes the stored rating for that criterion.
       requirements: constraint-01
       code evidence: addressed
         3.1  src/acceptance/evidence/discrimination.py#@@ -109,6 +153,12 @@ def _render_prompt(
       test evidence: strongly supported  [tier: static]
         3.2  tests/evidence/test_anchoring.py::test_a_changed_criterion_is_given_the_rating_stored_for_it
         3.3  tests/evidence/test_anchoring.py::test_an_anchor_names_the_changed_files_this_criterion_depends_on

  4. A judgement requested for a changed criterion includes the changes to that criterion's dependencies.
       requirements: constraint-02
       code evidence: addressed
         4.1  src/acceptance/evidence/discrimination.py#@@ -109,6 +153,12 @@ def _render_prompt(
       test evidence: strongly supported  [tier: static]
         4.2  tests/evidence/test_anchoring.py::test_a_changed_criterion_is_given_the_changes_to_its_dependencies
         4.3  tests/evidence/test_anchoring.py::test_an_anchor_names_the_changed_files_this_criterion_depends_on

  5. The stored rating and the dependency changes supplied to a judgement are recorded as part of the request under which that judgement is recorded.
       requirements: constraint-03
       code evidence: addressed
         5.1  src/acceptance/evidence/discrimination.py#@@ -109,6 +153,12 @@ def _render_prompt(
         5.2  src/acceptance/evidence/discrimination.py#@@ -148,16 +236,30 @@ def judge_discrimination(
       test evidence: strongly supported  [tier: static]
         5.3  tests/evidence/test_anchoring.py::test_a_changed_criterion_is_given_the_changes_to_its_dependencies
         5.4  tests/evidence/test_anchoring.py::test_a_changed_criterion_is_given_the_rating_stored_for_it
         5.5  tests/evidence/test_anchoring.py::test_an_anchor_names_the_changed_files_this_criterion_depends_on
         5.6  tests/evidence/test_mapping.py::test_each_batch_is_recorded_as_its_own_request

  6. A judgement that alters a rating names one of the changes it was given.
       requirements: constraint-04
       code evidence: addressed
         6.1  src/acceptance/evidence/discrimination.py#@@ -86,6 +109,26 @@ class _Discrimination(StrictResponseModel):
         6.2  src/acceptance/evidence/discrimination.py#@@ -170,20 +272,37 @@ def judge_discrimination(
       test evidence: unsupported  [tier: static]
         (no mapped test)
         recommended test: a rating-changing judgement includes at least one supplied change in its justification
           inputs:  Use an anchored re-judgement where the fresh defects imply a different evidence class than the stored one, and provide a response that changes the rating but leaves `rests_on` empty or names only a change id that is not among the supplied anchor changes for that same criterion. Include at least one valid supplied change in the anchor set so the criterion is actually eligible to move, but make the model omit it from `rests_on` (or cite a foreign criterion’s change) to distinguish correct enforcement from a no-op.
           detects: The implementation fails to enforce that a rating-changing judgement must name at least one supplied change in its justification, or it accepts a justification that cites a change belonging to another criterion instead of this one.
           full detail: acceptance recommendation --criterion changed-rating-names-one-given-change

  7. The code that reads a judgement rejects a rating-changing judgement that names no change it was given.
       requirements: constraint-05
       code evidence: addressed
         7.1  src/acceptance/evidence/discrimination.py#@@ -130,16 +180,54 @@ def _render_prompt(
         7.2  src/acceptance/evidence/discrimination.py#@@ -170,20 +272,37 @@ def judge_discrimination(
       test evidence: strongly supported  [tier: static]
         7.3  tests/benchmark/test_rating_regression.py::test_the_corpus_findings_survive_the_anchored_rejudgement
         7.4  tests/evidence/test_anchoring.py::test_a_move_resting_on_another_criterions_change_is_rejected
         7.5  tests/evidence/test_anchoring.py::test_a_move_that_names_no_change_is_rejected_and_the_stored_rating_stands

  8. A rejected judgement leaves the stored rating in place.
       requirements: constraint-06
       code evidence: addressed
         8.1  src/acceptance/evidence/discrimination.py#@@ -170,20 +272,37 @@ def judge_discrimination(
         8.2  src/acceptance/evidence/strength.py#@@ -152,6 +150,43 @@ def classify_strength(
         8.3  src/acceptance/supplied_ids.py#@@ -159,12 +159,24 @@ class UnusableAnswerLog:
       test evidence: strongly supported  [tier: static]
         8.4  tests/benchmark/test_rating_regression.py::test_the_corpus_findings_survive_the_anchored_rejudgement
         8.5  tests/evidence/test_anchoring.py::test_a_move_resting_on_another_criterions_change_is_rejected
         8.6  tests/evidence/test_anchoring.py::test_a_move_that_names_no_change_is_rejected_and_the_stored_rating_stands
         8.7  tests/evidence/test_anchoring.py::test_the_pipeline_anchors_the_judgement_and_holds_the_rejected_rating

  9. A rejected judgement is reported.
       requirements: constraint-07, completion-07
       code evidence: addressed
         9.1  src/acceptance/evidence/discrimination.py#@@ -130,16 +180,54 @@ def _render_prompt(
         9.2  src/acceptance/evidence/discrimination.py#@@ -170,20 +272,37 @@ def judge_discrimination(
         9.3  src/acceptance/supplied_ids.py#@@ -159,12 +159,24 @@ class UnusableAnswerLog:
       test evidence: strongly supported  [tier: static]
         9.4  tests/evidence/test_anchoring.py::test_a_move_resting_on_another_criterions_change_is_rejected
         9.5  tests/evidence/test_anchoring.py::test_a_rejected_judgement_is_reported
         9.6  tests/evidence/test_anchoring.py::test_anchoring_without_a_log_is_refused
         9.7  tests/evidence/test_anchoring.py::test_the_pipeline_anchors_the_judgement_and_holds_the_rejected_rating

  10. A review with no stored earlier state judges every criterion without reference to any stored rating.
       requirements: constraint-08
       code evidence: addressed
         10.1  src/acceptance/evidence/discrimination.py#@@ -148,16 +236,30 @@ def judge_discrimination(
         10.2  src/acceptance/pipeline.py#@@ -41,11 +41,16 @@ from acceptance.coverage.open_questions import (
       test evidence: strongly supported  [tier: static]
         10.3  tests/evidence/test_anchoring.py::test_a_criterion_the_prior_review_never_rated_is_not_anchored
         10.4  tests/evidence/test_anchoring.py::test_a_criterion_with_no_nameable_change_is_not_anchored
         10.5  tests/evidence/test_anchoring.py::test_a_review_with_no_stored_state_puts_no_stored_rating_in_the_request
         10.6  tests/evidence/test_discrimination.py::test_an_obligation_the_model_omits_is_conservatively_non_discriminating
         10.7  tests/evidence/test_discrimination.py::test_no_mapped_tests_makes_no_model_call

  11. A review repeated over the same stored state and the same inputs produces the same review state as the one before it.
       requirements: constraint-09
       code evidence: addressed
         11.1  src/acceptance/evidence/discrimination.py#@@ -86,6 +109,26 @@ class _Discrimination(StrictResponseModel):
         11.2  src/acceptance/evidence/discrimination.py#@@ -148,16 +236,30 @@ def judge_discrimination(
         11.3  src/acceptance/pipeline.py#@@ -41,11 +41,16 @@ from acceptance.coverage.open_questions import (
       test evidence: strongly supported  [tier: static]
         11.4  tests/evidence/test_anchoring.py::test_two_anchored_runs_over_the_same_input_are_byte_identical
         11.5  tests/test_rerun.py::test_a_rerun_still_reports_a_gap_in_code_the_new_work_never_touched
         11.6  tests/test_rerun.py::test_archetype_9_rerun_flips_the_weak_obligation_and_updates_the_verdict

  12. The change does not narrow which criteria are judged again.
       requirements: exclusion-01
       code evidence: addressed
         examined 20 changes across 10 files; none breaches this boundary
       test evidence: strongly supported  [tier: static]
         12.1  tests/evidence/test_discrimination.py::test_criteria_without_mapped_tests_are_not_judged
         12.2  tests/test_rerun.py::test_a_rerun_still_reports_a_gap_in_code_the_new_work_never_touched
         12.3  tests/test_rerun.py::test_an_obligation_that_did_not_move_is_not_reported_as_a_change
         12.4  tests/test_rerun.py::test_an_obligation_the_prior_review_never_saw_is_re_derived
         12.5  tests/test_rerun.py::test_an_obligation_whose_code_changed_is_re_derived
         12.6  tests/test_rerun.py::test_an_obligation_whose_files_are_untouched_is_not_re_derived
         12.7  tests/test_rerun.py::test_an_obligation_whose_test_changed_is_re_derived
         12.8  tests/test_rerun.py::test_an_obligation_with_no_citations_is_always_re_derived
         12.9  tests/test_rerun.py::test_archetype_9_rerun_flips_the_weak_obligation_and_updates_the_verdict

  13. The change does not partition the evidence-judgement request per criterion.
       requirements: exclusion-02
       code evidence: addressed
         examined 20 changes across 10 files; none breaches this boundary
       test evidence: not required — This is a scope exclusion naming work that must not appear in the change, so the source diff alone settles it.

  14. The change does not make the set of tests mapped to a criterion stable across runs.
       requirements: exclusion-03
       code evidence: addressed
         examined 20 changes across 10 files; none breaches this boundary
       test evidence: not required — This scope exclusion is satisfied by the absence of that work in the implementation, which is visible directly in the source change.

  15. The change does not make whether a rating is correct on its merits part of the judged behavior.
       requirements: exclusion-04
       code evidence: addressed
         examined 20 changes across 10 files; none breaches this boundary
       test evidence: not required — This exclusion concerns a work area that the implementation can omit, and that omission is established by inspecting the code change.

  16. The change does not alter which defects the judge names for a criterion it does judge.
       requirements: exclusion-05
       code evidence: addressed
         examined 20 changes across 10 files; none breaches this boundary
       test evidence: strongly supported  [tier: static]
         16.1  tests/evidence/test_discrimination.py::test_a_caught_defect_makes_the_criterion_discriminating
         16.2  tests/evidence/test_discrimination.py::test_discriminating_is_true_if_any_defect_is_caught
         16.3  tests/evidence/test_discrimination.py::test_non_discriminating_input_is_judged_non_discriminating_with_a_reason

  17. The change does not alter which stored earlier state a repeated review continues.
       requirements: exclusion-06
       code evidence: addressed
         examined 20 changes across 10 files; none breaches this boundary
       test evidence: not required — This is a scope exclusion about selection logic, and the presence or absence of that logic is settled by the source change itself.

  18. The change does not alter which judgements other than the test-evidence rating are carried forward.
       requirements: exclusion-07
       code evidence: addressed
         examined 20 changes across 10 files; none breaches this boundary
       test evidence: not required — This is a scope exclusion: the delivered source must show that this work was not done, and no test can directly demonstrate the absence of extra carried-forward judgements.

  19. The change does not specify where the rule deciding whether a stored result may be carried forward is defined.
       requirements: exclusion-08
       code evidence: addressed
         examined 20 changes across 10 files; none breaches this boundary
       test evidence: not required — This exclusion is satisfied by the absence of a location-specific definition in the change, which a test cannot directly demonstrate.

  20. A judgement asked about a changed criterion receives the stored rating and the changes to that criterion's dependencies.
       requirements: completion-02
       code evidence: addressed
         20.1  src/acceptance/evidence/discrimination.py#@@ -109,6 +153,12 @@ def _render_prompt(
         20.2  src/acceptance/evidence/discrimination.py#@@ -148,16 +236,30 @@ def judge_discrimination(
       test evidence: strongly supported  [tier: static]
         20.3  tests/evidence/test_anchoring.py::test_a_changed_criterion_is_given_the_changes_to_its_dependencies
         20.4  tests/evidence/test_anchoring.py::test_a_changed_criterion_is_given_the_rating_stored_for_it
         20.5  tests/evidence/test_anchoring.py::test_an_anchor_names_the_changed_files_this_criterion_depends_on

  21. The stored rating and the dependency changes are part of the request the judgement is recorded under.
       requirements: completion-03
       code evidence: addressed
         21.1  src/acceptance/evidence/discrimination.py#@@ -109,6 +153,12 @@ def _render_prompt(
         21.2  src/acceptance/evidence/discrimination.py#@@ -148,16 +236,30 @@ def judge_discrimination(
       test evidence: strongly supported  [tier: static]
         21.3  tests/evidence/test_anchoring.py::test_a_changed_criterion_is_given_the_changes_to_its_dependencies
         21.4  tests/evidence/test_anchoring.py::test_a_changed_criterion_is_given_the_rating_stored_for_it
         21.5  tests/evidence/test_anchoring.py::test_an_anchor_names_the_changed_files_this_criterion_depends_on
         21.6  tests/evidence/test_mapping.py::test_each_batch_is_recorded_as_its_own_request

  22. A judgement that alters a rating while naming a change it was given is accepted.
       requirements: completion-04
       code evidence: addressed
         22.1  src/acceptance/evidence/discrimination.py#@@ -86,6 +109,26 @@ class _Discrimination(StrictResponseModel):
         22.2  src/acceptance/evidence/discrimination.py#@@ -170,20 +272,37 @@ def judge_discrimination(
         22.3  tests/evidence/test_anchoring.py#@@ -0,0 +1,535 @@
       test evidence: strongly supported  [tier: static]
         22.4  tests/evidence/test_anchoring.py::test_a_move_resting_on_another_criterions_change_is_rejected
         22.5  tests/evidence/test_anchoring.py::test_a_move_that_names_a_supplied_change_is_accepted
         22.6  tests/evidence/test_anchoring.py::test_a_reworded_requirement_is_itself_a_nameable_change

  23. A judgement that alters a rating while naming no change it was given is rejected, and the stored rating stands.
       requirements: completion-05
       code evidence: addressed
         23.1  src/acceptance/evidence/discrimination.py#@@ -130,16 +180,54 @@ def _render_prompt(
         23.2  src/acceptance/evidence/discrimination.py#@@ -170,20 +272,37 @@ def judge_discrimination(
         23.3  src/acceptance/evidence/strength.py#@@ -152,6 +150,43 @@ def classify_strength(
         23.4  src/acceptance/supplied_ids.py#@@ -159,12 +159,24 @@ class UnusableAnswerLog:
       test evidence: strongly supported  [tier: static]
         23.5  tests/benchmark/test_rating_regression.py::test_the_corpus_findings_survive_the_anchored_rejudgement
         23.6  tests/evidence/test_anchoring.py::test_a_move_resting_on_another_criterions_change_is_rejected
         23.7  tests/evidence/test_anchoring.py::test_a_move_that_names_no_change_is_rejected_and_the_stored_rating_stands

  24. The code that reads a judgement performs the rejection.
       requirements: completion-06
       code evidence: addressed
         24.1  src/acceptance/evidence/discrimination.py#@@ -130,16 +180,54 @@ def _render_prompt(
         24.2  src/acceptance/evidence/discrimination.py#@@ -170,20 +272,37 @@ def judge_discrimination(
       test evidence: strongly supported  [tier: static]
         24.3  tests/benchmark/test_rating_regression.py::test_the_corpus_findings_survive_the_anchored_rejudgement
         24.4  tests/evidence/test_anchoring.py::test_a_move_resting_on_another_criterions_change_is_rejected
         24.5  tests/evidence/test_anchoring.py::test_a_move_that_names_no_change_is_rejected_and_the_stored_rating_stands

  25. A review with no stored earlier state puts no stored rating in any evidence-judgement request.
       requirements: completion-08
       code evidence: addressed
         25.1  src/acceptance/evidence/discrimination.py#@@ -148,16 +236,30 @@ def judge_discrimination(
         25.2  src/acceptance/pipeline.py#@@ -41,11 +41,16 @@ from acceptance.coverage.open_questions import (
       test evidence: strongly supported  [tier: static]
         25.3  tests/evidence/test_anchoring.py::test_a_criterion_the_prior_review_never_rated_is_not_anchored
         25.4  tests/evidence/test_anchoring.py::test_a_criterion_with_no_nameable_change_is_not_anchored
         25.5  tests/evidence/test_anchoring.py::test_a_review_with_no_stored_state_puts_no_stored_rating_in_the_request

  26. Two reviews over the same stored state and the same inputs produce byte-identical review state.
       requirements: completion-09
       code evidence: addressed
         26.1  src/acceptance/evidence/discrimination.py#@@ -86,6 +109,26 @@ class _Discrimination(StrictResponseModel):
         26.2  src/acceptance/evidence/discrimination.py#@@ -148,16 +236,30 @@ def judge_discrimination(
         26.3  src/acceptance/pipeline.py#@@ -41,11 +41,16 @@ from acceptance.coverage.open_questions import (
       test evidence: strongly supported  [tier: static]
         26.4  tests/evidence/test_anchoring.py::test_two_anchored_runs_over_the_same_input_are_byte_identical
         26.5  tests/evidence/test_mapping.py::test_repeating_a_run_reuses_the_recorded_batches
         26.6  tests/test_determinism.py::test_replay_reproduces_a_recorded_run_with_no_live_call
         26.7  tests/test_determinism.py::test_two_recorded_runs_are_byte_identical
         26.8  tests/test_mandate_coverage_wiring.py::test_two_runs_over_identical_task_text_produce_byte_identical_review_state
         26.9  tests/test_rerun.py::test_a_rerun_still_reports_a_gap_in_code_the_new_work_never_touched
         26.10  tests/test_rerun.py::test_archetype_9_rerun_flips_the_weak_obligation_and_updates_the_verdict

  27. The findings recorded as correct in `tests/fixtures/rating-stability/` are still found.
       requirements: completion-10
       code evidence: addressed
         27.1  tests/benchmark/test_rating_regression.py#@@ -172,6 +172,64 @@ def test_a_judge_that_never_issues_strongly_supported_fails_the_suite(corpus_wor
       test evidence: strongly supported  [tier: static]
         27.2  tests/benchmark/test_rating_regression.py::test_the_labels_still_show_the_instability_rather_than_smoothing_it

Mandate coverage: 27 of 28 requirements yielded obligations
  1 deliberately declined, taken at face value and not counted against coverage
  1. [no_obligation] completion-01: Implementation
       reason: The item is a section marker standing alone with no requirement under it.

Unrequested changes:
  1. [in_service] The new anchoring path changes review behavior for repeated runs by adding stored-rating enforcement and rejection handling, but none of the obligations ask for a new anchoring feature or prompt/schema split; they only constrain how ratings are determined and recorded when a changed criterion is re-judged. This broader pipeline behavior is therefore extra scope.
       src/acceptance/evidence/anchoring.py#@@ -0,0 +1,130 @@
       src/acceptance/evidence/discrimination.py#@@ -55,6 +59,25 @@ tested inputs is NOT caught (the input fails to discriminate).
       src/acceptance/evidence/discrimination.py#@@ -86,6 +109,26 @@ class _Discrimination(StrictResponseModel):
       src/acceptance/evidence/discrimination.py#@@ -101,6 +144,7 @@ def _render_prompt(
       src/acceptance/evidence/discrimination.py#@@ -109,6 +153,12 @@ def _render_prompt(
       src/acceptance/evidence/discrimination.py#@@ -130,16 +180,54 @@ def _render_prompt(
       src/acceptance/evidence/discrimination.py#@@ -148,16 +236,30 @@ def judge_discrimination(
       src/acceptance/evidence/discrimination.py#@@ -170,20 +272,37 @@ def judge_discrimination(
       src/acceptance/evidence/strength.py#@@ -132,14 +135,9 @@ def classify_strength(
       src/acceptance/pipeline.py#@@ -41,11 +41,16 @@ from acceptance.coverage.open_questions import (
       src/acceptance/supplied_ids.py#@@ -159,12 +159,24 @@ class UnusableAnswerLog:
       tests/evidence/test_anchoring.py#@@ -0,0 +1,535 @@
       tests/test_rerun.py#@@ -445,6 +445,38 @@ _HEAD_JUDGMENTS = {
  2. [in_service] Extracting the evidence-class reduce into a new helper module is an internal refactor. The obligations require the rating to depend on criterion inputs and not judging count, but they do not require moving the arithmetic into a shared module.
       src/acceptance/evidence/classification.py#@@ -0,0 +1,54 @@
       src/acceptance/evidence/strength.py#@@ -132,14 +135,9 @@ def classify_strength(
  3. [in_service] The added anchored response model and schema-name-based request-key behavior introduce a new request-shape dependency and transcript-keying rule. The obligations require rejection/recording behavior, but they do not ask for a new schema variant or keying mechanism.
       src/acceptance/evidence/discrimination.py#@@ -86,6 +109,26 @@ class _Discrimination(StrictResponseModel):
       src/acceptance/evidence/discrimination.py#@@ -148,16 +236,30 @@ def judge_discrimination(
  4. [separable] The new documentation file is explanatory material for the anchoring design, but no obligation asks for this doc artifact.
       docs/DR-292-anchored-rejudgement.md#@@ -0,0 +1,144 @@
  5. [in_service] The new benchmark test about anchored rejudgement surviving corpus scoring is an added acceptance/benchmark artifact beyond the stated obligations, which focus on rating determination, rejection, and repeat-review invariants.
       tests/benchmark/test_rating_regression.py#@@ -172,6 +172,64 @@ def test_a_judge_that_never_issues_strongly_supported_fails_the_suite(corpus_wor

Evidence limitations:
  1. Judgments are static inferences unless a higher tier is recorded; the full application was not independently executed.

Next: retrieve a criterion's full recommendation with
  acceptance recommendation --criterion <id>run 7d70776d82332999
  continuing e6c1f946e47d5280
  continue this run with: --continue 7d70776d82332999
Model usage by stage:
  stage                                             calls  prompt  output  cached  this run  recorded
  ----------------------------  -------------------------  ------  ------  ------  --------  --------
  obligation linking              1 (0 live / 1 replayed)     899       0       —   $0.0000   $0.0000
  test-to-obligation mapping    14 (14 live / 0 replayed)  68,272  10,581    0.0%   $0.0988   $0.0988
  discrimination judgment         1 (1 live / 0 replayed)  12,096   2,997    0.0%   $0.0226   $0.0226
  coverage classification         1 (1 live / 0 replayed)  16,554   2,070    0.0%   $0.0217   $0.0217
  unrequested-change detection    1 (1 live / 0 replayed)  15,777     552    0.0%   $0.0143   $0.0143
  test recommendation             1 (1 live / 0 replayed)  14,636     550    0.0%   $0.0135   $0.0135
  this run spent $0.1709 on 18 live call(s); the evidence cost $0.1709 to record (1 call(s) replayed at no cost to this run)
