Task completion: INCOMPLETE

3 obligation(s) with non-discriminating test evidence (obligation-region-level-coverage-assertion, obligation-region-level-total-coverage-tests, obligation-decision-recorded-in-repository).

Obligations:

  1. Nested content under a claimed list item is accounted for either as its own requirement or as unread source, so it is never omitted from both registry and unclaimed coverage.
       requirements: task-01, task-02, task-05, constraint-01, exclusion-01, exclusion-03
       code evidence: addressed
         1.1  src/acceptance/requirement/task_file.py#@@ -67,10 +82,10 @@ def parse_task_file(text: str) -> ParsedTaskFile:
         1.2  src/acceptance/requirement/task_file.py#@@ -80,6 +95,42 @@ def parse_task_file(text: str) -> ParsedTaskFile:
         1.3  tests/requirement/region_coverage.py#@@ -0,0 +1,145 @@
         1.4  tests/requirement/test_region_coverage.py#@@ -0,0 +1,221 @@
       test evidence: strongly supported  [tier: static]
         1.5  tests/requirement/test_region_coverage.py::test_a_list_item_with_a_nested_bullet_list_contributes_no_unaccounted_region
         1.6  tests/requirement/test_region_coverage.py::test_a_list_item_with_two_paragraphs_contributes_no_unaccounted_region
         1.7  tests/requirement/test_region_coverage.py::test_a_nested_fence_is_accounted_for_whole
         1.8  tests/requirement/test_region_coverage.py::test_a_nested_table_is_accounted_for_whole
         1.9  tests/requirement/test_region_coverage.py::test_each_purpose_built_fixture_actually_exercises_nesting
         1.10  tests/requirement/test_region_coverage.py::test_nested_content_under_an_unrecognised_heading_is_reported_as_unread
         1.11  tests/requirement/test_region_coverage.py::test_the_reproduction_leaves_nothing_unaccounted_for
         1.12  tests/requirement/test_region_coverage.py::test_the_reproduction_yields_five_requirements

  2. A second or subsequent paragraph inside a single list item is accounted for either as its own requirement or as unread source.
       requirements: task-01, constraint-02
       code evidence: addressed
         2.1  src/acceptance/requirement/task_file.py#@@ -80,6 +95,42 @@ def parse_task_file(text: str) -> ParsedTaskFile:
         2.2  tests/fixtures/nested-blocks/multi-paragraph-item.md#@@ -0,0 +1,21 @@
         2.3  tests/requirement/test_region_coverage.py#@@ -0,0 +1,221 @@
       test evidence: strongly supported  [tier: static]
         2.4  tests/requirement/test_region_coverage.py::test_a_list_item_with_two_paragraphs_contributes_no_unaccounted_region
         2.5  tests/requirement/test_region_coverage.py::test_the_reproduction_leaves_nothing_unaccounted_for
         2.6  tests/requirement/test_region_coverage.py::test_the_reproduction_yields_five_requirements
         2.7  tests/requirement/test_task_file.py::test_every_paragraph_of_the_task_section_is_kept

  3. The nested-content accounting decision is made once and applied consistently across the parse.
       requirements: constraint-03
       code evidence: addressed
         3.1  src/acceptance/requirement/task_file.py#@@ -80,6 +95,42 @@ def parse_task_file(text: str) -> ParsedTaskFile:
         3.2  docs/DR-216-parser-accounts-decomposer-splits.md#@@ -111,6 +111,18 @@ items, nested fences and nested tables. Running the assertion over the real
       test evidence: strongly supported  [tier: static]
         3.3  tests/requirement/test_region_coverage.py::test_a_nested_fence_is_accounted_for_whole
         3.4  tests/requirement/test_region_coverage.py::test_a_nested_table_is_accounted_for_whole
         3.5  tests/requirement/test_region_coverage.py::test_each_purpose_built_fixture_actually_exercises_nesting

  4. unclaimed accounts for all task-file text, including text beyond unrecognised top-level headings.
       requirements: task-03, task-04, constraint-04, constraint-10, exclusion-04, exclusion-05
       code evidence: addressed
         4.1  src/acceptance/requirement/task_file.py#@@ -43,6 +49,15 @@ class ParsedTaskFile(PersistableModel):
         4.2  src/acceptance/requirement/task_file.py#@@ -67,10 +82,10 @@ def parse_task_file(text: str) -> ParsedTaskFile:
         4.3  tests/requirement/region_coverage.py#@@ -0,0 +1,145 @@
         4.4  tests/requirement/test_region_coverage.py#@@ -0,0 +1,221 @@
       test evidence: strongly supported  [tier: static]
         4.5  tests/requirement/test_region_coverage.py::test_nested_content_under_an_unrecognised_heading_is_reported_as_unread
         4.6  tests/requirement/test_requirement_map.py::test_text_the_parse_never_read_is_carried_into_the_mapping
         4.7  tests/requirement/test_requirement_map.py::test_the_cli_shouts_about_text_that_was_never_read
         4.8  tests/requirement/test_task_file.py::test_text_outside_every_recognised_section_is_reported_not_dropped

  5. Every non-whitespace, non-heading region of a task file is covered by either a registry span or an unclaimed span.
       requirements: task-03, task-04, task-05, constraint-05
       code evidence: addressed
         5.1  tests/requirement/region_coverage.py#@@ -0,0 +1,145 @@
       test evidence: strongly supported  [tier: static]
         5.2  tests/requirement/test_region_coverage.py::test_a_list_item_with_a_nested_bullet_list_contributes_no_unaccounted_region
         5.3  tests/requirement/test_region_coverage.py::test_a_list_item_with_two_paragraphs_contributes_no_unaccounted_region
         5.4  tests/requirement/test_region_coverage.py::test_a_nested_fence_is_accounted_for_whole
         5.5  tests/requirement/test_region_coverage.py::test_a_nested_table_is_accounted_for_whole
         5.6  tests/requirement/test_region_coverage.py::test_nested_content_under_an_unrecognised_heading_is_reported_as_unread
         5.7  tests/requirement/test_region_coverage.py::test_the_reproduction_leaves_nothing_unaccounted_for

  6. The coverage test asserts total coverage directly over source regions rather than over requirement counts.
       requirements: constraint-06
       code evidence: addressed
         6.1  tests/requirement/region_coverage.py#@@ -0,0 +1,145 @@
         6.2  tests/requirement/test_region_coverage.py#@@ -0,0 +1,221 @@
       test evidence: partially supported  [tier: static]
         6.3  tests/requirement/test_region_coverage.py::test_every_requirement_of_the_reproduction_keeps_an_exact_span
         6.4  tests/requirement/test_region_coverage.py::test_purpose_built_fixtures_are_fully_covered
         6.5  tests/requirement/test_region_coverage.py::test_the_decompose_stability_corpus_is_fully_covered
         6.6  tests/requirement/test_region_coverage.py::test_the_repositorys_own_task_files_are_fully_covered
         recommended test: The test checks source-region coverage metrics, not just the number of requirements produced.
           inputs:  Use the #216 reproduction fixture with a nested list item that contains additional block content beyond the first paragraph, ideally the committed `tests/fixtures/nested-blocks/nested-bullets.md` or an equivalent minimal markdown snippet with nested bullets plus a second paragraph/fence/table inside the same claimed list item. The input must be one that the old parser would count as fully parsed by requirement count but would leave source characters unaccounted for.
           detects: The test suite omits direct source-span checks for the reproduction fixture, so a parser that produces the right requirement count but leaves nested source regions unaccounted for would still pass.
           full detail: acceptance recommendation --criterion obligation-region-level-coverage-assertion

  7. The coverage assertion runs over the repository's own committed task files.
       requirements: constraint-07
       code evidence: addressed
         7.1  tests/requirement/test_region_coverage.py#@@ -0,0 +1,221 @@
       test evidence: strongly supported  [tier: static]
         7.2  tests/requirement/test_region_coverage.py::test_the_repositorys_own_task_files_are_fully_covered

  8. The coverage assertion runs over the tests/fixtures/decompose-stability/ corpus.
       requirements: constraint-08
       code evidence: addressed
         8.1  tests/requirement/test_region_coverage.py#@@ -0,0 +1,221 @@
       test evidence: strongly supported  [tier: static]
         8.2  tests/requirement/test_region_coverage.py::test_the_decompose_stability_corpus_is_fully_covered

  9. The specified reproduction yields either five requirements or two requirements plus three unread blocks.
       requirements: constraint-09, completion-02
       code evidence: addressed
         9.1  tests/requirement/test_region_coverage.py#@@ -0,0 +1,221 @@
         9.2  tests/fixtures/nested-blocks/nested-bullets.md#@@ -0,0 +1,10 @@
       test evidence: strongly supported  [tier: static]
         9.3  tests/requirement/test_region_coverage.py::test_the_reproduction_yields_five_requirements

  10. A list item containing a nested bullet list contributes no unaccounted region.
       requirements: task-01, completion-03
       code evidence: addressed
         10.1  tests/fixtures/nested-blocks/nested-bullets.md#@@ -0,0 +1,10 @@
         10.2  src/acceptance/requirement/task_file.py#@@ -80,6 +95,42 @@ def parse_task_file(text: str) -> ParsedTaskFile:
         10.3  tests/requirement/test_region_coverage.py#@@ -0,0 +1,221 @@
       test evidence: strongly supported  [tier: static]
         10.4  tests/requirement/test_region_coverage.py::test_a_list_item_with_a_nested_bullet_list_contributes_no_unaccounted_region
         10.5  tests/requirement/test_region_coverage.py::test_each_purpose_built_fixture_actually_exercises_nesting
         10.6  tests/requirement/test_region_coverage.py::test_nested_content_under_an_unrecognised_heading_is_reported_as_unread
         10.7  tests/requirement/test_region_coverage.py::test_the_reproduction_leaves_nothing_unaccounted_for
         10.8  tests/requirement/test_region_coverage.py::test_the_reproduction_yields_five_requirements

  11. A list item containing two paragraphs contributes no unaccounted region.
       requirements: task-01, completion-04
       code evidence: addressed
         11.1  tests/fixtures/nested-blocks/multi-paragraph-item.md#@@ -0,0 +1,21 @@
         11.2  src/acceptance/requirement/task_file.py#@@ -80,6 +95,42 @@ def parse_task_file(text: str) -> ParsedTaskFile:
         11.3  tests/requirement/test_region_coverage.py#@@ -0,0 +1,221 @@
       test evidence: strongly supported  [tier: static]
         11.4  tests/requirement/test_region_coverage.py::test_a_list_item_with_two_paragraphs_contributes_no_unaccounted_region
         11.5  tests/requirement/test_region_coverage.py::test_each_purpose_built_fixture_actually_exercises_nesting
         11.6  tests/requirement/test_region_coverage.py::test_the_reproduction_leaves_nothing_unaccounted_for
         11.7  tests/requirement/test_region_coverage.py::test_the_reproduction_yields_five_requirements

  12. A test asserts region-level total coverage over the repository's committed task files and over the decompose-stability corpus.
       requirements: constraint-11, constraint-12, completion-05, completion-06
       code evidence: addressed
         12.1  tests/requirement/test_region_coverage.py#@@ -0,0 +1,221 @@
       test evidence: unsupported  [tier: static]
         (no mapped test)
         recommended test: The test suite includes coverage assertions for both the repository task files and the decompose-stability fixtures.
           inputs:  Use both corpus types named in the diff: repository task files (`current-task.md` plus `dogfood-logs/*/current-task.md`) and the decompose-stability corpus (`tests/fixtures/decompose-stability/*/current-task.md`). The test inputs must include at least one file from each corpus that is known to exercise the same coverage assertion path, plus a purpose-built nested-block fixture that can actually fail under the old parser.
           detects: The test suite lacks coverage assertions for one of the required corpora, or the parametrized corpus tests can pass vacuously because the glob matches nothing.
           full detail: acceptance recommendation --criterion obligation-region-level-total-coverage-tests

  13. The nested-as-requirement versus nested-as-unread decision is recorded in the repository.
       requirements: exclusion-02, completion-07
       code evidence: addressed
         13.1  docs/DR-216-parser-accounts-decomposer-splits.md#@@ -1,7 +1,7 @@
         13.2  docs/DR-216-parser-accounts-decomposer-splits.md#@@ -111,6 +111,18 @@ items, nested fences and nested tables. Running the assertion over the real
       test evidence: nominally supported  [tier: static]
         13.3  tests/requirement/test_requirement_map.py::test_a_disposition_naming_a_renamed_obligation_still_links
         13.4  tests/requirement/test_requirement_map.py::test_a_fully_accounted_response_disposes_every_requirement
         13.5  tests/requirement/test_requirement_map.py::test_a_no_obligation_disposition_with_an_empty_reason_is_rejected
         13.6  tests/requirement/test_task_file.py::test_roundtrips_through_persistence
         recommended test: The repository contains a persisted record of the chosen policy for nested content accounting.
           inputs:  Use repository artifacts that are supposed to persist the nested-content policy, especially serialized or persisted models such as `ParsedTaskFile` round-trip data, docs/decision records, or any repository record that should contain the policy under its documented name. The input should exercise serialization/deserialization, not just in-memory code comments.
           detects: The nested-content policy exists only in code comments, is stored in a non-roundtrippable form, or is recorded under a different internal name than the repository documentation expects.
           full detail: acceptance recommendation --criterion obligation-decision-recorded-in-repository

Mandate coverage: 28 of 29 requirements yielded obligations
  1. [no_obligation] completion-01: Implementation
       reason: Section marker only; it does not add a checkable requirement by itself.

Unrequested changes:
  1. [in_service] The parser now treats ordered lists the same as bullet lists and recursively emits nested list items, fences, and tables as spans. The obligations require fixing nested-content accounting and coverage, but they do not call for broadening parse_task_file to new block types or changing how non-nested list items are emitted.
       src/acceptance/requirement/task_file.py#@@ -28,6 +28,12 @@ _COMPLETION = {"completion expectations"}
       src/acceptance/requirement/task_file.py#@@ -67,10 +82,10 @@ def parse_task_file(text: str) -> ParsedTaskFile:
       src/acceptance/requirement/task_file.py#@@ -80,6 +95,42 @@ def parse_task_file(text: str) -> ParsedTaskFile:
  2. [in_service] The new region_coverage module introduces a separate character-level coverage implementation and public assertion API. The obligations ask for region-level coverage tests and assertions, but they do not specifically require this new helper module or its exact character/marker/heading accounting strategy.
       tests/requirement/region_coverage.py#@@ -0,0 +1,145 @@
       tests/requirement/test_region_coverage.py#@@ -0,0 +1,221 @@
  3. [in_service] The new tests assert exact parsed texts for nested fences and nested tables, and they add fixtures for those cases. The obligations mention nested bullets and multi-paragraph items, plus total coverage over corpora, but they do not require changing or testing fence/table handling.
       tests/fixtures/nested-blocks/README.md#@@ -0,0 +1,32 @@
       tests/fixtures/nested-blocks/nested-fence.md#@@ -0,0 +1,13 @@
       tests/fixtures/nested-blocks/nested-table.md#@@ -0,0 +1,15 @@
       tests/requirement/test_region_coverage.py#@@ -0,0 +1,221 @@
  4. [in_service] The documentation change flips the decision record from 'accepted, not built' to 'accepted and built' and adds implementation-status claims. The obligations require that the nested-as-requirement versus nested-as-unread decision be recorded, but they do not require changing the status or adding these implementation assertions in the decision record.
       docs/DR-216-parser-accounts-decomposer-splits.md#@@ -1,7 +1,7 @@
       docs/DR-216-parser-accounts-decomposer-splits.md#@@ -111,6 +111,18 @@ items, nested fences and nested tables. Running the assertion over the real

Evidence limitations:
  1. Judgments are static inferences unless a higher tier is recorded; the full application was not independently executed.

Next: retrieve a criterion's full recommendation with
  acceptance recommendation --criterion <id>
