Requirements: 29   with obligations: 28   deliberately none: 1

[task-01] `parse_task_file` walks the top-level nodes of the parsed task file and spans
    each list item using `_inline_content`, which returns the first inline node it finds
    and stops. A list item whose content is a paragraph followed by a nested bullet list
    therefore yields the first paragraph's text, that text is located in the source, and
    the narrow span is accepted. The nested list is never visited. The same happens to a
    second paragraph inside a single list item, and to any block nested inside a claimed
    item — a nested code fence, a nested table.
    -> obligation-parse-nested-content-as-own-or-unread  [functional/explicit]   (also serves task-02, task-05, constraint-01, exclusion-01, exclusion-03)
       Nested content under a claimed list item is accounted for either as its own
       requirement or as unread source, so it is never omitted from both registry and
       unclaimed coverage.
    -> obligation-second-paragraph-as-own-or-unread  [functional/explicit]   (also serves constraint-02)
       A second or subsequent paragraph inside a single list item is accounted for
       either as its own requirement or as unread source.
    -> obligation-no-unaccounted-region-for-nested-bullet-item  [regression/explicit]   (also serves completion-03)
       A list item containing a nested bullet list contributes no unaccounted region.
    -> obligation-no-unaccounted-region-for-multi-paragraph-item  [regression/explicit]   (also serves completion-04)
       A list item containing two paragraphs contributes no unaccounted region.

[task-02] The widening fallback in `_span` fires only when the inline text cannot be
    found in the source. Here it is found, so the fallback never runs.
    -> obligation-parse-nested-content-as-own-or-unread  [functional/explicit]   (also serves task-01, task-05, constraint-01, exclusion-01, exclusion-03)
       Nested content under a claimed list item is accounted for either as its own
       requirement or as unread source, so it is never omitted from both registry and
       unclaimed coverage.

[task-03] Because the item was claimed, the dropped content reaches neither the registry
    nor `unclaimed`. It produces no requirement id, receives no disposition, and cannot
    be recorded as unaccounted for, because no registry entry exists for it.
    `unread_source` is therefore empty and the CLI prints `unaccounted for: 0`.
    -> obligation-unclaimed-covers-all-task-file-text  [functional/explicit]   (also serves task-04, constraint-04, constraint-10, exclusion-04, exclusion-05)
       unclaimed accounts for all task-file text, including text beyond unrecognised
       top-level headings.
    -> obligation-every-non-whitespace-non-heading-region-accounted  [invariant/explicit]   (also serves task-04, task-05, constraint-05)
       Every non-whitespace, non-heading region of a task file is covered by either a
       registry span or an unclaimed span.

[task-04] #202 established that a parse may only be authoritative if it reports what it
    missed, and taught readers to trust that zero. This drop occurs under a clean bill
    of health, which is worse than a drop under no bill of health at all.
    -> obligation-unclaimed-covers-all-task-file-text  [functional/explicit]   (also serves task-03, constraint-04, constraint-10, exclusion-04, exclusion-05)
       unclaimed accounts for all task-file text, including text beyond unrecognised
       top-level headings.
    -> obligation-every-non-whitespace-non-heading-region-accounted  [invariant/explicit]   (also serves task-03, task-05, constraint-05)
       Every non-whitespace, non-heading region of a task file is covered by either a
       registry span or an unclaimed span.

[task-05] Decide whether nested content under a claimed list item is a requirement in
    its own right or a continuation of its parent, then make the parse account for every
    region of the task file: each one is either inside a registry span or inside an
    unclaimed span, and never inside neither.
    -> obligation-parse-nested-content-as-own-or-unread  [functional/explicit]   (also serves task-01, task-02, constraint-01, exclusion-01, exclusion-03)
       Nested content under a claimed list item is accounted for either as its own
       requirement or as unread source, so it is never omitted from both registry and
       unclaimed coverage.
    -> obligation-every-non-whitespace-non-heading-region-accounted  [invariant/explicit]   (also serves task-03, task-04, constraint-05)
       Every non-whitespace, non-heading region of a task file is covered by either a
       registry span or an unclaimed span.

[constraint-01] Nested content under a claimed list item is extracted as its own
    requirement, or reported as unread. It is never absent from both.
    -> obligation-parse-nested-content-as-own-or-unread  [functional/explicit]   (also serves task-01, task-02, task-05, exclusion-01, exclusion-03)
       Nested content under a claimed list item is accounted for either as its own
       requirement or as unread source, so it is never omitted from both registry and
       unclaimed coverage.

[constraint-02] A second or subsequent paragraph inside a single list item is extracted
    as its own requirement, or reported as unread.
    -> obligation-second-paragraph-as-own-or-unread  [functional/explicit]   (also serves task-01)
       A second or subsequent paragraph inside a single list item is accounted for
       either as its own requirement or as unread source.

[constraint-03] The choice between extracting nested content and reporting it as unread
    is made once, stated, and applied uniformly.
    -> obligation-uniform-decision-for-nested-content  [invariant/explicit]
       The nested-content accounting decision is made once and applied consistently
       across the parse.

[constraint-04] `unclaimed` accounts for all task-file text, not only text under
    unrecognised top-level headings.
    -> obligation-unclaimed-covers-all-task-file-text  [functional/explicit]   (also serves task-03, task-04, constraint-10, exclusion-04, exclusion-05)
       unclaimed accounts for all task-file text, including text beyond unrecognised
       top-level headings.

[constraint-05] Every non-whitespace, non-heading region of a task file is inside a
    registry span or inside an unclaimed span.
    -> obligation-every-non-whitespace-non-heading-region-accounted  [invariant/explicit]   (also serves task-03, task-04, task-05)
       Every non-whitespace, non-heading region of a task file is covered by either a
       registry span or an unclaimed span.

[constraint-06] A test asserts that total coverage directly, over the source regions
    rather than over a requirement count.
    -> obligation-region-level-coverage-assertion  [functional/explicit]
       The coverage test asserts total coverage directly over source regions rather than
       over requirement counts.

[constraint-07] That coverage assertion runs over the repository's own committed task
    files.
    -> obligation-coverage-on-committed-task-files  [functional/explicit]
       The coverage assertion runs over the repository's own committed task files.

[constraint-08] That coverage assertion runs over the `tests/fixtures/decompose-
    stability/` corpus.
    -> obligation-coverage-on-decompose-stability-corpus  [functional/explicit]
       The coverage assertion runs over the tests/fixtures/decompose-stability/ corpus.

[constraint-09] A task file whose Constraints bullet carries two nested bullets, plus a
    second Constraints bullet carrying a second paragraph, yields five requirements, or
    two requirements plus three unread blocks.
    -> obligation-five-requirements-or-three-unread-for-reproduction  [boundary/explicit]   (also serves completion-02)
       The specified reproduction yields either five requirements or two requirements
       plus three unread blocks.

[constraint-10] The reported unaccounted-for count is non-zero whenever task-file text
    was in fact not read.
    -> obligation-unclaimed-covers-all-task-file-text  [functional/explicit]   (also serves task-03, task-04, constraint-04, exclusion-04, exclusion-05)
       unclaimed accounts for all task-file text, including text beyond unrecognised
       top-level headings.

[constraint-11] Typed schemas are pydantic models, as the rest of the repository defines
    them.
    -> obligation-region-level-total-coverage-tests  [functional/explicit]   (also serves constraint-12, completion-05, completion-06)
       A test asserts region-level total coverage over the repository's committed task
       files and over the decompose-stability corpus.

[constraint-12] Tests issue no live model calls.
    -> obligation-region-level-total-coverage-tests  [functional/explicit]   (also serves constraint-11, completion-05, completion-06)
       A test asserts region-level total coverage over the repository's committed task
       files and over the decompose-stability corpus.

[exclusion-01] Whether the model yields an obligation for a given requirement. This
    change concerns only which requirements the parse produces and which regions it
    reports as unread.
    -> obligation-parse-nested-content-as-own-or-unread  [functional/explicit]   (also serves task-01, task-02, task-05, constraint-01, exclusion-03)
       Nested content under a claimed list item is accounted for either as its own
       requirement or as unread source, so it is never omitted from both registry and
       unclaimed coverage.

[exclusion-02] The wording of the decomposition prompt, which is #204, #205, #206 and
    #219.
    -> obligation-decision-recorded-in-repository  [docs_config/explicit]   (also serves completion-07)
       The nested-as-requirement versus nested-as-unread decision is recorded in the
       repository.

[exclusion-03] Reconciling a disposition against the requirements a call supplied, which
    #217 settled.
    -> obligation-parse-nested-content-as-own-or-unread  [functional/explicit]   (also serves task-01, task-02, task-05, constraint-01, exclusion-01)
       Nested content under a claimed list item is accounted for either as its own
       requirement or as unread source, so it is never omitted from both registry and
       unclaimed coverage.

[exclusion-04] Recovering the requirements a prior run dropped, or comparing counts
    against recorded transcripts.
    -> obligation-unclaimed-covers-all-task-file-text  [functional/explicit]   (also serves task-03, task-04, constraint-04, constraint-10, exclusion-05)
       unclaimed accounts for all task-file text, including text beyond unrecognised
       top-level headings.

[exclusion-05] Nested content inside headings the parser does not recognise, which #202
    already reports through `unclaimed`.
    -> obligation-unclaimed-covers-all-task-file-text  [functional/explicit]   (also serves task-03, task-04, constraint-04, constraint-10, exclusion-04)
       unclaimed accounts for all task-file text, including text beyond unrecognised
       top-level headings.

[completion-01] Implementation
    -- no obligation, deliberately
       Section marker only; it does not add a checkable requirement by itself.

[completion-02] The reproduction in #216 yields five requirements, or two requirements
    plus three unread blocks.
    -> obligation-five-requirements-or-three-unread-for-reproduction  [boundary/explicit]   (also serves constraint-09)
       The specified reproduction yields either five requirements or two requirements
       plus three unread blocks.

[completion-03] A list item containing a nested bullet list contributes no unaccounted
    region.
    -> obligation-no-unaccounted-region-for-nested-bullet-item  [regression/explicit]   (also serves task-01)
       A list item containing a nested bullet list contributes no unaccounted region.

[completion-04] A list item containing two paragraphs contributes no unaccounted region.
    -> obligation-no-unaccounted-region-for-multi-paragraph-item  [regression/explicit]   (also serves task-01)
       A list item containing two paragraphs contributes no unaccounted region.

[completion-05] A test asserts region-level total coverage over the repository's
    committed task files.
    -> obligation-region-level-total-coverage-tests  [functional/explicit]   (also serves constraint-11, constraint-12, completion-06)
       A test asserts region-level total coverage over the repository's committed task
       files and over the decompose-stability corpus.

[completion-06] A test asserts region-level total coverage over the decompose-stability
    corpus.
    -> obligation-region-level-total-coverage-tests  [functional/explicit]   (also serves constraint-11, constraint-12, completion-05)
       A test asserts region-level total coverage over the repository's committed task
       files and over the decompose-stability corpus.

[completion-07] The decision between nested-as-requirement and nested-as-unread is
    recorded in the repository.
    -> obligation-decision-recorded-in-repository  [docs_config/explicit]   (also serves exclusion-02)
       The nested-as-requirement versus nested-as-unread decision is recorded in the
       repository.

