Task completion: INCOMPLETE

13 obligation(s) with non-discriminating test evidence (test-repeat-head-yields-one, test-later-repeat-kept, test-no-repeat-suffix, test-byte-identical-review-state, read-obligations-as-head-plus-remainder, field-difference-keeps-obligation, later-repeat-is-kept, yielding-requirement-never-empty, surviving-content-unchanged, surviving-no-repeat-suffix, byte-identical-review-state, tests-no-live-model-calls, dedupe-repeated-obligation-response).

Obligations:

  1. A test asserts that a requirement whose remaining obligations begin with an exact repeat of its first obligation yields one obligation.
       requirements: completion-02
       code evidence: addressed
         1.1  tests/requirement/test_obligation_echo.py#@@ -0,0 +1,337 @@
       test evidence: partially supported  [tier: static]
         1.2  tests/requirement/test_obligation_echo.py::test_an_echoed_required_obligation_yields_one_obligation
         1.3  tests/requirement/test_obligation_echo.py::test_derived_still_reports_the_response_as_received
         1.4  tests/requirement/test_obligation_echo.py::test_two_requirements_each_echoing_are_both_collapsed
         recommended test: A test is added that checks the one-obligation outcome for a requirement whose remainder starts with an exact repeat of its first obligation.
           inputs:  A yielded disposition whose remainder begins with an obligation byte-identical to the required head obligation, with no extra remainder items. Use the exact observed shape: one requirement, one obligation in `obligation`, and `more_obligations` containing a single identical copy.
           detects: Implementation collapses only when the repeated head is byte-identical, but the existing test case uses a non-identical repeat.
           full detail: acceptance recommendation --criterion test-repeat-head-yields-one

  2. A test asserts that reading such a repeat as one obligation is recorded.
       requirements: completion-03
       code evidence: addressed
         2.1  tests/requirement/test_obligation_echo.py#@@ -0,0 +1,337 @@
       test evidence: strongly supported  [tier: static]
         2.2  tests/requirement/test_obligation_echo.py::test_collapsing_an_echo_is_recorded
         2.3  tests/requirement/test_obligation_echo.py::test_two_requirements_each_echoing_are_both_collapsed

  3. A test asserts that a remaining obligation differing from the first in any single field is kept.
       requirements: completion-04
       code evidence: addressed
         3.1  tests/requirement/test_obligation_echo.py#@@ -0,0 +1,337 @@
       test evidence: strongly supported  [tier: static]
         3.2  tests/requirement/test_obligation_echo.py::test_a_remainder_differing_in_any_single_field_is_kept

  4. A test asserts that a repeat appearing later than the head of the remainder is kept.
       requirements: completion-05
       code evidence: addressed
         4.1  tests/requirement/test_obligation_echo.py#@@ -0,0 +1,337 @@
       test evidence: partially supported  [tier: static]
         4.2  tests/requirement/test_obligation_echo.py::test_an_echo_surrounded_by_genuine_obligations_collapses_only_the_echo
         4.3  tests/requirement/test_obligation_echo.py::test_an_identical_entry_later_than_position_zero_is_kept
         recommended test: A test is added that checks a repeat appearing later than the head of the remainder is preserved.
           inputs:  A yielded disposition where the first remainder item is distinct, but a later remainder item is byte-identical to the head obligation. Include at least three obligations total so the repeat is not at position 0.
           detects: Implementation only checks the first remainder item and leaves later repeats untouched.
           full detail: acceptance recommendation --criterion test-later-repeat-kept

  5. A test asserts that the surviving obligation carries no identifier suffix earned only by a repeat.
       requirements: completion-06
       code evidence: addressed
         5.1  tests/requirement/test_obligation_echo.py#@@ -0,0 +1,337 @@
       test evidence: partially supported  [tier: static]
         5.2  tests/requirement/test_obligation_echo.py::test_the_surviving_obligation_carries_no_suffix_earned_by_the_echo
         recommended test: A test is added that checks the surviving obligation has no identifier suffix earned only by a repeat.
           inputs:  A one-obligation echo case where the surviving obligation is the head copy and the repeated copy would otherwise earn a repeat-derived suffix such as `-2`. The input should make suffixing observable if it leaks into the returned object.
           detects: Implementation returns the correct unsuffixed id for the surviving obligation but still appends a suffix to an internal, unobserved copy.
           full detail: acceptance recommendation --criterion test-no-repeat-suffix

  6. A test asserts that the surviving obligation's content is unchanged.
       requirements: completion-07
       code evidence: addressed
         6.1  tests/requirement/test_obligation_echo.py#@@ -0,0 +1,337 @@
       test evidence: strongly supported  [tier: static]
         6.2  tests/benchmark/test_decompose_regression.py::test_a_decomposer_that_drops_content_fails_the_suite
         6.3  tests/requirement/test_obligation_echo.py::test_the_surviving_obligation_keeps_its_content

  7. A test asserts that two runs over byte-identical task text produce byte-identical review state.
       requirements: completion-08
       code evidence: addressed
         7.1  tests/requirement/test_obligation_echo.py#@@ -0,0 +1,337 @@
       test evidence: partially supported  [tier: static]
         7.2  tests/requirement/test_obligation_echo.py::test_two_runs_over_identical_task_text_produce_identical_review_state
         recommended test: A test is added that checks two runs over byte-identical task text produce byte-identical review state.
           inputs:  Two separate runs over byte-identical task text that both exercise the echo-collapse path, with the same injected model response and the same task file contents.
           detects: Implementation changes only transient in-memory objects but serializes them identically on both runs.
           full detail: acceptance recommendation --criterion test-byte-identical-review-state

  8. A requirement's obligations are read as a first obligation followed by the remaining ones.
       requirements: constraint-01
       code evidence: addressed
         8.1  src/acceptance/requirement/obligations.py#@@ -417,6 +432,66 @@ def _importance(value: str) -> str:
         8.2  src/acceptance/requirement/obligations.py#@@ -632,7 +707,7 @@ def decompose(
       test evidence: unsupported  [tier: static]
         (no mapped test)
         recommended test: The decomposition logic treats each requirement's obligations as an ordered head element plus the rest of the obligations.
           inputs:  A yielded response with a required head obligation and a non-empty remainder, where the remainder’s first item is identical to the head and at least one later item is distinct.
           detects: Decomposition logic does not treat obligations as an ordered head element plus the rest, causing incorrect handling of the remainder structure.
           full detail: acceptance recommendation --criterion read-obligations-as-head-plus-remainder

  9. A first obligation that reappears at the head of the remainder is one obligation, not two.
       requirements: constraint-02
       code evidence: addressed
         9.1  src/acceptance/requirement/obligations.py#@@ -417,6 +432,66 @@ def _importance(value: str) -> str:
         9.2  src/acceptance/requirement/obligations.py#@@ -632,7 +707,7 @@ def decompose(
       test evidence: strongly supported  [tier: static]
         9.3  tests/requirement/test_obligation_echo.py::test_an_echoed_required_obligation_yields_one_obligation
         9.4  tests/requirement/test_obligation_echo.py::test_derived_still_reports_the_response_as_received
         9.5  tests/requirement/test_obligation_echo.py::test_two_requirements_each_echoing_are_both_collapsed

  10. A remaining obligation is a repeat of the first only when every one of its fields is exactly equal to the first's.
       requirements: constraint-03
       code evidence: addressed
         10.1  src/acceptance/requirement/obligations.py#@@ -310,8 +310,23 @@ class _Yielded(StrictResponseModel):
         10.2  src/acceptance/requirement/obligations.py#@@ -417,6 +432,66 @@ def _importance(value: str) -> str:
       test evidence: strongly supported  [tier: static]
         10.3  tests/requirement/test_obligation_echo.py::test_derived_still_reports_the_response_as_received

  11. A remaining obligation that differs from the first in any field is kept.
       requirements: constraint-04
       code evidence: addressed
         11.1  tests/requirement/test_obligation_echo.py#@@ -0,0 +1,337 @@
       test evidence: partially supported  [tier: static]
         11.2  tests/requirement/test_obligation_echo.py::test_a_remainder_differing_in_any_single_field_is_kept
         11.3  tests/requirement/test_obligation_echo.py::test_an_echo_surrounded_by_genuine_obligations_collapses_only_the_echo
         recommended test: If any field of a remainder obligation differs from the first obligation, that remainder obligation remains present in the output.
           inputs:  A yielded disposition where the remainder’s first obligation differs from the head in exactly one field, and separate variants that differ in each of the other fields the model compares (`id`, `type`, `source_quote`, `description`, `importance`, etc.).
           detects: Implementation only preserves differences in some fields but not all, and the test case differs in one of the ignored fields.
           full detail: acceptance recommendation --criterion field-difference-keeps-obligation

  12. The same obligation appearing later than the head of the remainder is kept.
       requirements: constraint-05
       code evidence: addressed
         12.1  tests/requirement/test_obligation_echo.py#@@ -0,0 +1,337 @@
       test evidence: partially supported  [tier: static]
         12.2  tests/requirement/test_obligation_echo.py::test_an_echo_surrounded_by_genuine_obligations_collapses_only_the_echo
         12.3  tests/requirement/test_obligation_echo.py::test_an_identical_entry_later_than_position_zero_is_kept
         recommended test: An obligation that matches an earlier one but appears later than the first position in the remainder is preserved in the output.
           inputs:  A remainder list where an obligation identical to an earlier one appears later than the first position, with at least one distinct obligation before it so the repeat is not the head echo.
           detects: Implementation only collapses the first repeated item and leaves later repeats intact.
           full detail: acceptance recommendation --criterion later-repeat-is-kept

  13. Reading a repeat as one obligation is recorded.
       requirements: constraint-06
       code evidence: addressed
         13.1  src/acceptance/requirement/obligations.py#@@ -417,6 +432,66 @@ def _importance(value: str) -> str:
       test evidence: strongly supported  [tier: static]
         13.2  tests/requirement/test_decompose_partitioning.py::test_a_disposition_for_a_requirement_the_call_was_not_given_is_recorded
         13.3  tests/requirement/test_obligation_echo.py::test_collapsing_an_echo_is_recorded
         13.4  tests/requirement/test_obligation_echo.py::test_two_requirements_each_echoing_are_both_collapsed

  14. The record attributes the repeat to the shape of the response rather than to a faulty answer.
       requirements: constraint-07
       code evidence: addressed
         14.1  src/acceptance/requirement/obligations.py#@@ -417,6 +432,66 @@ def _importance(value: str) -> str:
         14.2  tests/requirement/test_obligation_echo.py#@@ -0,0 +1,337 @@
       test evidence: strongly supported  [tier: static]
         14.3  tests/requirement/test_obligation_echo.py::test_the_record_attributes_the_echo_to_the_response_shape

  15. A requirement that yielded obligations is never left holding none.
       requirements: constraint-08
       code evidence: addressed
         15.1  src/acceptance/requirement/obligations.py#@@ -417,6 +432,66 @@ def _importance(value: str) -> str:
       test evidence: partially supported  [tier: static]
         15.2  tests/benchmark/test_empty_registry_guard.py::test_a_decompose_case_cannot_be_built_from_an_unreadable_task_file
         15.3  tests/benchmark/test_empty_registry_guard.py::test_every_decompose_regression_task_file_yields_requirements
         15.4  tests/requirement/test_obligation_echo.py::test_a_requirement_that_yielded_is_never_emptied_by_the_collapse
         15.5  tests/requirement/test_obligation_echo.py::test_an_echoed_required_obligation_yields_one_obligation
         15.6  tests/requirement/test_obligation_echo.py::test_two_requirements_each_echoing_are_both_collapsed
         15.7  tests/requirement/test_requirement_map.py::test_a_fully_accounted_response_disposes_every_requirement
         recommended test: For any requirement that produces obligations, the disposition includes at least one obligation id.
           inputs:  A requirement that yields at least one obligation, including the echo-collapse case where the head is duplicated in `more_obligations`. The input must make the disposition non-empty before collapse.
           detects: Implementation leaves the disposition non-empty for echoed cases but empties only non-echo yielded cases.
           full detail: acceptance recommendation --criterion yielding-requirement-never-empty

  16. The surviving obligation keeps its content unchanged.
       requirements: constraint-09
       code evidence: addressed
         16.1  src/acceptance/requirement/obligations.py#@@ -417,6 +432,66 @@ def _importance(value: str) -> str:
         16.2  tests/requirement/test_obligation_echo.py#@@ -0,0 +1,337 @@
       test evidence: partially supported  [tier: static]
         16.3  tests/requirement/test_obligation_echo.py::test_the_surviving_obligation_keeps_its_content
         16.4  tests/requirement/test_requirement_map.py::test_two_requirements_minting_the_same_id_keep_separate_obligations
         recommended test: The retained obligation's content is preserved exactly, with no edits to its text or meaning.
           inputs:  A one-obligation echo case where the surviving head obligation has distinctive content fields and source quotation text that can be asserted exactly after collapse.
           detects: Implementation preserves the content but reconstructs a semantically equivalent object with different internal identity.
           full detail: acceptance recommendation --criterion surviving-content-unchanged

  17. The surviving obligation carries no identifier suffix earned only by a repeat.
       requirements: constraint-10
       code evidence: addressed
         17.1  src/acceptance/requirement/obligations.py#@@ -417,6 +432,66 @@ def _importance(value: str) -> str:
         17.2  tests/requirement/test_obligation_echo.py#@@ -0,0 +1,337 @@
       test evidence: partially supported  [tier: static]
         17.3  tests/requirement/test_obligation_echo.py::test_the_surviving_obligation_carries_no_suffix_earned_by_the_echo
         17.4  tests/requirement/test_requirement_map.py::test_two_requirements_minting_the_same_id_keep_separate_obligations
         recommended test: The retained obligation's identifier does not gain any repeat-derived suffix.
           inputs:  A one-obligation echo case where the surviving obligation would have been the one renamed with a repeat-derived suffix if collapse happened too late.
           detects: Implementation uses a suffix internally but strips it before returning the final obligations list.
           full detail: acceptance recommendation --criterion surviving-no-repeat-suffix

  18. Two runs over byte-identical task text produce byte-identical review state.
       requirements: constraint-11
       code evidence: addressed
         18.1  tests/requirement/test_obligation_echo.py#@@ -0,0 +1,337 @@
       test evidence: partially supported  [tier: static]
         18.2  tests/benchmark/test_decomposition.py::test_decompose_case_does_not_mutate_the_input_case
         18.3  tests/requirement/test_obligation_echo.py::test_two_runs_over_identical_task_text_produce_identical_review_state
         18.4  tests/requirement/test_obligations.py::test_decomposition_round_trips_through_persistence
         recommended test: Running the decomposition twice on identical task text yields identical review-state output bytes.
           inputs:  Two identical task-text runs that traverse the same decomposition path and produce the same logical review state, with no incidental differences in mocked inputs or ordering.
           detects: Implementation mutates unrelated benchmark bookkeeping but leaves the serialized review state identical.
           full detail: acceptance recommendation --criterion byte-identical-review-state

  19. Tests issue no live model calls.
       requirements: constraint-12
       code evidence: addressed
         19.1  tests/requirement/test_obligation_echo.py#@@ -0,0 +1,337 @@
       test evidence: partially supported  [tier: static]
         19.2  tests/benchmark/test_decompose_regression.py::test_a_decomposer_that_raises_everything_and_splits_everything_fails_the_suite
         19.3  tests/benchmark/test_decompose_regression.py::test_a_faithful_decomposer_scores_perfectly
         19.4  tests/benchmark/test_decompose_regression.py::test_the_two_degenerate_decomposers_fail_on_different_metrics
         19.5  tests/benchmark/test_decomposition.py::test_decompose_case_leaves_other_metrics_as_no_op_defaults
         19.6  tests/benchmark/test_rating_regression.py::test_the_decompose_stability_corpus_gains_no_regression_artifacts
         19.7  tests/requirement/test_decompose_partitioning.py::test_a_task_file_of_n_requirements_produces_ceil_n_over_size_calls
         19.8  tests/requirement/test_decompose_partitioning.py::test_an_id_outside_the_registry_entirely_is_still_refused_by_name
         19.9  tests/test_cli.py::test_decompose_replay_without_transcript_fails_cleanly
         recommended test: The test suite runs without making any live model requests.
           inputs:  A test-suite execution path that would fail if any test attempted a real model request, ideally by running the suite with network/model access disabled or the model client stubbed to raise on live calls.
           detects: Implementation makes live model calls only in code paths not exercised by the mapped tests.
           full detail: acceptance recommendation --criterion tests-no-live-model-calls

  20. The change does not alter what the response's obligation fields are called or any instruction given about how to fill them.
       requirements: exclusion-01
       [carried forward from e1ad1de7 — not re-derived for this head]
       code evidence: addressed
         examined 6 changes across 4 files; none breaches this boundary
       test evidence: not applicable — confirmed by code evidence alone

  21. The change does not alter whether two obligations stating the same thing in different words are merged, which the linking stage decides.
       requirements: exclusion-02
       code evidence: addressed
         examined 6 changes across 4 files; none breaches this boundary
       test evidence: not applicable — confirmed by code evidence alone

  22. The change does not alter how finely a single requirement is split into obligations or how many obligations one requirement may yield.
       requirements: exclusion-03
       [carried forward from e1ad1de7 — not re-derived for this head]
       code evidence: addressed
         examined 6 changes across 4 files; none breaches this boundary
       test evidence: not applicable — confirmed by code evidence alone

  23. The change does not alter assigning obligation types.
       requirements: exclusion-04
       [carried forward from e1ad1de7 — not re-derived for this head]
       code evidence: addressed
         examined 6 changes across 4 files; none breaches this boundary
       test evidence: not applicable — confirmed by code evidence alone

  24. The change does not alter which open questions are raised or what they cite, and it does not alter the measurement of decomposition accuracy.
       requirements: exclusion-05
       [carried forward from e1ad1de7 — not re-derived for this head]
       code evidence: addressed
         examined 6 changes across 4 files; none breaches this boundary
       test evidence: not applicable — confirmed by code evidence alone

  25. The change does not alter the measurement of how accurate decomposition is.
       requirements: exclusion-06
       [carried forward from e1ad1de7 — not re-derived for this head]
       code evidence: addressed
         examined 6 changes across 4 files; none breaches this boundary
       test evidence: not applicable — confirmed by code evidence alone

  26. An obligation stated twice in a response is read as one obligation.
       requirements: task-01
       code evidence: addressed
         26.1  src/acceptance/requirement/obligations.py#@@ -417,6 +432,66 @@ def _importance(value: str) -> str:
         26.2  src/acceptance/requirement/obligations.py#@@ -632,7 +707,7 @@ def decompose(
         26.3  tests/requirement/test_obligation_echo.py#@@ -0,0 +1,337 @@
       test evidence: partially supported  [tier: static]
         26.4  tests/requirement/test_obligation_echo.py::test_an_echoed_required_obligation_yields_one_obligation
         26.5  tests/requirement/test_obligation_echo.py::test_derived_still_reports_the_response_as_received
         26.6  tests/requirement/test_obligation_echo.py::test_two_requirements_each_echoing_are_both_collapsed
         26.7  tests/requirement/test_obligations.py::test_duplicate_ids_are_made_unique
         recommended test: A response that repeats the same obligation is interpreted as containing a single obligation.
           inputs:  A response that repeats the same obligation twice, with the repeated item appearing later in the list and byte-identical to the first occurrence.
           detects: Implementation deduplicates repeated obligations only when the repeated item is later in the list, not at the head.
           full detail: acceptance recommendation --criterion dedupe-repeated-obligation-response

Mandate coverage: 26 of 27 requirements yielded obligations
  1 deliberately declined, taken at face value and not counted against coverage
  1. [no_obligation] completion-01: Implementation
       reason: Section marker standing alone with no requirement under it.

Unrequested changes:
  1. [separable] The large docs/DEFERRED.md addition records multiple issue-filing notes and design commentary unrelated to the requested obligation-deduplication behavior and tests. The obligations ask for specific functional/test coverage and byte-identical determinism, not backlog narrative or issue-body drafts.
       docs/DEFERRED.md#@@ -35,3 +35,185 @@ Severity: `blocker` (an Acceptance item of the task in flight depends on it) ·
  2. [separable] session-state.md was rewritten to add extensive session narrative, queued work, and design notes beyond what the obligations require. The task only calls for behavior/tests around repeated obligations and deterministic review state, not a broad session log update.
       session-state.md#@@ -12,82 +12,111 @@ Clear it out when the task lands rather than letting it accrete.
  3. [in_service] In obligations.py, _Yielded.derived() now has a new docstring and a new echoes_head() helper. The obligations require deduplication behavior and recording, but do not call for exposing a new helper or changing the public-facing semantics of derived() itself.
       src/acceptance/requirement/obligations.py#@@ -310,8 +310,23 @@ class _Yielded(StrictResponseModel):
  4. [in_service] The new _decode_obligations() helper changes the internal decomposition path to collapse only a head echo and record it. While the collapse itself is requested, the specific refactor into a new helper and the detailed recording text are extra implementation choices not demanded by the obligations.
       src/acceptance/requirement/obligations.py#@@ -417,6 +432,66 @@ def _importance(value: str) -> str:
       src/acceptance/requirement/obligations.py#@@ -632,7 +707,7 @@ def decompose(
  5. [in_service] The added test file contains many extra scenarios and explanatory comments beyond the obligations' required assertions. The obligations demand tests for head-repeat collapse, recording, single-field differences, later repeats, no suffix, unchanged content, and byte-identical review state; the additional wiring, helper-behavior, and multi-obligation cases are not explicitly requested.
       tests/requirement/test_obligation_echo.py#@@ -0,0 +1,337 @@

Changes since e1ad1de7:
  closed:
    - A remaining obligation is a repeat of the first only when every one of its fields is exactly equal to the first's.
        code evidence: addressed -> addressed
        test evidence: unsupported -> strongly supported
  moved:
    - A test asserts that a requirement whose remaining obligations begin with an exact repeat of its first obligation yields one obligation.
        test evidence: strongly supported -> partially supported
    - A test asserts that a repeat appearing later than the head of the remainder is kept.
        test evidence: strongly supported -> partially supported
    - A test asserts that the surviving obligation carries no identifier suffix earned only by a repeat.
        test evidence: strongly supported -> partially supported
    - A test asserts that two runs over byte-identical task text produce byte-identical review state.
        test evidence: strongly supported -> partially supported
    - A remaining obligation that differs from the first in any field is kept.
        test evidence: strongly supported -> partially supported
    - The same obligation appearing later than the head of the remainder is kept.
        test evidence: strongly supported -> partially supported
    - A requirement that yielded obligations is never left holding none.
        test evidence: strongly supported -> partially supported
    - The surviving obligation keeps its content unchanged.
        test evidence: strongly supported -> partially supported
    - The surviving obligation carries no identifier suffix earned only by a repeat.
        test evidence: strongly supported -> partially supported
    - Two runs over byte-identical task text produce byte-identical review state.
        test evidence: strongly supported -> partially supported
    - Tests issue no live model calls.
        test evidence: strongly supported -> partially supported
    - The change does not alter whether two obligations stating the same thing in different words are merged, which the linking stage decides.
        test evidence: unsupported -> partially supported
  5 obligation(s) carried forward unchanged — their code and tests were untouched by this work.

Evidence limitations:
  1. Judgments are static inferences unless a higher tier is recorded; the full application was not independently executed.

Next: retrieve a criterion's full recommendation with
  acceptance recommendation --criterion <id>
