Task completion: INCOMPLETE

6 obligation(s) with non-discriminating test evidence (test-sibling-scope-exclusions-same-disposition, test-byte-identical-review-state, sibling-scope-exclusions-same-disposition, no-preserve-property-reason, byte-identical-review-state-on-identical-input, tests-no-live-model-calls).

Obligations:

  1. A test asserts that an acceptance criterion demanding a test derives an obligation whose demand is the test.
       requirements: completion-02
       code evidence: addressed
         1.1  tests/prompts/test_decomposition_prompt.py#@@ -0,0 +1,240 @@
         1.2  src/acceptance/requirement/obligations.py#@@ -70,7 +70,8 @@ the ambiguities that need human judgment.
         1.3  src/acceptance/review_state.py#@@ -63,7 +63,20 @@ __all__ = [
         1.4  src/acceptance/review_state.py#@@ -74,6 +87,7 @@ class ObligationType(str, Enum):
       test evidence: strongly supported  [tier: static]
         1.5  tests/prompts/test_decomposition_prompt.py::test_a_criterion_demanding_a_test_yields_an_obligation_demanding_a_test

  2. A test asserts that an obligation demanding a behaviour and an obligation demanding a test of that behaviour are not recognised as stating the same requirement.
       requirements: completion-03
       code evidence: addressed
         2.1  tests/requirement/test_linking.py#@@ -591,3 +592,91 @@ def test_the_constrained_response_schema_is_still_a_pydantic_model():
         2.2  src/acceptance/requirement/linking.py#@@ -138,8 +135,30 @@ class _Verdicts(StrictResponseModel):
         2.3  src/acceptance/requirement/linking.py#@@ -333,9 +353,14 @@ def link_duplicate_obligations(
       test evidence: strongly supported  [tier: static]
         2.4  tests/prompts/test_linking_prompt.py::test_a_behaviour_and_a_requirement_to_test_it_are_not_merged

  3. A test asserts that sibling bullets worded alike under one scope exclusions heading receive the same disposition as each other.
       requirements: completion-04
       code evidence: addressed
         3.1  tests/prompts/test_decomposition_prompt.py#@@ -0,0 +1,240 @@
         3.2  src/acceptance/requirement/obligations.py#@@ -158,11 +194,37 @@ reference genuinely leaves you unable to tell WHAT is required — not merely
       test evidence: partially supported  [tier: static]
         3.3  tests/prompts/test_decomposition_prompt.py::test_sibling_exclusions_share_one_disposition
         recommended test: The test suite includes a test that verifies sibling bullets under one scope exclusions heading are disposed of identically.
           inputs:  A task file with one `## Scope exclusions` heading containing at least two sibling bullets whose content differs enough that a buggy implementation could assign them different dispositions, but where the correct behavior is that every sibling under that heading is disposed of identically. Use one bullet that is clearly out of scope and another sibling that is also clearly out of scope, so the test can compare their dispositions directly.
           detects: Developer gives all sibling exclusions the same disposition but not the intended one, e.g. all `open_question` instead of `no_obligation`.
           full detail: acceptance recommendation --criterion test-sibling-scope-exclusions-same-disposition

  4. A test asserts that a requirement disposed of without an obligation has a reason stating no property the change must preserve.
       requirements: completion-05
       code evidence: addressed
         4.1  tests/prompts/test_decomposition_prompt.py#@@ -0,0 +1,240 @@
         4.2  src/acceptance/requirement/obligations.py#@@ -158,11 +194,37 @@ reference genuinely leaves you unable to tell WHAT is required — not merely
       test evidence: strongly supported  [tier: static]
         4.3  tests/prompts/test_decomposition_prompt.py::test_a_declined_exclusion_states_no_property_to_preserve

  5. A test asserts that two runs over byte-identical task text produce byte-identical review state.
       requirements: completion-06
       code evidence: addressed
         5.1  tests/prompts/test_corpus_mechanism.py#@@ -386,20 +386,37 @@ _APPROVED_TRANSCRIPTS = {
         5.2  tests/prompts/test_corpus_mechanism.py#@@ -475,6 +492,7 @@ def test_only_the_designated_capability_uses_recorded_responses():
         5.3  tests/prompts/test_decomposition_prompt.py#@@ -0,0 +1,240 @@
       test evidence: unsupported  [tier: static]
         (no mapped test)
         recommended test: The test suite includes a test that verifies identical task text inputs produce identical review state outputs across runs.
           inputs:  Two separate decomposition runs over exactly the same task text, using the same recorded/stubbed model controls and the same repository state, with the resulting review-state serialized bytes captured from each run.
           detects: Developer changes an internal field that is not persisted in the reviewed state but leaves the serialized output identical.
           full detail: acceptance recommendation --criterion test-byte-identical-review-state

  6. An acceptance criterion that demands a test yields an obligation whose demand is the test, not the behaviour the test is about.
       requirements: constraint-01
       code evidence: addressed
         6.1  src/acceptance/requirement/obligations.py#@@ -70,7 +70,8 @@ the ambiguities that need human judgment.
         6.2  src/acceptance/requirement/obligations.py#@@ -96,6 +97,40 @@ positive form, because it states what must be TRUE rather than what must be
         6.3  src/acceptance/review_state.py#@@ -63,7 +63,20 @@ __all__ = [
         6.4  src/acceptance/review_state.py#@@ -74,6 +87,7 @@ class ObligationType(str, Enum):
       test evidence: strongly supported  [tier: static]
         6.5  tests/prompts/test_decomposition_prompt.py::test_a_criterion_demanding_a_test_yields_an_obligation_demanding_a_test

  7. An obligation demanding a behaviour and an obligation demanding a test of that behaviour are never recognised as stating the same requirement.
       requirements: constraint-02
       code evidence: addressed
         7.1  src/acceptance/requirement/obligations.py#@@ -96,6 +97,40 @@ positive form, because it states what must be TRUE rather than what must be
         7.2  src/acceptance/requirement/linking.py#@@ -138,8 +135,30 @@ class _Verdicts(StrictResponseModel):
         7.3  src/acceptance/requirement/linking.py#@@ -333,9 +353,14 @@ def link_duplicate_obligations(
         7.4  tests/requirement/test_linking.py#@@ -591,3 +592,91 @@ def test_the_constrained_response_schema_is_still_a_pydantic_model():
       test evidence: strongly supported  [tier: static]
         7.5  tests/prompts/test_decomposition_prompt.py::test_a_constraint_stating_a_behaviour_is_not_given_test_framing
         7.6  tests/prompts/test_linking_prompt.py::test_a_behavior_and_the_technology_implementing_it_are_not_merged
         7.7  tests/prompts/test_linking_prompt.py::test_a_behaviour_and_a_requirement_to_test_it_are_not_merged
         7.8  tests/requirement/test_linking.py::test_a_behaviour_and_a_demand_for_a_test_of_it_are_never_asked_about
         7.9  tests/requirement/test_linking.py::test_a_behaviour_and_a_demand_for_a_test_of_it_are_not_merged_even_if_confirmed
         7.10  tests/requirement/test_linking.py::test_two_test_demands_can_still_merge_with_each_other

  8. A sentence of a given shape yields the same kind of obligation regardless of which task file it appears in.
       requirements: constraint-03
       code evidence: addressed
         8.1  src/acceptance/requirement/obligations.py#@@ -96,6 +97,40 @@ positive form, because it states what must be TRUE rather than what must be
         8.2  tests/prompts/test_decomposition_prompt.py#@@ -0,0 +1,240 @@
       test evidence: strongly supported  [tier: static]
         8.3  tests/prompts/test_decomposition_prompt.py::test_every_criterion_of_the_same_shape_is_treated_the_same_way
         8.4  tests/requirement/test_linking.py::test_the_surviving_obligation_carries_the_source_spans_of_both_statements
         8.5  tests/requirement/test_linking.py::test_the_survivor_is_chosen_by_derivation_order_not_by_the_models_nomination

  9. Sibling bullets under one scope exclusions heading receive the same disposition as each other.
       requirements: constraint-04
       code evidence: addressed
         9.1  src/acceptance/requirement/obligations.py#@@ -158,11 +194,37 @@ reference genuinely leaves you unable to tell WHAT is required — not merely
         9.2  tests/prompts/test_decomposition_prompt.py#@@ -0,0 +1,240 @@
       test evidence: partially supported  [tier: static]
         9.3  tests/prompts/test_decomposition_prompt.py::test_sibling_exclusions_differing_in_content_still_share_a_disposition
         9.4  tests/prompts/test_decomposition_prompt.py::test_sibling_exclusions_share_one_disposition
         recommended test: When multiple bullets appear under one scope exclusions heading, they are all disposed of with the same disposition.
           inputs:  A decomposition input containing one `## Scope exclusions` heading with multiple sibling bullets, where at least one sibling is phrased differently enough that a buggy implementation might dispose of it differently from the others. The input should make the correct answer uniform across all siblings.
           detects: Developer gives all sibling exclusions the same disposition but the wrong one.
           full detail: acceptance recommendation --criterion sibling-scope-exclusions-same-disposition

  10. A requirement disposed of without an obligation carries a reason that does not itself state a property the change must preserve.
       requirements: constraint-05
       code evidence: addressed
         10.1  src/acceptance/requirement/obligations.py#@@ -158,11 +194,37 @@ reference genuinely leaves you unable to tell WHAT is required — not merely
         10.2  tests/prompts/test_decomposition_prompt.py#@@ -0,0 +1,240 @@
       test evidence: partially supported  [tier: static]
         10.3  tests/coverage/test_classify.py::test_preserve_obligation_not_violated_is_addressed_with_no_refs
         10.4  tests/coverage/test_classify.py::test_violated_preserve_obligation_is_not_addressed_but_cites_the_breach
         10.5  tests/prompts/test_decomposition_prompt.py::test_a_declined_exclusion_states_no_property_to_preserve
         10.6  tests/requirement/test_requirement_map.py::test_an_obligation_no_requirement_claims_is_still_shown
         recommended test: For any requirement marked no_obligation, the reason text names why it is out of scope without asserting a preserved property of the change.
           inputs:  A requirement that is genuinely a `no_obligation` case because it is a scope exclusion, with wording that could tempt the implementation to restate it as a preserved property. The input should include a scope-exclusion bullet whose correct reason names the excluded work without using preservation language.
           detects: Developer marks a preserve obligation as addressed with no diff refs but leaves the reason text neutral.
           full detail: acceptance recommendation --criterion no-preserve-property-reason

  11. No obligation is produced whose only satisfying evidence would be a test that an excluded thing did not happen.
       requirements: constraint-06
       code evidence: addressed
         11.1  src/acceptance/requirement/obligations.py#@@ -158,11 +194,37 @@ reference genuinely leaves you unable to tell WHAT is required — not merely
         11.2  tests/prompts/test_decomposition_prompt.py#@@ -0,0 +1,240 @@
       test evidence: strongly supported  [tier: static]
         11.3  tests/prompts/test_decomposition_prompt.py::test_no_obligation_anywhere_demands_the_excluded_work

  12. Two runs over byte-identical task text produce byte-identical review state.
       requirements: constraint-07
       code evidence: addressed
         12.1  tests/prompts/test_corpus_mechanism.py#@@ -386,20 +386,37 @@ _APPROVED_TRANSCRIPTS = {
         12.2  tests/prompts/test_decomposition_prompt.py#@@ -0,0 +1,240 @@
         12.3  tests/fixtures/transcripts/260b8b5e090db302a4807d96745a0a62c4d152b8052b14fa624cbccfd388500c.json#@@ -0,0 +1 @@
         12.4  tests/fixtures/transcripts/2664c74347ca65d1a37f2ce03fe5ef447e860e2a495e3e1184e9cf86d72b109c.json#@@ -0,0 +1 @@
         12.5  tests/fixtures/transcripts/b6bc9aab905d31161fabaa5943a6858cb9e126edc11cdfdbe0fa48f2fd192c75.json#@@ -0,0 +1 @@
       test evidence: partially supported  [tier: static]
         12.6  tests/coverage/test_classify.py::test_coverage_round_trips_through_persistence
         12.7  tests/evidence/test_mapping.py::test_repeating_a_run_reuses_the_recorded_batches
         12.8  tests/prompts/test_corpus_mechanism.py::test_the_corpus_is_recorded_under_production_determinism_controls
         12.9  tests/requirement/test_linking.py::test_the_pre_link_obligations_are_persisted_in_the_review_state
         12.10  tests/requirement/test_linking.py::test_the_same_derived_obligations_produce_the_same_links
         12.11  tests/requirement/test_linking.py::test_the_two_stages_are_separately_readable_from_the_stored_review
         12.12  tests/requirement/test_linking.py::test_two_runs_over_identical_task_text_produce_identical_state_at_both_stages
         recommended test: Running the decomposition twice on identical task text yields exactly the same review-state output bytes.
           inputs:  Two invocations of the decomposition pipeline on identical task text, with the same recorded client and the same fixture set, where the test captures the exact review-state bytes produced by each invocation.
           detects: Developer changes an internal field that is not persisted in the reviewed state but leaves the serialized output identical.
           full detail: acceptance recommendation --criterion byte-identical-review-state-on-identical-input

  13. Tests issue no live model calls.
       requirements: constraint-08
       code evidence: addressed
         13.1  tests/prompts/test_corpus_mechanism.py#@@ -386,20 +386,37 @@ _APPROVED_TRANSCRIPTS = {
         13.2  tests/prompts/test_decomposition_prompt.py#@@ -0,0 +1,240 @@
         13.3  tests/prompts/test_linking_prompt.py#@@ -24,6 +24,7 @@ import pytest
       test evidence: partially supported  [tier: static]
         13.4  tests/prompts/test_corpus_mechanism.py::test_a_recorded_call_completed_against_a_provider_that_rejects_our_controls
         13.5  tests/prompts/test_corpus_mechanism.py::test_replay_needs_no_api_key
         13.6  tests/prompts/test_corpus_mechanism.py::test_the_corpus_replays_rather_than_calling_live_by_default
         13.7  tests/prompts/test_corpus_mechanism.py::test_the_prompt_corpus_replays_with_no_live_call_at_all
         13.8  tests/prompts/test_corpus_mechanism.py::test_the_prompt_quality_test_actually_consumes_a_committed_transcript
         13.9  tests/requirement/test_linking.py::test_a_single_obligation_makes_no_model_call_at_all
         13.10  tests/requirement/test_linking.py::test_the_prompt_shows_typed_fields_and_never_the_task_files_markdown
         13.11  tests/requirement/test_linking.py::test_the_response_schema_offers_no_free_text_route_to_a_link
         recommended test: Test execution completes without making any live model requests.
           inputs:  A test run that exercises the prompt/schema tests and any new assertions added for this change, with the model client instrumented so any live request would be observable even if it returns a recorded/stubbed response.
           detects: Developer makes an extra live call in a test that only checks schema or prompt contents, but the call is stubbed to return the same recorded response.
           full detail: acceptance recommendation --criterion tests-no-live-model-calls

  14. Requirement decomposition preserves the distinction between an acceptance criterion that demands a test and the behaviour that test is about.
       requirements: task-01
       code evidence: addressed
         14.1  docs/DR-232-test-demand-obligation-type.md#@@ -0,0 +1,112 @@
         14.2  src/acceptance/requirement/obligations.py#@@ -70,7 +70,8 @@ the ambiguities that need human judgment.
         14.3  src/acceptance/review_state.py#@@ -63,7 +63,20 @@ __all__ = [
         14.4  src/acceptance/requirement/linking.py#@@ -138,8 +135,30 @@ class _Verdicts(StrictResponseModel):
         14.5  tests/requirement/test_linking.py#@@ -591,3 +592,91 @@ def test_the_constrained_response_schema_is_still_a_pydantic_model():
       test evidence: strongly supported  [tier: static]
         14.6  tests/prompts/test_decomposition_prompt.py::test_a_constraint_stating_a_behaviour_is_not_given_test_framing
         14.7  tests/prompts/test_linking_prompt.py::test_a_behaviour_and_a_requirement_to_test_it_are_not_merged
         14.8  tests/requirement/test_linking.py::test_a_behaviour_and_a_demand_for_a_test_of_it_are_never_asked_about
         14.9  tests/requirement/test_linking.py::test_a_behaviour_and_a_demand_for_a_test_of_it_are_not_merged_even_if_confirmed

  15. Requirement decomposition preserves the distinction between a scope exclusion and the work the change must do.
       requirements: task-01
       code evidence: addressed
         15.1  src/acceptance/requirement/obligations.py#@@ -158,11 +194,37 @@ reference genuinely leaves you unable to tell WHAT is required — not merely
         15.2  docs/DEFERRED.md#@@ -150,4 +150,107 @@ Severity: `blocker` (an Acceptance item of the task in flight depends on it) ·
         15.3  session-state.md#@@ -12,99 +12,82 @@ Clear it out when the task lands rather than letting it accrete.
         15.4  tests/prompts/test_decomposition_prompt.py#@@ -0,0 +1,240 @@
       test evidence: strongly supported  [tier: static]
         15.5  tests/coverage/test_unrequested.py::test_archetype_8_public_interface_change_is_flagged
         15.6  tests/prompts/test_corpus_mechanism.py::test_only_the_designated_capability_uses_recorded_responses
         15.7  tests/prompts/test_decomposition_prompt.py::test_every_scope_exclusion_is_declined
         15.8  tests/requirement/test_requirement_map.py::test_every_batch_sees_the_whole_task_file_and_answers_for_its_own_share

Mandate coverage: 14 of 21 requirements yielded obligations
  1. [no_obligation] exclusion-01: Whether an obligation needs test evidence at all, which is #148.
       reason: Names whether an obligation needs test evidence as out of scope for this change.
  2. [no_obligation] exclusion-02: Assigning obligation types, which is #205.
       reason: Names assigning obligation types as out of scope for this change.
  3. [no_obligation] exclusion-03: Which open questions are raised, and what they cite, which is #206.
       reason: Names open questions and their citations as out of scope for this change.
  4. [no_obligation] exclusion-04: How finely a single requirement is split into obligations, which is #117.
       reason: Names requirement split granularity as out of scope for this change.
  5. [no_obligation] exclusion-05: - Whether obligation identifiers are stable across task-file edits, which is
  #231.
       reason: Names obligation identifier stability across task-file edits as out of scope for this change.
  6. [no_obligation] exclusion-06: Measuring how accurate decomposition is, which is #211.
       reason: Names decomposition accuracy measurement as out of scope for this change.
  7. [no_obligation] completion-01: Implementation
       reason: Names an implementation section marker with no checkable requirement.

Unrequested changes:
  (none)

Evidence limitations:
  1. Judgments are static inferences unless a higher tier is recorded; the full application was not independently executed.

Next: retrieve a criterion's full recommendation with
  acceptance recommendation --criterion <id>
