run 094ddce626d72e7f
  continuing e884fa0078cdfdce
  requirements: 2 derived, 14 carried, 3 revised; 1 decompose call(s)
  REMOVED constraint-03: - A call is answered about as many items as its answer format provides for, and a
  call asking about fewer items than that is still answered in full. (2 obligation(s) dropped)
  continue this run with: --continue 094ddce626d72e7f
Model usage by stage:
  stage                                 calls  prompt  output  cached  this run  recorded
  ------------------  -----------------------  ------  ------  ------  --------  --------
  decompose           1 (0 live / 1 replayed)   6,171     785    0.0%   $0.0000   $0.0082
  obligation linking  2 (0 live / 2 replayed)   1,679     143    0.0%   $0.0000   $0.0013
  unknown             1 (0 live / 1 replayed)     516      54    0.0%   $0.0000   $0.0006
  this run spent $0.0000 on 0 live call(s); the evidence cost $0.0101 to record (4 call(s) replayed at no cost to this run)
Requirements: 19   with obligations: 18   deliberately none: 1

[task-01] Keep each stage's answer format the same across a review run, so that a
    provider able to reuse a repeated request is offered one.
    -> keep-stage-answer-format-stable-within-run  [invariant/explicit]   (also serves constraint-01)
       Each stage's answer format stays the same across a review run.
    -> offer-reusable-request-when-provider-can-reuse  [functional/explicit]
       A provider able to reuse a repeated request is offered one.

[constraint-01] Where a stage's repeated requests share an opening long enough for the
    provider in use to reuse, every call that stage makes within one run declares the
    same answer format, whatever items that particular call asks about.
    -> keep-stage-answer-format-stable-within-run  [invariant/explicit]   (also serves task-01)
       Each stage's answer format stays the same across a review run.

[constraint-02] An answer says which item it is about, naming that item by the
    identifier the request gave it.
    -> answer-identifies-item-by-request-id  [functional/explicit]
       An answer says which item it is about, naming that item by the identifier the
       request gave it.

[constraint-03] An item a call asked about, which its answer passes over, is recorded as
    an answer not obtained.
    -> answer-passed-over-item-recorded-as-not-obtained  [functional/explicit]
       An item a call asked about, which its answer passes over, is recorded as an
       answer not obtained.

[constraint-04] An answer naming an item its call did not ask about is recorded as an
    answer not obtained, and is never read as a judgement about any item.
    -> unasked-item-answers-are-not-judgements  [functional/explicit]
       An answer naming an item its call did not ask about is recorded as an answer not
       obtained, and is never read as a judgement about any item.

[constraint-05] A conclusion that holds only if every item was judged is withheld for a
    run in which some answer was not obtained.
    -> withhold-every-item-conclusion-when-any-answer-missing  [invariant/explicit]
       A conclusion that holds only if every item was judged is withheld for a run in
       which some answer was not obtained.

[constraint-06] An identifier drawn from a set that is the same for every call of a run
    stays restricted to that set.
    -> restrict-run-wide-identifiers-to-common-set  [invariant/explicit]
       An identifier drawn from a set that is the same for every call of a run stays
       restricted to that set.

[exclusion-01] What any stage is asked, and the judgement it is asked to make.
    -> exclude-stage-asked-content-and-judgement  [regression/explicit]
       The change does not alter what any stage is asked, or the judgement it is asked
       to make.

[exclusion-02] Which stages exist, how a stage divides its work across calls, and how
    large those divisions are.
    -> exclude-stage-structure-and-call-partitioning  [regression/explicit]
       The change does not alter which stages exist, how a stage divides its work across
       calls, or how large those divisions are.

[exclusion-03] The order in which a request carries its content.
    -> exclude-request-content-order  [regression/explicit]
       The change does not alter the order in which a request carries its content.

[exclusion-04] Stabilising the answer format of calls whose shared opening is shorter
    than the shortest one the provider in use can reuse.
    -> no-stabilization-for-too-short-shared-opening  [regression/explicit]
       The change does not alter the answer format of calls whose shared opening is
       shorter than the shortest one the provider in use can reuse.

[exclusion-05] Reporting tokens, cost or reused-token share, which a run already
    reports.
    -> exclude-existing-run-reporting-metrics  [regression/explicit]
       The change does not alter reporting tokens, cost, or reused-token share, which a
       run already reports.

[exclusion-06] Model calls issued by the measurement harness, which is not part of a
    review run.
    -> exclude-measurement-harness-calls  [functional/explicit]
       The change excludes model calls issued by the measurement harness from the review
       run scope.

[completion-01] Implementation
    -- no obligation, deliberately
       The bullet is a section marker standing alone with no requirement under it.

[completion-02] A test fails when two calls of one stage, whose shared opening the
    provider in use could reuse, declare different answer formats.
    -> test-fails-on-inconsistent-answer-formats  [test_demand/explicit]
       A test fails when two calls of one stage, whose shared opening the provider in
       use could reuse, declare different answer formats.

[completion-03] A test fails when an answer naming an item its call did not ask about is
    read as a judgement about an item.
    -> test-fails-on-unasked-item-judgement  [test_demand/explicit]
       A test fails when an answer naming an item its call did not ask about is read as
       a judgement about an item.

[completion-04] A test fails when an item a call asked about is passed over by the
    answer and read as a judgement about that item.
    -> test-fails-on-underfilled-answer  [test_demand/explicit]
       A test fails when an item a call asked about is passed over by the answer and
       read as a judgement about that item.

[completion-05] A test fails when a conclusion depending on every item having been
    judged is stated for a run in which some answer was not obtained.
    -> test-fails-on-withheld-conclusion-condition  [test_demand/explicit]
       A test fails when a conclusion depending on every item having been judged is
       stated for a run in which some answer was not obtained.

[completion-06] Two recorded runs over the same input produce byte-identical review
    state and byte-identical report output.
    -> byte-identical-review-state-and-report-output  [regression/explicit]
       Two recorded runs over the same input produce byte-identical review state and
       byte-identical report output.

