Task completion: NO-MATERIAL-GAPS

Every obligation is addressed and strongly supported by discriminating tests.

Obligations:

  1. Render each test recommendation inside the block of the obligation it explains, on the test-evidence axis.
       requirements: task-01, task-02, task-04, constraint-01, constraint-02, completion-03
       code evidence: addressed
         1.1  src/acceptance/report.py#@@ -39,9 +40,17 @@ def render_report(review: Review) -> str:
         1.2  src/acceptance/report.py#@@ -75,20 +84,9 @@ def render_report(review: Review) -> str:
         1.3  src/acceptance/report.py#@@ -260,9 +258,13 @@ def _unread_block(requirement_map: RequirementMap) -> list[str]:
         1.4  tests/test_report.py#@@ -208,8 +208,53 @@ def test_open_questions_and_recommendations_are_numbered():
       test evidence: strongly supported  [tier: static]
         1.5  tests/test_report.py::test_a_recommendation_sits_under_its_own_obligation_and_no_other
         1.6  tests/test_report.py::test_open_questions_and_recommendations_are_numbered

  2. Treat a missing recommendation for a supplied weak obligation as a rejected response.
       requirements: task-04
       code evidence: addressed
         2.1  src/acceptance/coverage/recommendations.py#@@ -143,21 +143,45 @@ def recommend_tests(
         2.2  tests/coverage/test_recommendations.py#@@ -6,7 +6,10 @@ Generation is a schema-constrained model call; per the replay-first invariant
         2.3  tests/coverage/test_recommendations.py#@@ -120,3 +123,115 @@ def test_recommendation_round_trips_through_persistence():
       test evidence: strongly supported  [tier: static]
         2.4  tests/coverage/test_recommendations.py::test_a_response_skipping_a_weak_obligation_is_rejected

  3. Keep recommendations out of a standalone report section.
       requirements: task-01, constraint-03, completion-02
       code evidence: addressed
         3.1  src/acceptance/report.py#@@ -75,20 +84,9 @@ def render_report(review: Review) -> str:
         3.2  tests/test_report.py#@@ -208,8 +208,53 @@ def test_open_questions_and_recommendations_are_numbered():
       test evidence: strongly supported  [tier: static]
         3.3  tests/test_report.py::test_a_recommendation_sits_under_its_own_obligation_and_no_other
         3.4  tests/test_report.py::test_open_questions_and_recommendations_are_numbered

  4. Keep the `--criterion` retrieval line adjacent to each recommendation.
       requirements: task-02, constraint-04
       code evidence: addressed
         4.1  src/acceptance/report.py#@@ -260,9 +258,13 @@ def _unread_block(requirement_map: RequirementMap) -> list[str]:
         4.2  tests/test_report.py#@@ -208,8 +208,53 @@ def test_open_questions_and_recommendations_are_numbered():
       test evidence: strongly supported  [tier: static]
         4.3  tests/coverage/test_recommendations.py::test_weak_criterion_gets_a_fully_populated_recommendation
         4.4  tests/test_report.py::test_a_review_with_gaps_closes_by_pointing_at_the_retrieval_command
         4.5  tests/test_report.py::test_open_questions_and_recommendations_are_numbered
         4.6  tests/test_report.py::test_report_renders_each_obligation_with_both_axes_numbered

  5. Preserve the report's closing line pointing at the retrieval command.
       requirements: constraint-05
       code evidence: addressed
         5.1  tests/test_report.py#@@ -359,3 +404,51 @@ def test_a_first_review_renders_no_changes_section():
       test evidence: strongly supported  [tier: static]
         5.2  tests/test_report.py::test_a_review_with_gaps_closes_by_pointing_at_the_retrieval_command

  6. Render a recommendation for every obligation whose test evidence is below strongly supported.
       requirements: constraint-06
       code evidence: addressed
         6.1  src/acceptance/coverage/recommendations.py#@@ -143,21 +143,45 @@ def recommend_tests(
         6.2  src/acceptance/report.py#@@ -39,9 +40,17 @@ def render_report(review: Review) -> str:
       test evidence: strongly supported  [tier: static]
         6.3  tests/coverage/test_recommendations.py::test_every_weak_obligation_gets_exactly_one_recommendation
         6.4  tests/coverage/test_recommendations.py::test_weak_criterion_gets_a_fully_populated_recommendation
         6.5  tests/test_report.py::test_a_recommendation_sits_under_its_own_obligation_and_no_other
         6.6  tests/test_report.py::test_open_questions_and_recommendations_are_numbered
         6.7  tests/test_rerun.py::test_a_rerun_still_reports_a_gap_in_code_the_new_work_never_touched

  7. Render no recommendation for obligations whose test evidence is strongly supported.
       requirements: constraint-07, completion-04, completion-08
       code evidence: addressed
         (no corresponding change)
       test evidence: strongly supported  [tier: static]
         7.1  tests/coverage/test_recommendations.py::test_strongly_supported_obligations_get_no_recommendation_and_no_model_call
         7.2  tests/test_report.py::test_a_recommendation_sits_under_its_own_obligation_and_no_other

  8. Reject a response that omits a recommendation for a weak obligation supplied in the call.
       requirements: task-03, constraint-08, completion-05
       code evidence: addressed
         8.1  src/acceptance/coverage/recommendations.py#@@ -143,21 +143,45 @@ def recommend_tests(
         8.2  tests/coverage/test_recommendations.py#@@ -6,7 +6,10 @@ Generation is a schema-constrained model call; per the replay-first invariant
       test evidence: strongly supported  [tier: static]
         8.3  tests/coverage/test_recommendations.py::test_a_response_skipping_a_weak_obligation_is_rejected

  9. Reject a response that names an obligation that is not weak.
       requirements: task-03, constraint-09, completion-06
       code evidence: addressed
         9.1  src/acceptance/coverage/recommendations.py#@@ -143,21 +143,45 @@ def recommend_tests(
         9.2  tests/coverage/test_recommendations.py#@@ -6,7 +6,10 @@ Generation is a schema-constrained model call; per the replay-first invariant
       test evidence: strongly supported  [tier: static]
         9.3  tests/coverage/test_recommendations.py::test_a_duplicate_recommendation_is_rejected
         9.4  tests/coverage/test_recommendations.py::test_a_response_naming_a_non_weak_obligation_is_rejected

  10. Produce exactly one recommendation per weak obligation in a review.
       requirements: task-03, constraint-10, completion-07
       code evidence: addressed
         10.1  src/acceptance/coverage/recommendations.py#@@ -143,21 +143,45 @@ def recommend_tests(
         10.2  tests/coverage/test_recommendations.py#@@ -120,3 +123,115 @@ def test_recommendation_round_trips_through_persistence():
       test evidence: strongly supported  [tier: static]
         10.3  tests/coverage/test_recommendations.py::test_every_weak_obligation_gets_exactly_one_recommendation
         10.4  tests/test_report.py::test_open_questions_and_recommendations_are_numbered
         10.5  tests/test_rerun.py::test_a_rerun_still_reports_a_gap_in_code_the_new_work_never_touched

  11. Compute the verdict summary's weak-obligation count from the obligations themselves rather than from the recommendation list.
       requirements: task-03, constraint-11
       code evidence: addressed
         11.1  tests/test_verdict.py#@@ -138,3 +140,24 @@ def test_completion_result_round_trips_through_persistence():
       test evidence: strongly supported  [tier: static]
         11.2  tests/test_verdict.py::test_the_weak_count_is_read_off_the_obligations_not_the_recommendations

  12. Represent typed schemas as pydantic models.
       requirements: constraint-12
       code evidence: addressed
         (no corresponding change)
       test evidence: strongly supported  [tier: static]
         12.1  tests/coverage/test_recommendations.py::test_recommendation_round_trips_through_persistence
         12.2  tests/test_verdict.py::test_completion_result_round_trips_through_persistence

  13. Keep tests free of live model calls.
       requirements: constraint-13
       code evidence: addressed
         13.1  tests/support.py#@@ -33,6 +33,82 @@ def _fake_response(content: str) -> SimpleNamespace:
         13.2  tests/benchmark/degenerate_judges.py#@@ -37,7 +37,7 @@ from typing import Any
         13.3  tests/coverage/test_recommendations.py#@@ -6,7 +6,10 @@ Generation is a schema-constrained model call; per the replay-first invariant
       test evidence: strongly supported  [tier: static]
         13.4  tests/coverage/test_recommendations.py::test_strongly_supported_obligations_get_no_recommendation_and_no_model_call

  14. Make recommendation presence correspond exactly to obligations whose test evidence is below strongly supported.
       requirements: exclusion-01
       code evidence: addressed
         14.1  src/acceptance/coverage/recommendations.py#@@ -143,21 +143,45 @@ def recommend_tests(
         14.2  tests/coverage/test_recommendations.py#@@ -6,7 +6,10 @@ Generation is a schema-constrained model call; per the replay-first invariant
         14.3  tests/coverage/test_recommendations.py#@@ -120,3 +123,115 @@ def test_recommendation_round_trips_through_persistence():
       test evidence: strongly supported  [tier: static]
         14.4  tests/coverage/test_recommendations.py::test_every_weak_obligation_gets_exactly_one_recommendation
         14.5  tests/coverage/test_recommendations.py::test_strongly_supported_obligations_get_no_recommendation_and_no_model_call
         14.6  tests/coverage/test_recommendations.py::test_weak_criterion_gets_a_fully_populated_recommendation
         14.7  tests/test_report.py::test_a_recommendation_sits_under_its_own_obligation_and_no_other
         14.8  tests/test_report.py::test_open_questions_and_recommendations_are_numbered
         14.9  tests/test_rerun.py::test_a_rerun_still_reports_a_gap_in_code_the_new_work_never_touched

Mandate coverage: 25 of 30 requirements yielded obligations
  1. [no_obligation] exclusion-02: Changing the strength classifier, or what counts as weak.
       reason: This is a scope exclusion preserving the existing strength classifier and weak/strong threshold unchanged; it does not add a new checkable behavior beyond that preservation.
  2. [no_obligation] exclusion-03: Changing what a recommendation contains.
       reason: This is a scope exclusion preserving the contents of a recommendation; it does not specify a new behavior to implement.
  3. [no_obligation] exclusion-04: Retrying or repairing a rejected response.
       reason: This is a scope exclusion about recovery behavior that is not part of the requested change and adds no new checkable requirement here.
  4. [no_obligation] exclusion-05: The separate rendering of open questions and unrequested changes.
       reason: This is a scope exclusion preserving separate rendering of other sections; it does not impose a distinct new behavior for this change.
  5. [no_obligation] completion-01: Implementation
       reason: Section marker only; it contains no requirement content.

Unrequested changes:
  1. [in_service] Added a new schema-walking helper in test support and refactored the existing empty-response completion logic to use it. This is an internal test-support refactor not required by the obligations themselves.
       tests/support.py#@@ -33,6 +33,82 @@ def _fake_response(content: str) -> SimpleNamespace:
       tests/support.py#@@ -148,57 +224,6 @@ def client_dispatching(
       tests/benchmark/degenerate_judges.py#@@ -37,7 +37,7 @@ from typing import Any
       tests/benchmark/degenerate_judges.py#@@ -154,7 +154,7 @@ def degenerate_client(obligations: list[dict], *, always_strong: bool) -> ModelC
  2. [in_service] The new coverage tests assert duplicate-recommendation rejection and exact ordering/count behavior for recommendations. The obligations require rejecting missing recommendations and non-weak obligations, but do not ask for duplicate-detection behavior or these extra ordering/count assertions.
       tests/coverage/test_recommendations.py#@@ -6,7 +6,10 @@ Generation is a schema-constrained model call; per the replay-first invariant
       tests/coverage/test_recommendations.py#@@ -120,3 +123,115 @@ def test_recommendation_round_trips_through_persistence():
  3. [in_service] The report test was expanded beyond the requested placement/adjacency checks to assert exact count-based behavior and a bespoke two-obligation scenario. Those extra assertions are not explicitly required by the obligations.
       tests/test_report.py#@@ -208,8 +208,53 @@ def test_open_questions_and_recommendations_are_numbered():
       src/acceptance/report.py#@@ -39,9 +40,17 @@ def render_report(review: Review) -> str:
       src/acceptance/report.py#@@ -75,20 +84,9 @@ def render_report(review: Review) -> str:
  4. [in_service] The rerun test was changed to expect an additional recommendation (`alpha`) and includes explanatory commentary about the prior defect. The obligations require weak obligations to carry recommendations, but not this specific scenario adjustment or commentary.
       tests/test_rerun.py#@@ -687,7 +687,16 @@ def test_a_rerun_still_reports_a_gap_in_code_the_new_work_never_touched(tmp_path
  5. [in_service] The verdict test adds an `inspect` import and a new assertion about `derive_verdict`'s signature not accepting recommendations. The obligations require computing the weak-obligation count from obligations themselves, but not this signature-level assertion or extra import.
       tests/test_verdict.py#@@ -7,6 +7,8 @@ question blocks a positive verdict (#113).
       tests/test_verdict.py#@@ -138,3 +140,24 @@ def test_completion_result_round_trips_through_persistence():

Evidence limitations:
  1. No material gaps found at the achievable evidence tier — not proof of correctness. The full application was not independently executed (§3.7).

Recommended next instruction: (none)
