12,450 pairs, 127 kills, run fc5fdcb24820a37e

union, rejecting a pair only when every filter rejects it:
  code-4 both sides                 22.0%
  4-large defects, code-4 code      15.4%
  code-3 asymmetric                 14.6%
  code-3 symmetric                  14.2%
  4-large both sides                 2.1%

single filters, losing at most 0 of 127 kills:
  configuration                     description  code region
  code-3 asymmetric                       10.2%        10.6%
  code-3 symmetric                        12.3%         3.2%
  4-large both sides                       0.9%         1.3%
  code-4 both sides                       22.4%         5.9%
  4-large defects, code-4 code            17.6%         5.9%

single filters, losing at most 1 of 127 kills:
  configuration                     description  code region
  code-3 asymmetric                       14.7%        10.6%
  code-3 symmetric                        22.8%         9.1%
  4-large both sides                      27.1%         2.2%
  code-4 both sides                       22.4%         5.9%
  4-large defects, code-4 code            17.6%         5.9%

single filters, losing at most 3 of 127 kills:
  configuration                     description  code region
  code-3 asymmetric                       28.4%        16.3%
  code-3 symmetric                        36.9%        15.9%
  4-large both sides                      34.4%         4.7%
  code-4 both sides                       46.2%        11.9%
  4-large defects, code-4 code            43.8%        11.9%

models behind each configuration:
  code-3 asymmetric                defects voyage-code-3/query  code voyage-code-3/document
  code-3 symmetric                 defects voyage-code-3/None  code voyage-code-3/None
  4-large both sides               defects voyage-4-large/query  code voyage-4-large/document
  code-4 both sides                defects voyage-code-4/query  code voyage-code-4/document
  4-large defects, code-4 code     defects voyage-4-large/query  code voyage-code-4/document
