Requirements: 39   with obligations: 38   deliberately none: 1

[task-01] Re-judge a criterion's test evidence only when something that criterion
    depends on has changed, and make a changed rating justify itself. A criterion
    depends on its requirement text, the set of tests mapped to it, and the contents of
    those tests. When a review repeated over stored earlier state finds all three
    unchanged, the stored rating stands and nothing is asked of the judge. When one of
    them did change, the judge is told what the rating was and what changed, and a
    rating it moves must rest on one of the changes it was given.
    -> rejudge-only-on-dependency-change  [functional/explicit]
       Re-judge a criterion's test evidence only when something that criterion depends
       on has changed.
    -> changed-rating-justifies-itself  [invariant/explicit]
       A changed rating must rest on one of the changes it was given.

[constraint-01] A criterion whose requirement text, mapped test set and mapped test
    contents are all unchanged keeps the rating stored for it.
    -> unchanged-dependencies-keep-stored-rating  [invariant/explicit]   (also serves completion-02)
       A criterion whose requirement text, mapped test set and mapped test contents are
       all unchanged keeps the rating stored for it.

[constraint-02] Such a criterion costs no evidence-judgement model call.
    -> unchanged-dependencies-no-judge-call  [functional/explicit]   (also serves completion-03)
       A criterion whose requirement text, mapped test set and mapped test contents are
       all unchanged costs no evidence-judgement model call.

[constraint-03] A criterion whose mapped test set gained or lost a member is judged
    again.
    -> mapped-test-set-change-triggers-rejudge  [functional/explicit]
       A criterion whose mapped test set gained or lost a member is judged again.

[constraint-04] A criterion the contents of whose mapped tests changed is judged again.
    -> mapped-test-content-change-triggers-rejudge  [functional/explicit]
       A criterion the contents of whose mapped tests changed is judged again.

[constraint-05] A criterion is compared against the stored state by the contents of its
    mapped tests, not by whether a file containing one of them was touched.
    -> compare-by-mapped-test-contents-not-file-touch  [compatibility/explicit]
       A criterion is compared against the stored state by the contents of its mapped
       tests, not by whether a file containing one of them was touched.

[constraint-06] Adding a test that is not mapped to a criterion does not cause that
    criterion to be judged again.
    -> unmapped-test-does-not-trigger-rejudge  [functional/explicit]
       A criterion is re-judged only when a test added to the repository is mapped to
       that criterion.

[constraint-07] Editing a test mapped to one criterion does not change the rating of a
    criterion that test is not mapped to.
    -> mapped-test-edit-does-not-affect-other-criterion  [regression/explicit]   (also serves completion-05)
       Editing a test mapped to one criterion leaves the rating of any criterion that
       test is not mapped to unchanged.

[constraint-08] A judgement asked for a criterion that changed is given the rating
    stored for that criterion.
    -> changed-criterion-gets-stored-rating  [functional/explicit]
       A judgement requested for a changed criterion includes the stored rating for that
       criterion.

[constraint-09] A judgement asked for a criterion that changed is given the changes to
    that criterion's dependencies.
    -> changed-criterion-gets-dependency-changes  [functional/explicit]
       A judgement requested for a changed criterion includes the changes to that
       criterion's dependencies.

[constraint-10] The stored rating and the dependency changes given to a judgement are
    part of the request that judgement is recorded under.
    -> stored-rating-and-changes-recorded-with-judgement-request  [invariant/explicit]
       The stored rating and the dependency changes supplied to a judgement are recorded
       as part of the request under which that judgement is recorded.

[constraint-11] A judgement that alters a rating names one of the changes it was given.
    -> changed-rating-names-one-given-change  [functional/explicit]
       A judgement that alters a rating names one of the changes it was given.

[constraint-12] A judgement that alters a rating while naming no change it was given is
    rejected by the code that reads the judgement, rather than by the instruction that
    asked for it.
    -> reject-rating-change-without-named-change-in-reader  [error_handling/explicit]
       The code that reads a judgement rejects a rating-changing judgement that names no
       change it was given.

[constraint-13] A rejected judgement leaves the stored rating in place.
    -> rejected-judgement-keeps-stored-rating  [invariant/explicit]
       A rejected judgement leaves the stored rating in place.

[constraint-14] A rejected judgement is reported.
    -> rejected-judgement-reported  [functional/explicit]
       A rejected judgement is reported.

[constraint-15] A review with no stored earlier state judges every criterion without
    reference to any stored rating.
    -> no-stored-state-judges-all-criteria  [functional/explicit]
       A review with no stored earlier state judges every criterion without reference to
       any stored rating.

[constraint-16] A review repeated over the same stored state and the same inputs
    produces the same review state as the one before it.
    -> repeat-review-byte-identical-state  [regression/explicit]
       A review repeated over the same stored state and the same inputs produces the
       same review state as the one before it.

[constraint-17] The rule deciding whether a stored result may be carried forward is
    defined in one place that names no particular stage.
    -> single-stage-neutral-carry-forward-rule  [invariant/explicit]
       The rule deciding whether a stored result may be carried forward is defined in
       one place that names no particular stage.

[constraint-18] Decomposition and evidence judgement both carry forward through that one
    definition.
    -> decomposition-and-evidence-both-use-carry-forward-rule  [functional/explicit]
       Decomposition and evidence judgement both carry forward through that one
       definition.

[constraint-19] Moving that rule changes no obligation decomposition produces.
    -> moving-carry-forward-rule-does-not-change-decomposition-obligations  [regression/explicit]
       Moving that rule changes no obligation decomposition produces.

[exclusion-01] Partitioning the evidence-judgement request per criterion.
    -> no-per-criterion-request-partitioning  [compatibility/explicit]
       The change does not partition the evidence-judgement request per criterion.

[exclusion-02] Making the set of tests mapped to a criterion stable across runs.
    -> no-stable-mapped-test-set  [compatibility/explicit]
       The change does not make the set of tests mapped to a criterion stable across
       runs.

[exclusion-03] Whether a rating is correct on its merits.
    -> no-merits-based-rating-judgement  [human_review/explicit]
       The change does not make whether a rating is correct on its merits part of the
       judged behavior.

[exclusion-04] Which defects the judge names for a criterion it does judge.
    -> no-defect-selection-by-judge  [functional/explicit]
       The change does not alter which defects the judge names for a criterion it does
       judge.

[exclusion-05] Selecting which stored earlier state a repeated review continues.
    -> no-stored-state-selection-change  [compatibility/explicit]
       The change does not alter which stored earlier state a repeated review continues.

[exclusion-06] Which judgements other than the test-evidence rating are carried forward.
    -> exclude-carry-forward-other-judgements  [regression/explicit]
       The change does not alter which judgements other than the test-evidence rating
       are carried forward.

[completion-01] Implementation
    -- no obligation, deliberately
       The item is a section marker standing alone with no requirement under it.

[completion-02] A criterion whose requirement text, mapped test set and mapped test
    contents are unchanged keeps its stored rating.
    -> unchanged-dependencies-keep-stored-rating  [invariant/explicit]   (also serves constraint-01)
       A criterion whose requirement text, mapped test set and mapped test contents are
       all unchanged keeps the rating stored for it.

[completion-03] A criterion whose requirement text, mapped test set and mapped test
    contents are unchanged issues no evidence-judgement call.
    -> unchanged-dependencies-no-judge-call  [functional/explicit]   (also serves constraint-02)
       A criterion whose requirement text, mapped test set and mapped test contents are
       all unchanged costs no evidence-judgement model call.

[completion-04] Adding a test to a file that already holds a mapped test leaves
    unchanged the rating of a criterion whose own mapped tests were not edited.
    -> unmapped-file-addition-does-not-affect-other-criterion  [regression/explicit]
       Adding a test to a file that already holds a mapped test leaves unchanged the
       rating of a criterion whose own mapped tests were not edited.

[completion-05] Editing a test mapped to one criterion leaves every other criterion's
    rating unchanged.
    -> mapped-test-edit-does-not-affect-other-criterion  [regression/explicit]   (also serves constraint-07)
       Editing a test mapped to one criterion leaves the rating of any criterion that
       test is not mapped to unchanged.

[completion-06] A judgement asked about a changed criterion receives the stored rating
    and the changes to that criterion's dependencies.
    -> changed-criterion-gets-stored-rating-and-dependency-changes  [functional/explicit]
       A judgement asked about a changed criterion receives the stored rating and the
       changes to that criterion's dependencies.

[completion-07] A judgement that alters a rating while naming a change it was given is
    accepted.
    -> changed-rating-must-name-a-change  [functional/explicit]
       A judgement that alters a rating while naming a change it was given is accepted.

[completion-08] A judgement that alters a rating while naming no change it was given is
    rejected, and the stored rating stands.
    -> changed-rating-with-no-change-is-rejected-and-rating-stands  [error_handling/explicit]
       A judgement that alters a rating while naming no change it was given is rejected,
       and the stored rating stands.

[completion-09] A review with no stored earlier state puts no stored rating in any
    evidence-judgement request.
    -> no-stored-rating-in-requests  [functional/explicit]
       A review with no stored earlier state puts no stored rating in any evidence-
       judgement request.

[completion-10] Two reviews over the same stored state and the same inputs produce byte-
    identical review state.
    -> byte-identical-review-state-on-repeat  [regression/explicit]
       Two reviews over the same stored state and the same inputs produce byte-identical
       review state.

[completion-11] The findings recorded as correct in `tests/fixtures/rating-stability/`
    are still found.
    -> rating-stability-fixtures-still-found  [regression/explicit]
       The findings recorded as correct in `tests/fixtures/rating-stability/` are still
       found.

[completion-12] Deciding whether to carry a requirement's obligations forward and
    deciding whether to carry a criterion's rating forward run through the same code.
    -> same-code-path-for-carry-forward-decisions  [functional/explicit]
       Deciding whether to carry a requirement's obligations forward and deciding
       whether to carry a criterion's rating forward run through the same code.

[completion-13] A decomposition run over an unchanged task file naming a continued run
    still issues no decompose model call.
    -> unchanged-task-file-no-decompose-call  [regression/explicit]
       A decomposition run over an unchanged task file naming a continued run still
       issues no decompose model call.
run 3774fbcd223e7e5e
  continuing da8f2ad18aec867f
  requirements: 5 derived, 34 carried, 0 revised; 1 decompose call(s)
  continue this run with: --continue 3774fbcd223e7e5e


Unreconciled linking answers: answers contradict each other: these obligations are linked transitively but at least one pair among them was denied, so none of them were merged
  affected: changed-rating-justifies-itself, changed-rating-names-one-given-change, changed-rating-must-name-a-change
