Task completion: INCOMPLETE

3 obligation(s) with non-discriminating test evidence (no-speculative-writing, remove-stale-next-instruction-file, spec-no-longer-describes-written-file).

Obligations:

  1. Replace the written file `.acceptance/next-instruction.md` with the `acceptance recommendation --criterion <id> [--format json|text]` command surface for retrieving a criterion's recommendation on demand, defaulting to JSON.
       code evidence: addressed
         1.1  src/acceptance/cli.py#@@ -33,7 +33,9 @@ from acceptance.coverage.open_questions import apply_open_question_resolutions,
         1.2  src/acceptance/cli.py#@@ -172,26 +174,33 @@ def run_check(
         1.3  src/acceptance/cli.py#@@ -412,6 +421,23 @@ def build_parser() -> argparse.ArgumentParser:
         1.4  src/acceptance/cli.py#@@ -491,10 +517,31 @@ def main(argv: list[str] | None = None) -> int:
         1.5  src/acceptance/report.py#@@ -76,6 +76,13 @@ def render_report(review: Review) -> str:
         1.6  src/acceptance/report.py#@@ -84,75 +91,39 @@ def render_report(review: Review) -> str:
         1.7  docs/AI-Assisted-Software-Development-Review-Spec.md#@@ -71,7 +71,7 @@ Used during development, before/while preparing a PR.
         1.8  docs/AI-Assisted-Software-Development-Review-Spec.md#@@ -264,7 +264,7 @@ Recommendations are emitted in a **structured, machine-readable form** — each
         1.9  docs/AI-Assisted-Software-Development-Review-Spec.md#@@ -338,7 +338,7 @@ Show the system can independently identify meaningful completion and test-eviden
         1.10  docs/AI-Assisted-Software-Development-Review-Spec.md#@@ -439,7 +439,8 @@ Unrequested changes:
       test evidence: strongly supported  [tier: static]
         1.11  tests/test_cli.py::test_check_writes_no_instruction_file_even_when_the_review_has_gaps
         1.12  tests/test_cli.py::test_json_is_the_default_format_when_none_is_requested
         1.13  tests/test_cli.py::test_the_spec_names_the_command_the_cli_actually_accepts

  2. Keep the recommendation retrieval command surface fixed to the specified command name and arguments in the specification.
       code evidence: addressed
         2.1  src/acceptance/cli.py#@@ -412,6 +421,23 @@ def build_parser() -> argparse.ArgumentParser:
         2.2  docs/AI-Assisted-Software-Development-Review-Spec.md#@@ -264,7 +264,7 @@ Recommendations are emitted in a **structured, machine-readable form** — each
         2.3  docs/AI-Assisted-Software-Development-Review-Spec.md#@@ -439,7 +439,8 @@ Unrequested changes:
       test evidence: strongly supported  [tier: static]
         2.4  tests/test_cli.py::test_a_command_name_the_spec_does_not_document_is_rejected
         2.5  tests/test_cli.py::test_an_undocumented_format_is_rejected
         2.6  tests/test_cli.py::test_criterion_is_required
         2.7  tests/test_cli.py::test_render_decomposition_lists_obligations_and_open_questions
         2.8  tests/test_cli.py::test_the_spec_names_the_command_the_cli_actually_accepts

  3. Ensure recommendation retrieval performs no speculative writes so nothing can go stale.
       code evidence: addressed
         3.1  src/acceptance/cli.py#@@ -172,26 +174,33 @@ def run_check(
         3.2  src/acceptance/cli.py#@@ -491,10 +517,31 @@ def main(argv: list[str] | None = None) -> int:
         3.3  src/acceptance/recommendation.py#@@ -0,0 +1,87 @@
       test evidence: partially supported  [tier: static]
         3.4  tests/benchmark/test_coverage.py::test_neither_the_pipeline_nor_the_cli_writes_into_the_reviewed_repo
         3.5  tests/test_cli.py::test_check_writes_no_instruction_file_even_when_the_review_has_gaps
         3.6  tests/test_cli.py::test_retrieval_makes_no_model_call

  4. Return a recommendation from stored review state on demand without re-running the review.
       code evidence: addressed
         4.1  src/acceptance/cli.py#@@ -491,10 +517,31 @@ def main(argv: list[str] | None = None) -> int:
         4.2  src/acceptance/recommendation.py#@@ -0,0 +1,87 @@
         4.3  src/acceptance/review_store.py#@@ -37,3 +37,18 @@ class ReviewStore:
       test evidence: strongly supported  [tier: static]
         4.4  tests/test_cli.py::test_check_persists_the_review_to_the_store
         4.5  tests/test_cli.py::test_recommendation_returns_the_stored_prescription_for_a_criterion
         4.6  tests/test_cli.py::test_retrieval_makes_no_model_call
         4.7  tests/test_cli.py::test_retrieval_reads_the_named_revision_and_not_a_recomputation
         4.8  tests/test_cli.py::test_retrieval_without_a_revision_uses_the_newest_stored_review
         4.9  tests/test_cli.py::test_the_newest_review_wins_regardless_of_filename_order
         4.10  tests/test_review_store.py::test_review_round_trips_through_the_store

  5. Keep the recommendation's structured fields as discrete keys with their prose values intact.
       code evidence: addressed
         5.1  src/acceptance/recommendation.py#@@ -0,0 +1,87 @@
       test evidence: strongly supported  [tier: static]
         5.2  tests/benchmark/test_coverage.py::test_the_shared_pipeline_runs_every_stage
         5.3  tests/test_cli.py::test_recommendation_returns_the_stored_prescription_for_a_criterion
         5.4  tests/test_report.py::test_open_questions_and_recommendations_are_numbered

  6. Make the review's own output tell a reader how to obtain the recommendation detail.
       code evidence: addressed
         6.1  src/acceptance/report.py#@@ -76,6 +76,13 @@ def render_report(review: Review) -> str:
         6.2  src/acceptance/report.py#@@ -84,75 +91,39 @@ def render_report(review: Review) -> str:
       test evidence: strongly supported  [tier: static]
         6.3  tests/test_cli.py::test_check_writes_no_instruction_file_even_when_the_review_has_gaps
         6.4  tests/test_cli.py::test_render_classify_output
         6.5  tests/test_cli.py::test_report_shell_renders_all_sections_present_and_empty
         6.6  tests/test_report.py::test_multi_word_verdict_renders_as_the_16_headline
         6.7  tests/test_report.py::test_report_renders_each_obligation_with_both_axes_numbered

  7. Remove any pre-existing `.acceptance/next-instruction.md` left by an earlier version and report that it was removed.
       code evidence: addressed
         7.1  src/acceptance/cli.py#@@ -172,26 +174,33 @@ def run_check(
         7.2  src/acceptance/cli.py#@@ -491,10 +517,31 @@ def main(argv: list[str] | None = None) -> int:
         7.3  tests/test_cli.py#@@ -549,33 +543,328 @@ def test_check_writes_a_next_instruction_file_and_points_the_report_at_it(
       test evidence: partially supported  [tier: static]
         7.4  tests/benchmark/test_coverage.py::test_neither_the_pipeline_nor_the_cli_writes_into_the_reviewed_repo
         7.5  tests/test_cli.py::test_a_stale_instruction_file_is_removed_and_the_removal_reported
         7.6  tests/test_cli.py::test_the_removal_leaves_the_report_as_the_only_statement_of_status

  8. Leave the review's own output as the only statement of status when starting from a repo that already contains `.acceptance/next-instruction.md`.
       code evidence: addressed
         8.1  src/acceptance/cli.py#@@ -172,26 +174,33 @@ def run_check(
         8.2  src/acceptance/cli.py#@@ -491,10 +517,31 @@ def main(argv: list[str] | None = None) -> int:
         8.3  src/acceptance/report.py#@@ -84,75 +91,39 @@ def render_report(review: Review) -> str:
         8.4  tests/test_cli.py#@@ -549,33 +543,328 @@ def test_check_writes_a_next_instruction_file_and_points_the_report_at_it(
       test evidence: strongly supported  [tier: static]
         8.5  tests/benchmark/test_coverage.py::test_neither_the_pipeline_nor_the_cli_writes_into_the_reviewed_repo
         8.6  tests/test_cli.py::test_a_stale_instruction_file_is_removed_and_the_removal_reported
         8.7  tests/test_cli.py::test_report_shell_renders_all_sections_present_and_empty
         8.8  tests/test_cli.py::test_the_removal_leaves_the_report_as_the_only_statement_of_status

  9. Return an empty result when a criterion has no recommendation.
       code evidence: addressed
         9.1  src/acceptance/recommendation.py#@@ -0,0 +1,87 @@
         9.2  src/acceptance/cli.py#@@ -491,10 +517,31 @@ def main(argv: list[str] | None = None) -> int:
         9.3  tests/test_cli.py#@@ -549,33 +543,328 @@ def test_check_writes_a_next_instruction_file_and_points_the_report_at_it(
       test evidence: strongly supported  [tier: static]
         9.4  tests/test_cli.py::test_recommendation_for_an_unknown_criterion_is_empty_not_an_error
         9.5  tests/test_review_store.py::test_read_missing_revision_returns_none

  10. Default retrieval to the most recently stored review when the caller does not name one.
       code evidence: addressed
         10.1  src/acceptance/review_store.py#@@ -37,3 +37,18 @@ class ReviewStore:
         10.2  src/acceptance/cli.py#@@ -412,6 +421,23 @@ def build_parser() -> argparse.ArgumentParser:
         10.3  src/acceptance/cli.py#@@ -491,10 +517,31 @@ def main(argv: list[str] | None = None) -> int:
       test evidence: strongly supported  [tier: static]
         10.4  tests/test_cli.py::test_retrieval_without_a_revision_uses_the_newest_stored_review
         10.5  tests/test_cli.py::test_the_newest_review_wins_regardless_of_filename_order

  11. Produce byte-identical output for repeated retrievals over unchanged review state.
       code evidence: addressed
         11.1  src/acceptance/recommendation.py#@@ -0,0 +1,87 @@
         11.2  tests/test_cli.py#@@ -549,33 +543,328 @@ def test_check_writes_a_next_instruction_file_and_points_the_report_at_it(
       test evidence: strongly supported  [tier: static]
         11.3  tests/test_cli.py::test_retrieval_reads_the_named_revision_and_not_a_recomputation
         11.4  tests/test_cli.py::test_two_retrievals_over_unchanged_state_are_byte_identical
         11.5  tests/test_review_store.py::test_rerun_over_the_same_head_overwrites_in_place

  12. Keep the specification from describing the recommendation as a written file.
       code evidence: addressed
         12.1  docs/AI-Assisted-Software-Development-Review-Spec.md#@@ -71,7 +71,7 @@ Used during development, before/while preparing a PR.
         12.2  docs/AI-Assisted-Software-Development-Review-Spec.md#@@ -264,7 +264,7 @@ Recommendations are emitted in a **structured, machine-readable form** — each
         12.3  docs/AI-Assisted-Software-Development-Review-Spec.md#@@ -338,7 +338,7 @@ Show the system can independently identify meaningful completion and test-eviden
         12.4  docs/AI-Assisted-Software-Development-Review-Spec.md#@@ -439,7 +439,8 @@ Unrequested changes:
       test evidence: partially supported  [tier: static]
         12.5  tests/test_cli.py::test_check_writes_no_instruction_file_even_when_the_review_has_gaps
         12.6  tests/test_cli.py::test_the_spec_no_longer_names_a_written_file

Unrequested changes:
  1. [in_service] The CLI now deletes `.acceptance/next-instruction.md` during every `check` run, even when the task only required removing the old written-file mechanism and reporting the removal. That adds a new side effect on the reviewed repo beyond the retrieval command surface and stale-file cleanup requirement.
       src/acceptance/cli.py#@@ -172,26 +174,33 @@ def run_check(
       src/acceptance/cli.py#@@ -491,10 +517,31 @@ def main(argv: list[str] | None = None) -> int:
       tests/benchmark/test_coverage.py#@@ -663,32 +663,32 @@ def test_the_shared_pipeline_partitions_the_mapping_call(tmp_path):
       tests/benchmark/test_coverage.py#@@ -714,19 +714,5 @@ def test_the_shared_pipeline_writes_nothing_into_the_reviewed_repo(tmp_path):
       tests/test_cli.py#@@ -511,21 +511,15 @@ def test_check_without_a_head_reviews_the_working_tree(
       tests/test_cli.py#@@ -549,33 +543,328 @@ def test_check_writes_a_next_instruction_file_and_points_the_report_at_it(
  2. [in_service] The new `ReviewStore.latest()` implementation selects the newest review by filesystem mtime. The obligations require defaulting to the most recent stored review, but they do not require this specific internal selection strategy or the added method itself.
       src/acceptance/review_store.py#@@ -37,3 +37,18 @@ class ReviewStore:
       src/acceptance/cli.py#@@ -412,6 +421,23 @@ def build_parser() -> argparse.ArgumentParser:
       tests/test_cli.py#@@ -549,33 +543,328 @@ def test_check_writes_a_next_instruction_file_and_points_the_report_at_it(
  3. [in_service] The spec document was edited to describe the new command surface and remove file-based wording. Updating the specification text is not itself required by the functional obligations, which concern behavior and removal of the stale file, not rewriting the spec prose beyond what is necessary to keep it from describing a written file.
       docs/AI-Assisted-Software-Development-Review-Spec.md#@@ -71,7 +71,7 @@ Used during development, before/while preparing a PR.
       docs/AI-Assisted-Software-Development-Review-Spec.md#@@ -264,7 +264,7 @@ Recommendations are emitted in a **structured, machine-readable form** — each
       docs/AI-Assisted-Software-Development-Review-Spec.md#@@ -338,7 +338,7 @@ Show the system can independently identify meaningful completion and test-eviden
       docs/AI-Assisted-Software-Development-Review-Spec.md#@@ -439,7 +439,8 @@ Unrequested changes:
  4. [separable] The benchmark test was broadened from checking the pipeline/CLI write boundary to asserting the CLI no longer writes at all and that it removes a stale file. The removal assertion is requested, but the extra restructuring and new benchmark narrative around the changed boundary go beyond the stated obligations.
       tests/benchmark/test_coverage.py#@@ -663,32 +663,32 @@ def test_the_shared_pipeline_partitions_the_mapping_call(tmp_path):
       tests/benchmark/test_coverage.py#@@ -714,19 +714,5 @@ def test_the_shared_pipeline_writes_nothing_into_the_reviewed_repo(tmp_path):
  5. [in_service] `tests/test_cli.py` gained many new tests around parser rejection, default format, byte-identical output, named revision selection, and no-model-call behavior. Some retrieval tests are requested by the new command surface, but several of these specific cases are not explicitly required by the obligations and appear to be additional coverage.
       tests/test_cli.py#@@ -511,21 +511,15 @@ def test_check_without_a_head_reviews_the_working_tree(
       tests/test_cli.py#@@ -549,33 +543,328 @@ def test_check_writes_a_next_instruction_file_and_points_the_report_at_it(
  6. [in_service] `tests/test_report.py` was heavily pruned and rewritten to assert the new command pointer and remove the old next-instruction rendering tests. The obligation requires discoverable retrieval in review output and removing file-based wording, but the wholesale deletion of the prior render-next-instruction test suite is broader than necessary and not directly called for.
       tests/test_report.py#@@ -17,9 +17,8 @@ from acceptance.review_state import (
       tests/test_report.py#@@ -88,7 +87,6 @@ def test_report_renders_each_obligation_with_both_axes_numbered():
       tests/test_report.py#@@ -109,7 +107,10 @@ def test_report_renders_each_obligation_with_both_axes_numbered():
       tests/test_report.py#@@ -268,192 +269,6 @@ def test_the_two_axes_render_independently_for_the_same_obligation():

Changes since 7de7d718:
  closed:
    - Return a recommendation from stored review state on demand without re-running the review.
        code evidence: addressed -> addressed
        test evidence: partially supported -> strongly supported
    - Default retrieval to the most recently stored review when the caller does not name one.
        code evidence: addressed -> addressed
        test evidence: nominally supported -> strongly supported
    - Produce byte-identical output for repeated retrievals over unchanged review state.
        code evidence: addressed -> addressed
        test evidence: partially supported -> strongly supported
  moved:
    - Ensure recommendation retrieval performs no speculative writes so nothing can go stale.
        test evidence: strongly supported -> partially supported
    - Remove any pre-existing `.acceptance/next-instruction.md` left by an earlier version and report that it was removed.
        test evidence: strongly supported -> partially supported

Open questions:
  1. [resolved] What exact output shape should `acceptance recommendation --criterion <id> [--format json|text]` use for JSON and text modes, including field names, ordering, and whether empty results are represented as `null`, `{}`, or another form?
       The diff adds a dedicated recommendation renderer that defines both formats. JSON is produced by `render_json()` using the fixed `_FIELDS` set and `canonical_json`, with empty results rendered as `{}`. Text is produced by `render_text()`, starting with `Criterion: ...` and then emitting the remaining fields in `_FIELDS` order with list values expanded as bullet lines. The CLI wires `--format` to this renderer and defaults to JSON.

Recommended tests:
  1. Running recommendation retrieval does not create or update any recommendation file or other speculative artifact.
       inputs:  Use a review state that contains a real recommendation and invoke the on-demand retrieval command (`acceptance recommendation --criterion <id>`) against an existing stored review, while also arranging a repo snapshot before and after the command. The input must be a repo/store state where a correct implementation only reads stored review data, but the defect would cause a new file or other repo mutation to appear.
       detects: Retrieval makes a model call or otherwise indirectly mutates repo state, emitting or updating a generated recommendation file or other speculative artifact.
       full detail: acceptance recommendation --criterion no-speculative-writing
  2. A run that encounters an existing `.acceptance/next-instruction.md` deletes it and emits output indicating the removal.
       inputs:  Create a repo that already contains `.acceptance/next-instruction.md` before invoking `check`, and run `check` in the default text mode (not JSON mode). The review should be one that produces a normal completion report so the removal message is the only signal of the cleanup path.
       detects: `check` deletes the stale file and reports it only when running in JSON mode, leaving the text-mode path unchanged.
       full detail: acceptance recommendation --criterion remove-stale-next-instruction-file
  3. The spec text refers to recommendation retrieval via command rather than describing the recommendation as a file written to disk.
       inputs:  Read the spec text and assert against the exact wording around recommendation retrieval, using the documented command surface (`acceptance recommendation --criterion <id>`) as the reference. The input must include the spec section that previously mentioned a file so the test can distinguish command-based retrieval from file-writing language.
       detects: The spec removes the file name but still frames recommendation retrieval as writing a recommendation artifact to disk.
       full detail: acceptance recommendation --criterion spec-no-longer-describes-written-file

Evidence limitations:
  1. Judgments are static inferences unless a higher tier is recorded; the full application was not independently executed.

Next: retrieve a criterion's full recommendation with
  acceptance recommendation --criterion <id>
